[INFO] [launch]: All log files can be found below /home/jetson/.ros/log/2026-07-15-11-00-13-574352-yahboom-5604
[INFO] [launch]: Default logging verbosity is set to INFO
[INFO] [mydog_state_estimator_node-1]: process started with pid [5611]
[INFO] [mydog_clearance_robust_node-2]: process started with pid [5613]
[mydog_state_estimator_node-1] [INFO] [1784084414.506121529] [mydog_state_estimator_node]: Starting IMU for state estimator...
[mydog_clearance_robust_node-2] [INFO] [1784084414.609893861] [mydog_clearance_robust_5730_node]: Loading ONNX policy: /home/jetson/mydog_ros2_ws/install/mydog_policy/share/mydog_policy/models/fanfan_clearance_robust_5730.onnx
[mydog_state_estimator_node-1] [INFO] [1784084414.664846657] [mydog_state_estimator_node]: mydog_state_estimator_node started | hz=50.0, nominal_base_height=0.293, foot_radius=0.018, legs=['FR', 'FL', 'RR', 'RL']
[mydog_state_estimator_node-1] [WARN] [1784084414.670212090] [mydog_state_estimator_node]: [STATE_FIXED_ROBUST] enabled | height_margin=0.035m, vertical_speed_threshold=0.220m/s, velocity_residual_threshold=0.300m/s, max_stance_feet=2, filter_alpha=0.35, no_stance_decay=0.85
[mydog_state_estimator_node-1] [INFO] [1784084414.694461375] [mydog_state_estimator_node]: base_lin_vel=[-0.002 -0.003  0.   ] raw=[-0.004 -0.009  0.   ] stance=[1, 0, 1, 0] height=[0.323 0.323 0.323 0.323] conf=1.00 seqA/B=16253/16253 max_age=14.0ms
[mydog_clearance_robust_node-2] [INFO] [1784084414.704770600] [mydog_clearance_robust_5730_node]: [ONNX] identity verified task=FanfanOmniClearanceRobustCfg sha256=a7dd106fb5df1385cbc3c4a0be38916f8e75506a9b2026d87e7671704a9a9b39
[mydog_clearance_robust_node-2] [WARN] [1784084414.706609873] [mydog_clearance_robust_5730_node]: [STAND_POSE_SOURCE] active=policy_default; legacy minus policy_default shown below
[mydog_clearance_robust_node-2] [ERROR] [1784084414.707250784] [mydog_clearance_robust_5730_node]: [STAND_POSE_SOURCE] real[00] motor_id=0x11 FR_hip_joint     legacy=+0.1571 policy_default=+0.0000 diff=+0.1571
[mydog_clearance_robust_node-2] [ERROR] [1784084414.707850606] [mydog_clearance_robust_5730_node]: [STAND_POSE_SOURCE] real[01] motor_id=0x12 FR_thigh_joint   legacy=+0.3491 policy_default=+0.5630 diff=-0.2139
[mydog_clearance_robust_node-2] [ERROR] [1784084414.708388698] [mydog_clearance_robust_5730_node]: [STAND_POSE_SOURCE] real[02] motor_id=0x13 FR_calf_joint    legacy=-0.7854 policy_default=-0.9500 diff=+0.1646
[mydog_clearance_robust_node-2] [ERROR] [1784084414.708982311] [mydog_clearance_robust_5730_node]: [STAND_POSE_SOURCE] real[03] motor_id=0x21 FL_hip_joint     legacy=-0.1571 policy_default=+0.0000 diff=-0.1571
[mydog_clearance_robust_node-2] [ERROR] [1784084414.709492819] [mydog_clearance_robust_5730_node]: [STAND_POSE_SOURCE] real[04] motor_id=0x22 FL_thigh_joint   legacy=-0.3491 policy_default=-0.5630 diff=+0.2139
[mydog_clearance_robust_node-2] [ERROR] [1784084414.710001214] [mydog_clearance_robust_5730_node]: [STAND_POSE_SOURCE] real[05] motor_id=0x23 FL_calf_joint    legacy=+0.7854 policy_default=+0.9500 diff=-0.1646
[mydog_clearance_robust_node-2] [ERROR] [1784084414.710505514] [mydog_clearance_robust_5730_node]: [STAND_POSE_SOURCE] real[06] motor_id=0x31 RL_hip_joint     legacy=+0.1571 policy_default=+0.0000 diff=+0.1571
[mydog_clearance_robust_node-2] [ERROR] [1784084414.711010517] [mydog_clearance_robust_5730_node]: [STAND_POSE_SOURCE] real[07] motor_id=0x32 RL_thigh_joint   legacy=-0.2269 policy_default=-0.5630 diff=+0.3361
[mydog_clearance_robust_node-2] [ERROR] [1784084414.711579650] [mydog_clearance_robust_5730_node]: [STAND_POSE_SOURCE] real[08] motor_id=0x33 RL_calf_joint    legacy=+0.3491 policy_default=+0.9500 diff=-0.6009
[mydog_clearance_robust_node-2] [ERROR] [1784084414.712091118] [mydog_clearance_robust_5730_node]: [STAND_POSE_SOURCE] real[09] motor_id=0x41 RR_hip_joint     legacy=-0.1571 policy_default=+0.0000 diff=-0.1571
[mydog_clearance_robust_node-2] [ERROR] [1784084414.712590233] [mydog_clearance_robust_5730_node]: [STAND_POSE_SOURCE] real[10] motor_id=0x42 RR_thigh_joint   legacy=+0.2269 policy_default=+0.5630 diff=-0.3361
[mydog_clearance_robust_node-2] [ERROR] [1784084414.713087876] [mydog_clearance_robust_5730_node]: [STAND_POSE_SOURCE] real[11] motor_id=0x43 RR_calf_joint    legacy=-0.3491 policy_default=-0.9500 diff=+0.6009
[mydog_clearance_robust_node-2] [WARN] [1784084414.713673521] [mydog_clearance_robust_5730_node]: Startup stand will be ramped from live feedback before ONNX control.
[mydog_clearance_robust_node-2] [INFO] [1784084414.714165756] [mydog_clearance_robust_5730_node]: Starting ObsBuilder36 with obs_dim=52...
[mydog_clearance_robust_node-2] [WARN] [1784084414.721234940] [mydog_clearance_robust_5730_node]: [PARITY_FIXED][CSV] writing 50Hz cycle log to /home/jetson/mydog_ros2_ws/log/clearance_robust_5730_powercycle_20260715_110012.csv
[mydog_clearance_robust_node-2] [INFO] [1784084414.723014085] [mydog_clearance_robust_5730_node]: [PARITY_FIXED][CSV] async writer queue=256
[mydog_clearance_robust_node-2] [INFO] [1784084414.737672272] [mydog_clearance_robust_5730_node]: base_lin_vel_source=estimator: subscribing /mydog/state_estimator for obs[0:9].
[mydog_clearance_robust_node-2] [INFO] [1784084414.741945105] [mydog_clearance_robust_5730_node]: mydog_policy_node started. hz=50.0, enable_send=True, print_only=False, debug_print_arrays=False, startup_stand_first=True, stand_pose_source=policy_default, stand_only=False, joint_probe_enable=False, joint_probe_name=, policy_enable=True, base_lin_vel_source=estimator, state_estimator_timeout_sec=0.25, action_scale=0.1, front_action_scale_mul=1.00, rear_action_scale_mul=1.00, hip/thigh/calf_mul=1.00/1.00/1.00, rear_thigh/calf_mul=1.00/1.00, thigh_action_sign=+1.0, action_leg_yaw_180=False, semantic_yaw_180=False, action_mode=pure_rl, cpg_gait=trot, cpg_freq=0.80-1.80, cpg_k_freq=3.00, cpg_standing_cmd_threshold=0.030, cpg_amp hip/thigh/calf_lift/stance=0.025/0.180/0.600/0.080, hip_balance enabled=True, stance/swing/max=0.020/0.008/0.060, signs=[-1.0, 1.0, -1.0, 1.0], cpg_zero_residual_when_standing=True, hip_gate=True stance_min=0.008 swing_max=0.035, residual_limit hip/thigh/calf=0.030/0.060/0.060, gait_phase_period=0.450, clip_action=False, action_clip_limit=1.00, max_target_rate=2.000, max_target_accel=60.000, err_limit_safety_factor=1.000, err_mul=1.00/1.20/1.40, rate_mul=1.00/1.30/1.60, accel_mul=1.00/1.30/1.60, pd_gain_source=onnx_contract, model_kp/kd_scale=1.00/1.00, kp_real=[60.0, 70.0, 70.0, 60.0, 70.0, 70.0, 60.0, 70.0, 70.0, 60.0, 70.0, 70.0], kd_real=[1.2000000476837158, 1.600000023841858, 1.600000023841858, 1.2000000476837158, 1.600000023841858, 1.600000023841858, 1.2000000476837158, 1.600000023841858, 1.600000023841858, 1.2000000476837158, 1.600000023841858, 1.600000023841858], torque_limit_nm=13.00, torque_safety_ratio=1.00, torque_safety_budget_nm=13.00, active_torque_budget_nm=13.00, velocity_ff=False, velocity_ff_scale=0.300, max_motor_vel_cmd=8.000, rear_leg_bias=False, rear_thigh_bias=+0.000, rear_calf_extend_bias=+0.000, cmd_smoothing=False
[mydog_clearance_robust_node-2] [WARN] [1784084414.744765745] [mydog_clearance_robust_5730_node]: [PARITY] active: metadata action filter, fixed-step gait phase, training gait gate, and signed post-PD torque-equivalent limiting
[mydog_clearance_robust_node-2] [INFO] [1784084414.745395999] [mydog_clearance_robust_5730_node]: [PARITY] action_filter enabled=True alpha=0.300 model_gait_period=0.450s gait_period_scale=1.000 active_gait_period=0.450s active_gait_frequency=2.222Hz phase_lead=0.000s phase_lead_cycles=0.0000 policy_hz=50.000
[mydog_clearance_robust_node-2] [WARN] [1784084414.772849100] [mydog_clearance_robust_5730_node]: [PARITY_FIXED][HARDWARE] RS01 volatile torque-limit writes accepted | real_order=[10.0, 10.0, 13.0, 10.0, 10.0, 13.0, 10.0, 10.0, 13.0, 10.0, 10.0, 13.0], index=0x700B
[mydog_clearance_robust_node-2] [WARN] [1784084414.773580509] [mydog_clearance_robust_5730_node]: [PARITY_FIXED] transactional phase/action commit enabled; failed or skipped sends freeze filter state, previous_action and gait phase.
[mydog_clearance_robust_node-2] [WARN] [1784084414.774191595] [mydog_clearance_robust_5730_node]: [PARITY_FIXED][HARDWARE] RS01 internal 0x700B torque limits configured; commands preserve q_target and t_ff=0.
[mydog_clearance_robust_node-2] [WARN] [1784084414.774784824] [mydog_clearance_robust_5730_node]: [PARITY_FIXED][SIM2REAL] model command/action/PD path is kept unchanged; extra timeout stand hold is False.
[mydog_clearance_robust_node-2] [WARN] [1784084414.778965207] [mydog_clearance_robust_5730_node]: [CLEARANCE_ROBUST_5730] exact metadata validated | task=FanfanOmniClearanceRobustCfg, gait=0.45s, feedback=[command_feedback_longitudinal_gain=0.400, command_feedback_lateral_gain=0.800, command_feedback_yaw_gain=0.250, command_feedback_heading_gain=4.000, command_feedback_heading_damping=1.000, command_feedback_diagonal_longitudinal_scale=0.600], strict_symmetry=true
[mydog_clearance_robust_node-2] [WARN] [1784084414.779814058] [mydog_clearance_robust_5730_node]: [CLEARANCE_ROBUST_5730] dynamic gait enabled | straight=-0.300, lateral=-0.420, yaw=-0.350, transition=0.90s, tilt_max=1.28x
[mydog_clearance_robust_node-2] [WARN] [1784084414.780472057] [mydog_clearance_robust_5730_node]: [CLEARANCE_ROBUST_5730] active torque limits real order=[10.0, 10.0, 13.0, 10.0, 10.0, 13.0, 10.0, 10.0, 13.0, 10.0, 10.0, 13.0] (global cap 13 Nm; model profile 10/10/13)
[mydog_clearance_robust_node-2] [ERROR] [1784084414.783512062] [mydog_clearance_robust_5730_node]: [PARITY_FIXED] policy loop error; cycle not committed: IMU/state estimator data invalid
[mydog_clearance_robust_node-2] [WARN] [1784084414.802660943] [mydog_clearance_robust_5730_node]: [PARITY_FIXED] estimator/motor snapshot mismatch: snapshot_tick_lag_a=30ms,lag_b=36ms; obs base_lin_vel zeroed=False
[mydog_clearance_robust_node-2] [WARN] [1784084414.804131248] [mydog_clearance_robust_5730_node]: [STARTUP_STAND] captured live pose; ONNX inference is locked | max_transition=0.952rad hold=0.5s ramp=12.0s send=True
[mydog_clearance_robust_node-2] [INFO] [1784084414.815255404] [mydog_clearance_robust_5730_node]: [STARTUP_STAND] stage=hold_current alpha=0.000 target_error=0.952rad tracking_error=0.000rad torque_max=0.44Nm age=11.0ms sent=True
[mydog_state_estimator_node-1] Exception in thread task_serial_receive:
[mydog_state_estimator_node-1] Traceback (most recent call last):
[mydog_state_estimator_node-1]   File "/usr/lib/python3.10/threading.py", line 1016, in _bootstrap_inner
[mydog_state_estimator_node-1]     self.run()
[mydog_state_estimator_node-1]   File "/usr/lib/python3.10/threading.py", line 953, in run
[mydog_state_estimator_node-1]     self._target(*self._args, **self._kwargs)
[mydog_state_estimator_node-1]   File "/usr/local/lib/python3.10/dist-packages/YbImuLib-1.0.0-py3.10.egg/YbImuLib/YbImuSerialLib.py", line 212, in _data_handle
[mydog_state_estimator_node-1]   File "/home/jetson/.local/lib/python3.10/site-packages/serial/serialutil.py", line 652, in read_all
[mydog_state_estimator_node-1]     return self.read(self.in_waiting)
[mydog_state_estimator_node-1]   File "/home/jetson/.local/lib/python3.10/site-packages/serial/serialposix.py", line 595, in read
[mydog_state_estimator_node-1]     raise SerialException(
[mydog_state_estimator_node-1] serial.serialutil.SerialException: device reports readiness to read but returned no data (device disconnected or multiple access on port?)
[mydog_state_estimator_node-1] [INFO] [1784084415.714702129] [mydog_state_estimator_node]: base_lin_vel=[-0.011 -0.     0.   ] raw=[ 0.01  -0.008  0.   ] stance=[1, 0, 1, 0] height=[0.324 0.324 0.324 0.325] conf=1.00 seqA/B=16353/16353 max_age=13.0ms
[mydog_clearance_robust_node-2] [INFO] [1784084415.833078829] [mydog_clearance_robust_5730_node]: [STARTUP_STAND] stage=ramp alpha=0.001 target_error=0.952rad tracking_error=0.027rad torque_max=0.42Nm age=14.0ms sent=True
[mydog_clearance_robust_node-2] [WARN] [1784084415.882398014] [mydog_clearance_robust_5730_node]: [PARITY_FIXED] estimator/motor snapshot mismatch: snapshot_tick_lag_a=40ms,lag_b=40ms; obs base_lin_vel zeroed=False
[mydog_clearance_robust_node-2] [INFO] [1784084416.582624782] [mydog_clearance_robust_5730_node]: [LOOP_RATE] hz=50.07 period_med=20.01ms p95=20.88ms max=21.53ms csv_queue=0 csv_dropped=0
[mydog_state_estimator_node-1] [INFO] [1784084416.732067555] [mydog_state_estimator_node]: base_lin_vel=[ 0.012 -0.011  0.   ] raw=[ 0.018 -0.013  0.   ] stance=[0, 0, 1, 1] height=[0.324 0.324 0.324 0.325] conf=1.00 seqA/B=16452/16452 max_age=14.0ms
[mydog_clearance_robust_node-2] [INFO] [1784084416.834104892] [mydog_clearance_robust_5730_node]: [STARTUP_STAND] stage=ramp alpha=0.017 target_error=0.951rad tracking_error=0.029rad torque_max=0.44Nm age=15.0ms sent=True
[mydog_clearance_robust_node-2] [WARN] [1784084416.908628114] [mydog_clearance_robust_5730_node]: [PARITY_FIXED] estimator/motor snapshot mismatch: snapshot_tick_lag_a=42ms,lag_b=24ms; obs base_lin_vel zeroed=False
[mydog_state_estimator_node-1] [INFO] [1784084417.733410234] [mydog_state_estimator_node]: base_lin_vel=[ 0.015 -0.002  0.   ] raw=[0.032 0.01  0.   ] stance=[0, 0, 1, 1] height=[0.324 0.324 0.324 0.325] conf=1.00 seqA/B=16553/16553 max_age=15.0ms
[mydog_clearance_robust_node-2] [INFO] [1784084417.848639711] [mydog_clearance_robust_5730_node]: [STARTUP_STAND] stage=ramp alpha=0.067 target_error=0.918rad tracking_error=0.032rad torque_max=0.29Nm age=15.0ms sent=True
[mydog_clearance_robust_node-2] [INFO] [1784084418.582055011] [mydog_clearance_robust_5730_node]: [LOOP_RATE] hz=50.00 period_med=20.00ms p95=20.65ms max=24.85ms csv_queue=0 csv_dropped=0
[mydog_state_estimator_node-1] [INFO] [1784084418.753176242] [mydog_state_estimator_node]: base_lin_vel=[-0.006  0.002  0.   ] raw=[-0.013  0.004  0.   ] stance=[0, 0, 1, 1] height=[0.324 0.324 0.324 0.325] conf=1.00 seqA/B=16654/16654 max_age=15.0ms
[mydog_clearance_robust_node-2] [INFO] [1784084418.852017722] [mydog_clearance_robust_5730_node]: [STARTUP_STAND] stage=ramp alpha=0.156 target_error=0.841rad tracking_error=0.038rad torque_max=0.40Nm age=13.0ms sent=True
[mydog_state_estimator_node-1] [INFO] [1784084419.773214362] [mydog_state_estimator_node]: base_lin_vel=[0.029 0.013 0.   ] raw=[0.066 0.021 0.   ] stance=[0, 0, 1, 1] height=[0.322 0.322 0.322 0.323] conf=1.00 seqA/B=16756/16756 max_age=14.0ms
[mydog_clearance_robust_node-2] [WARN] [1784084419.783074479] [mydog_clearance_robust_5730_node]: [PARITY_FIXED] estimator/motor snapshot mismatch: snapshot_tick_lag_a=37ms,lag_b=37ms; obs base_lin_vel zeroed=False
[mydog_clearance_robust_node-2] [INFO] [1784084419.867489164] [mydog_clearance_robust_5730_node]: [STARTUP_STAND] stage=ramp alpha=0.283 target_error=0.729rad tracking_error=0.047rad torque_max=0.50Nm age=14.0ms sent=True
[mydog_clearance_robust_node-2] [INFO] [1784084420.582975074] [mydog_clearance_robust_5730_node]: [LOOP_RATE] hz=50.00 period_med=20.01ms p95=20.60ms max=21.94ms csv_queue=0 csv_dropped=0
[mydog_state_estimator_node-1] [INFO] [1784084420.790163150] [mydog_state_estimator_node]: base_lin_vel=[ 4.358e-05 -5.589e-03  0.000e+00] raw=[0.008 0.    0.   ] stance=[0, 0, 1, 1] height=[0.319 0.319 0.319 0.32 ] conf=1.00 seqA/B=16859/16859 max_age=15.0ms
[mydog_clearance_robust_node-2] [INFO] [1784084420.869003491] [mydog_clearance_robust_5730_node]: [STARTUP_STAND] stage=ramp alpha=0.431 target_error=0.598rad tracking_error=0.056rad torque_max=0.42Nm age=14.0ms sent=True
[mydog_clearance_robust_node-2] [WARN] [1784084421.166608155] [mydog_clearance_robust_5730_node]: [PARITY_FIXED] estimator/motor snapshot mismatch: snapshot_tick_lag_a=43ms,lag_b=45ms; obs base_lin_vel zeroed=False
[mydog_state_estimator_node-1] [INFO] [1784084421.793407315] [mydog_state_estimator_node]: base_lin_vel=[0.004 0.001 0.   ] raw=[0.036 0.018 0.   ] stance=[0, 0, 1, 1] height=[0.314 0.314 0.314 0.315] conf=1.00 seqA/B=16956/16956 max_age=12.0ms
[mydog_clearance_robust_node-2] [INFO] [1784084421.870548373] [mydog_clearance_robust_5730_node]: [STARTUP_STAND] stage=ramp alpha=0.587 target_error=0.445rad tracking_error=0.052rad torque_max=0.43Nm age=14.0ms sent=True
[mydog_clearance_robust_node-2] [INFO] [1784084422.583658527] [mydog_clearance_robust_5730_node]: [LOOP_RATE] hz=49.99 period_med=20.00ms p95=20.85ms max=29.62ms csv_queue=0 csv_dropped=0
[mydog_state_estimator_node-1] [INFO] [1784084422.811686223] [mydog_state_estimator_node]: base_lin_vel=[ 0.003 -0.005  0.   ] raw=[ 0.023 -0.016  0.   ] stance=[0, 0, 1, 1] height=[0.307 0.308 0.308 0.308] conf=1.00 seqA/B=17059/17059 max_age=15.0ms
[mydog_clearance_robust_node-2] [INFO] [1784084422.872239653] [mydog_clearance_robust_5730_node]: [STARTUP_STAND] stage=ramp alpha=0.733 target_error=0.310rad tracking_error=0.056rad torque_max=0.56Nm age=15.0ms sent=True
[mydog_clearance_robust_node-2] [WARN] [1784084423.721656952] [mydog_clearance_robust_5730_node]: [PARITY_FIXED] estimator/motor snapshot mismatch: snapshot_tick_lag_a=36ms,lag_b=34ms; obs base_lin_vel zeroed=False
[mydog_state_estimator_node-1] [INFO] [1784084423.815943552] [mydog_state_estimator_node]: base_lin_vel=[0.008 0.001 0.   ] raw=[-0.006  0.007  0.   ] stance=[0, 0, 1, 1] height=[0.301 0.301 0.301 0.302] conf=1.00 seqA/B=17156/17156 max_age=15.0ms
[mydog_clearance_robust_node-2] [INFO] [1784084423.891694855] [mydog_clearance_robust_5730_node]: [STARTUP_STAND] stage=ramp alpha=0.856 target_error=0.188rad tracking_error=0.051rad torque_max=0.55Nm age=14.0ms sent=True
[mydog_clearance_robust_node-2] [INFO] [1784084424.605701423] [mydog_clearance_robust_5730_node]: [LOOP_RATE] hz=49.98 period_med=19.99ms p95=20.87ms max=21.81ms csv_queue=0 csv_dropped=0
[mydog_state_estimator_node-1] [INFO] [1784084424.832461230] [mydog_state_estimator_node]: base_lin_vel=[0.    0.002 0.   ] raw=[-0.019  0.018  0.   ] stance=[0, 1, 0, 1] height=[0.295 0.296 0.296 0.296] conf=1.00 seqA/B=17257/17257 max_age=13.0ms
[mydog_clearance_robust_node-2] [INFO] [1784084424.890460505] [mydog_clearance_robust_5730_node]: [STARTUP_STAND] stage=ramp alpha=0.941 target_error=0.094rad tracking_error=0.038rad torque_max=0.52Nm age=14.0ms sent=True
[mydog_clearance_robust_node-2] [WARN] [1784084425.082544575] [mydog_clearance_robust_5730_node]: [PARITY_FIXED] estimator/motor snapshot mismatch: snapshot_tick_lag_a=42ms,lag_b=42ms; obs base_lin_vel zeroed=False
[mydog_state_estimator_node-1] [INFO] [1784084425.834560662] [mydog_state_estimator_node]: base_lin_vel=[-0.009 -0.007  0.   ] raw=[ 0.003 -0.012  0.   ] stance=[0, 0, 1, 1] height=[0.291 0.292 0.292 0.293] conf=1.00 seqA/B=17356/17356 max_age=15.0ms
[mydog_clearance_robust_node-2] [INFO] [1784084425.896777260] [mydog_clearance_robust_5730_node]: [STARTUP_STAND] stage=ramp alpha=0.986 target_error=0.049rad tracking_error=0.039rad torque_max=0.53Nm age=14.0ms sent=True
[mydog_clearance_robust_node-2] [WARN] [1784084426.321627955] [mydog_clearance_robust_5730_node]: [PARITY_FIXED] estimator/motor snapshot mismatch: snapshot_tick_lag_a=40ms,lag_b=40ms; obs base_lin_vel zeroed=False
[mydog_clearance_robust_node-2] [INFO] [1784084426.608233497] [mydog_clearance_robust_5730_node]: [LOOP_RATE] hz=49.93 period_med=20.02ms p95=21.22ms max=22.80ms csv_queue=0 csv_dropped=0
[mydog_state_estimator_node-1] [INFO] [1784084426.853131411] [mydog_state_estimator_node]: base_lin_vel=[ 0.006 -0.012  0.   ] raw=[ 0.022 -0.019  0.   ] stance=[0, 0, 1, 1] height=[0.29  0.29  0.291 0.291] conf=1.00 seqA/B=17457/17457 max_age=13.0ms
[mydog_clearance_robust_node-2] [INFO] [1784084426.916572727] [mydog_clearance_robust_5730_node]: [STARTUP_STAND] stage=ramp alpha=1.000 target_error=0.039rad tracking_error=0.039rad torque_max=0.57Nm age=14.0ms sent=True
[mydog_state_estimator_node-1] [INFO] [1784084427.872851628] [mydog_state_estimator_node]: base_lin_vel=[-0.011 -0.004  0.   ] raw=[-0.015 -0.013  0.   ] stance=[0, 0, 1, 1] height=[0.29  0.29  0.29  0.291] conf=1.00 seqA/B=17558/17558 max_age=13.0ms
[mydog_clearance_robust_node-2] [INFO] [1784084427.930140329] [mydog_clearance_robust_5730_node]: [STARTUP_STAND] stage=settle alpha=1.000 target_error=0.039rad tracking_error=0.039rad torque_max=0.50Nm age=15.0ms sent=True
[mydog_clearance_robust_node-2] [INFO] [1784084428.622124077] [mydog_clearance_robust_5730_node]: [LOOP_RATE] hz=50.11 period_med=20.00ms p95=20.54ms max=24.45ms csv_queue=0 csv_dropped=0
[mydog_clearance_robust_node-2] [WARN] [1784084428.833650809] [mydog_clearance_robust_5730_node]: [STARTUP_STAND][READY] ONNX default pose is stable. Publish a fresh /cmd_vel to hand control to ONNX.
[mydog_clearance_robust_node-2] [INFO] [1784084428.836926618] [mydog_clearance_robust_5730_node]: [CLEARANCE_ROBUST_5730] heading anchor reset | reason=startup_stand_complete, target=-0.4330rad
[mydog_state_estimator_node-1] [INFO] [1784084428.875792223] [mydog_state_estimator_node]: base_lin_vel=[-0.009 -0.002  0.   ] raw=[-0.006 -0.005  0.   ] stance=[0, 0, 1, 1] height=[0.29  0.29  0.29  0.291] conf=1.00 seqA/B=17657/17657 max_age=14.0ms
[mydog_clearance_robust_node-2] [INFO] [1784084428.896206676] [mydog_clearance_robust_5730_node]: [PARITY_FIXED][SEND] ok | http=15.08ms spi=4.08ms frames=2 batch=True max_delta=0.050
[mydog_clearance_robust_node-2] [INFO] [1784084428.899745403] [mydog_clearance_robust_5730_node]: [PARITY_FIXED] cmd=[0.0, 0.0, 0.0] phase=0.044 raw_action_max=0.658 filtered_max=0.143 tau_raw_max=3.09Nm tau_safe_max=3.09Nm clipped=0/12 send_ok=True max_age=15.0ms
[mydog_clearance_robust_node-2] [WARN] [1784084428.902908954] [mydog_clearance_robust_5730_node]: [PARITY_FIXED] estimator/motor snapshot mismatch: snapshot_tick_lag_a=50ms,lag_b=49ms; obs base_lin_vel zeroed=False
[mydog_state_estimator_node-1] [INFO] [1784084429.892577170] [mydog_state_estimator_node]: base_lin_vel=[0.028 0.091 0.   ] raw=[0.16  0.137 0.   ] stance=[1, 1, 0, 0] height=[0.292 0.285 0.281 0.285] conf=1.00 seqA/B=17756/17756 max_age=15.0ms
[mydog_clearance_robust_node-2] [INFO] [1784084429.912187157] [mydog_clearance_robust_5730_node]: [PARITY_FIXED][SEND] ok | http=7.14ms spi=2.48ms frames=2 batch=True max_delta=0.099
[mydog_clearance_robust_node-2] [INFO] [1784084429.914445441] [mydog_clearance_robust_5730_node]: [PARITY_FIXED] cmd=[0.0, 0.0, 0.0] phase=0.311 raw_action_max=0.887 filtered_max=0.783 tau_raw_max=5.32Nm tau_safe_max=5.32Nm clipped=0/12 send_ok=True max_age=12.0ms
[mydog_clearance_robust_node-2] [WARN] [1784084429.962815418] [mydog_clearance_robust_5730_node]: [PARITY_FIXED] estimator/motor snapshot mismatch: snapshot_tick_lag_a=45ms,lag_b=45ms; obs base_lin_vel zeroed=False
[mydog_clearance_robust_node-2] [INFO] [1784084430.622227085] [mydog_clearance_robust_5730_node]: [LOOP_RATE] hz=48.99 period_med=19.99ms p95=21.21ms max=61.16ms csv_queue=0 csv_dropped=0
[mydog_state_estimator_node-1] [INFO] [1784084430.892344968] [mydog_state_estimator_node]: base_lin_vel=[-0.003 -0.013  0.   ] raw=[-0.011 -0.063  0.   ] stance=[0, 1, 1, 0] height=[0.275 0.295 0.29  0.269] conf=1.00 seqA/B=17857/17857 max_age=14.0ms
[mydog_clearance_robust_node-2] [INFO] [1784084430.911656001] [mydog_clearance_robust_5730_node]: [PARITY_FIXED][SEND] ok | http=6.69ms spi=1.74ms frames=2 batch=True max_delta=0.120
[mydog_clearance_robust_node-2] [INFO] [1784084430.932745405] [mydog_clearance_robust_5730_node]: [PARITY_FIXED] cmd=[0.0, 0.0, 0.0] phase=0.578 raw_action_max=0.634 filtered_max=0.730 tau_raw_max=6.93Nm tau_safe_max=6.93Nm clipped=0/12 send_ok=True max_age=14.0ms
[mydog_state_estimator_node-1] [INFO] [1784084431.910622971] [mydog_state_estimator_node]: base_lin_vel=[-0.081 -0.075  0.   ] raw=[-0.163 -0.078  0.   ] stance=[1, 0, 1, 0] height=[0.288 0.29  0.289 0.276] conf=1.00 seqA/B=17957/17957 max_age=15.0ms
[mydog_clearance_robust_node-2] [INFO] [1784084431.930703327] [mydog_clearance_robust_5730_node]: [PARITY_FIXED][SEND] ok | http=5.98ms spi=1.55ms frames=2 batch=True max_delta=0.090
[mydog_clearance_robust_node-2] [INFO] [1784084431.955885639] [mydog_clearance_robust_5730_node]: [PARITY_FIXED] cmd=[0.0, 0.0, 0.0] phase=0.844 raw_action_max=0.891 filtered_max=0.767 tau_raw_max=5.95Nm tau_safe_max=5.95Nm clipped=0/12 send_ok=True max_age=11.0ms
[mydog_clearance_robust_node-2] [WARN] [1784084432.621584567] [mydog_clearance_robust_5730_node]: [PARITY_FIXED] estimator/motor snapshot mismatch: snapshot_tick_lag_a=42ms,lag_b=40ms; obs base_lin_vel zeroed=False
[mydog_clearance_robust_node-2] [INFO] [1784084432.641797114] [mydog_clearance_robust_5730_node]: [LOOP_RATE] hz=50.01 period_med=20.00ms p95=20.72ms max=22.94ms csv_queue=0 csv_dropped=0
[mydog_state_estimator_node-1] [INFO] [1784084432.929652623] [mydog_state_estimator_node]: base_lin_vel=[-0.003  0.028  0.   ] raw=[-0.039  0.008  0.   ] stance=[1, 0, 0, 1] height=[0.298 0.276 0.275 0.287] conf=1.00 seqA/B=18058/18058 max_age=15.0ms
[mydog_clearance_robust_node-2] [INFO] [1784084432.934230119] [mydog_clearance_robust_5730_node]: [PARITY_FIXED][SEND] ok | http=7.67ms spi=2.65ms frames=2 batch=True max_delta=0.135
[mydog_clearance_robust_node-2] [INFO] [1784084432.973199891] [mydog_clearance_robust_5730_node]: [PARITY_FIXED] cmd=[0.0, 0.0, 0.0] phase=0.111 raw_action_max=0.665 filtered_max=0.637 tau_raw_max=7.32Nm tau_safe_max=7.32Nm clipped=0/12 send_ok=True max_age=14.0ms
[mydog_state_estimator_node-1] [INFO] [1784084433.930503391] [mydog_state_estimator_node]: base_lin_vel=[-0.037  0.052  0.   ] raw=[-0.004  0.181  0.   ] stance=[0, 1, 0, 0] height=[0.288 0.29  0.281 0.284] conf=0.50 seqA/B=18159/18159 max_age=13.0ms
[mydog_clearance_robust_node-2] [INFO] [1784084433.936060105] [mydog_clearance_robust_5730_node]: [PARITY_FIXED][SEND] ok | http=11.87ms spi=3.73ms frames=2 batch=True max_delta=0.122
[mydog_clearance_robust_node-2] [INFO] [1784084433.975585305] [mydog_clearance_robust_5730_node]: [PARITY_FIXED] cmd=[0.0, 0.0, 0.0] phase=0.333 raw_action_max=0.846 filtered_max=0.767 tau_raw_max=3.25Nm tau_safe_max=3.25Nm clipped=0/12 send_ok=True max_age=12.0ms
[mydog_clearance_robust_node-2] [INFO] [1784084434.643048558] [mydog_clearance_robust_5730_node]: [LOOP_RATE] hz=50.00 period_med=20.00ms p95=20.47ms max=21.35ms csv_queue=0 csv_dropped=0
[mydog_state_estimator_node-1] [INFO] [1784084434.950638297] [mydog_state_estimator_node]: base_lin_vel=[-0.01  -0.002  0.   ] raw=[ 0.06  -0.026  0.   ] stance=[0, 1, 1, 0] height=[0.277 0.296 0.289 0.27 ] conf=1.00 seqA/B=18260/18260 max_age=14.0ms
[mydog_clearance_robust_node-2] [INFO] [1784084434.951669293] [mydog_clearance_robust_5730_node]: [PARITY_FIXED][SEND] ok | http=6.66ms spi=1.67ms frames=2 batch=True max_delta=0.109
[mydog_clearance_robust_node-2] [INFO] [1784084434.992698387] [mydog_clearance_robust_5730_node]: [PARITY_FIXED] cmd=[0.0, 0.0, 0.0] phase=0.600 raw_action_max=0.704 filtered_max=0.685 tau_raw_max=6.74Nm tau_safe_max=6.74Nm clipped=0/12 send_ok=True max_age=14.0ms
[mydog_clearance_robust_node-2] [INFO] [1784084435.952501401] [mydog_clearance_robust_5730_node]: [PARITY_FIXED][SEND] ok | http=7.36ms spi=2.08ms frames=2 batch=True max_delta=0.128
[mydog_state_estimator_node-1] [INFO] [1784084435.969388693] [mydog_state_estimator_node]: base_lin_vel=[-0.062 -0.094  0.   ] raw=[-0.11  -0.184  0.   ] stance=[1, 0, 0, 0] height=[0.288 0.289 0.287 0.279] conf=0.50 seqA/B=18360/18360 max_age=13.0ms
[mydog_clearance_robust_node-2] [INFO] [1784084435.998921149] [mydog_clearance_robust_5730_node]: [PARITY_FIXED] cmd=[0.0, 0.0, 0.0] phase=0.822 raw_action_max=0.868 filtered_max=0.748 tau_raw_max=5.92Nm tau_safe_max=5.92Nm clipped=0/12 send_ok=True max_age=13.0ms
[mydog_clearance_robust_node-2] [WARN] [1784084436.024977441] [mydog_clearance_robust_5730_node]: [PARITY_FIXED] estimator/motor snapshot mismatch: snapshot_tick_lag_a=63ms,lag_b=62ms; obs base_lin_vel zeroed=False
[mydog_clearance_robust_node-2] [INFO] [1784084436.661654853] [mydog_clearance_robust_5730_node]: [LOOP_RATE] hz=50.00 period_med=20.00ms p95=20.86ms max=22.28ms csv_queue=0 csv_dropped=0
[mydog_clearance_robust_node-2] [INFO] [1784084436.956630213] [mydog_clearance_robust_5730_node]: [PARITY_FIXED][SEND] ok | http=10.10ms spi=1.96ms frames=2 batch=True max_delta=0.110
[mydog_state_estimator_node-1] [INFO] [1784084436.971524505] [mydog_state_estimator_node]: base_lin_vel=[-0.091 -0.067  0.   ] raw=[-0.165  0.029  0.   ] stance=[1, 0, 0, 1] height=[0.296 0.277 0.275 0.287] conf=1.00 seqA/B=18459/18459 max_age=14.0ms
[mydog_clearance_robust_node-2] [INFO] [1784084437.015266403] [mydog_clearance_robust_5730_node]: [PARITY_FIXED] cmd=[0.0, 0.0, 0.0] phase=0.089 raw_action_max=0.724 filtered_max=0.664 tau_raw_max=7.21Nm tau_safe_max=7.21Nm clipped=0/12 send_ok=True max_age=14.0ms
[mydog_clearance_robust_node-2] [WARN] [1784084437.204054132] [mydog_clearance_robust_5730_node]: [PARITY_FIXED] estimator/motor snapshot mismatch: snapshot_tick_lag_a=42ms,lag_b=42ms; obs base_lin_vel zeroed=False
[mydog_clearance_robust_node-2] [INFO] [1784084437.970698381] [mydog_clearance_robust_5730_node]: [PARITY_FIXED][SEND] ok | http=5.85ms spi=1.57ms frames=2 batch=True max_delta=0.139
[mydog_state_estimator_node-1] [INFO] [1784084437.989865102] [mydog_state_estimator_node]: base_lin_vel=[-0.009  0.043  0.   ] raw=[0.045 0.174 0.   ] stance=[0, 1, 0, 0] height=[0.293 0.285 0.284 0.283] conf=0.50 seqA/B=18561/18561 max_age=15.0ms
[mydog_clearance_robust_node-2] [INFO] [1784084438.038845294] [mydog_clearance_robust_5730_node]: [PARITY_FIXED] cmd=[0.0, 0.0, 0.0] phase=0.356 raw_action_max=0.924 filtered_max=0.886 tau_raw_max=4.11Nm tau_safe_max=4.11Nm clipped=0/12 send_ok=True max_age=14.0ms
[mydog_clearance_robust_node-2] [WARN] [1784084438.464140190] [mydog_clearance_robust_5730_node]: [PARITY_FIXED] estimator/motor snapshot mismatch: snapshot_tick_lag_a=40ms,lag_b=40ms; obs base_lin_vel zeroed=False
[mydog_clearance_robust_node-2] [INFO] [1784084438.683968745] [mydog_clearance_robust_5730_node]: [LOOP_RATE] hz=49.99 period_med=20.00ms p95=21.04ms max=23.87ms csv_queue=0 csv_dropped=0
[mydog_clearance_robust_node-2] [INFO] [1784084438.975561330] [mydog_clearance_robust_5730_node]: [PARITY_FIXED][SEND] ok | http=10.94ms spi=2.49ms frames=2 batch=True max_delta=0.043
[mydog_state_estimator_node-1] [INFO] [1784084438.991320817] [mydog_state_estimator_node]: base_lin_vel=[-0.071  0.01   0.   ] raw=[-0.016 -0.031  0.   ] stance=[0, 1, 1, 0] height=[0.277 0.294 0.289 0.268] conf=1.00 seqA/B=18660/18660 max_age=15.0ms
[mydog_clearance_robust_node-2] [INFO] [1784084439.054133060] [mydog_clearance_robust_5730_node]: [PARITY_FIXED] cmd=[0.0, 0.0, 0.0] phase=0.622 raw_action_max=0.707 filtered_max=0.627 tau_raw_max=7.46Nm tau_safe_max=7.46Nm clipped=0/12 send_ok=True max_age=14.0ms
[mydog_clearance_robust_node-2] [INFO] [1784084439.993431243] [mydog_clearance_robust_5730_node]: [PARITY_FIXED][SEND] ok | http=7.77ms spi=1.54ms frames=2 batch=True max_delta=0.156
[mydog_state_estimator_node-1] [INFO] [1784084440.010195353] [mydog_state_estimator_node]: base_lin_vel=[ 0.022 -0.042  0.   ] raw=[-0.079  0.009  0.   ] stance=[0, 1, 1, 0] height=[0.285 0.289 0.289 0.277] conf=1.00 seqA/B=18762/18762 max_age=14.0ms
[mydog_clearance_robust_node-2] [INFO] [1784084440.053973579] [mydog_clearance_robust_5730_node]: [PARITY_FIXED] cmd=[0.0, 0.0, 0.0] phase=0.844 raw_action_max=0.902 filtered_max=0.786 tau_raw_max=8.09Nm tau_safe_max=8.09Nm clipped=0/12 send_ok=True max_age=15.0ms
[mydog_clearance_robust_node-2] [INFO] [1784084440.701948699] [mydog_clearance_robust_5730_node]: [LOOP_RATE] hz=50.00 period_med=20.00ms p95=20.39ms max=23.25ms csv_queue=0 csv_dropped=0
[mydog_clearance_robust_node-2] [INFO] [1784084440.993654703] [mydog_clearance_robust_5730_node]: [PARITY_FIXED][SEND] ok | http=8.04ms spi=1.54ms frames=2 batch=True max_delta=0.075
[mydog_state_estimator_node-1] [INFO] [1784084441.030797510] [mydog_state_estimator_node]: base_lin_vel=[-0.073 -0.029  0.   ] raw=[-0.091 -0.004  0.   ] stance=[1, 0, 0, 1] height=[0.296 0.277 0.275 0.286] conf=1.00 seqA/B=18861/18861 max_age=15.0ms
[mydog_clearance_robust_node-2] [INFO] [1784084441.057862248] [mydog_clearance_robust_5730_node]: [PARITY_FIXED] cmd=[0.0, 0.0, 0.0] phase=0.067 raw_action_max=0.647 filtered_max=0.705 tau_raw_max=7.95Nm tau_safe_max=7.95Nm clipped=0/12 send_ok=True max_age=15.0ms
[mydog_clearance_robust_node-2] [WARN] [1784084441.162762324] [mydog_clearance_robust_5730_node]: [PARITY_FIXED] estimator/motor snapshot mismatch: snapshot_tick_lag_a=38ms,lag_b=39ms; obs base_lin_vel zeroed=False
[mydog_clearance_robust_node-2] [INFO] [1784084441.994038278] [mydog_clearance_robust_5730_node]: [PARITY_FIXED][SEND] ok | http=6.96ms spi=1.37ms frames=2 batch=True max_delta=0.165
[mydog_state_estimator_node-1] [INFO] [1784084442.049087572] [mydog_state_estimator_node]: base_lin_vel=[0.065 0.092 0.   ] raw=[0.229 0.178 0.   ] stance=[1, 1, 0, 0] height=[0.291 0.286 0.285 0.281] conf=1.00 seqA/B=18964/18964 max_age=13.0ms
[mydog_clearance_robust_node-2] [INFO] [1784084442.074831963] [mydog_clearance_robust_5730_node]: [PARITY_FIXED] cmd=[0.0, 0.0, 0.0] phase=0.333 raw_action_max=0.872 filtered_max=0.831 tau_raw_max=6.59Nm tau_safe_max=6.59Nm clipped=0/12 send_ok=True max_age=13.0ms
[mydog_clearance_robust_node-2] [INFO] [1784084442.721701405] [mydog_clearance_robust_5730_node]: [LOOP_RATE] hz=50.01 period_med=20.00ms p95=20.91ms max=31.37ms csv_queue=0 csv_dropped=0
[mydog_clearance_robust_node-2] [WARN] [1784084442.961182436] [mydog_clearance_robust_5730_node]: [PARITY_FIXED] estimator/motor snapshot mismatch: snapshot_tick_lag_a=36ms,lag_b=36ms; obs base_lin_vel zeroed=False
[mydog_clearance_robust_node-2] [INFO] [1784084443.014820277] [mydog_clearance_robust_5730_node]: [PARITY_FIXED][SEND] ok | http=9.70ms spi=1.33ms frames=2 batch=True max_delta=0.051
[mydog_state_estimator_node-1] [INFO] [1784084443.051513113] [mydog_state_estimator_node]: base_lin_vel=[-0.011  0.001  0.   ] raw=[-0.011 -0.053  0.   ] stance=[0, 1, 1, 0] height=[0.276 0.295 0.291 0.267] conf=1.00 seqA/B=19065/19065 max_age=14.0ms
[mydog_clearance_robust_node-2] [INFO] [1784084443.092142785] [mydog_clearance_robust_5730_node]: [PARITY_FIXED] cmd=[0.0, 0.0, 0.0] phase=0.600 raw_action_max=0.658 filtered_max=0.664 tau_raw_max=7.39Nm tau_safe_max=7.39Nm clipped=0/12 send_ok=True max_age=14.0ms
[mydog_clearance_robust_node-2] [INFO] [1784084444.032717952] [mydog_clearance_robust_5730_node]: [PARITY_FIXED][SEND] ok | http=7.40ms spi=1.65ms frames=2 batch=True max_delta=0.126
[mydog_state_estimator_node-1] [INFO] [1784084444.070152203] [mydog_state_estimator_node]: base_lin_vel=[-0.085 -0.067  0.   ] raw=[-0.059 -0.043  0.   ] stance=[1, 0, 1, 0] height=[0.289 0.289 0.285 0.279] conf=1.00 seqA/B=19164/19164 max_age=14.0ms
[mydog_clearance_robust_node-2] [INFO] [1784084444.095089340] [mydog_clearance_robust_5730_node]: [PARITY_FIXED] cmd=[0.0, 0.0, 0.0] phase=0.822 raw_action_max=0.857 filtered_max=0.757 tau_raw_max=4.07Nm tau_safe_max=4.07Nm clipped=0/12 send_ok=True max_age=14.0ms
[mydog_clearance_robust_node-2] [WARN] [1784084444.301353342] [mydog_clearance_robust_5730_node]: [PARITY_FIXED] estimator/motor snapshot mismatch: snapshot_tick_lag_a=41ms,lag_b=41ms; obs base_lin_vel zeroed=False
[mydog_clearance_robust_node-2] [INFO] [1784084444.741545540] [mydog_clearance_robust_5730_node]: [LOOP_RATE] hz=50.00 period_med=19.98ms p95=21.79ms max=23.62ms csv_queue=0 csv_dropped=0
[mydog_clearance_robust_node-2] [INFO] [1784084445.035127888] [mydog_clearance_robust_5730_node]: [PARITY_FIXED][SEND] ok | http=9.64ms spi=2.62ms frames=2 batch=True max_delta=0.071
[mydog_state_estimator_node-1] [INFO] [1784084445.071538436] [mydog_state_estimator_node]: base_lin_vel=[-0.04   0.007  0.   ] raw=[-0.07   0.017  0.   ] stance=[1, 0, 0, 1] height=[0.298 0.276 0.276 0.286] conf=1.00 seqA/B=19263/19263 max_age=14.0ms
[mydog_clearance_robust_node-2] [INFO] [1784084445.098226737] [mydog_clearance_robust_5730_node]: [PARITY_FIXED] cmd=[0.0, 0.0, 0.0] phase=0.044 raw_action_max=0.713 filtered_max=0.801 tau_raw_max=6.52Nm tau_safe_max=6.52Nm clipped=0/12 send_ok=True max_age=14.0ms
[mydog_clearance_robust_node-2] [WARN] [1784084445.381472551] [mydog_clearance_robust_5730_node]: [PARITY_FIXED] estimator/motor snapshot mismatch: snapshot_tick_lag_a=39ms,lag_b=39ms; obs base_lin_vel zeroed=False
[mydog_clearance_robust_node-2] [INFO] [1784084446.050168241] [mydog_clearance_robust_5730_node]: [PARITY_FIXED][SEND] ok | http=5.40ms spi=1.42ms frames=2 batch=True max_delta=0.164
[mydog_state_estimator_node-1] [INFO] [1784084446.089785783] [mydog_state_estimator_node]: base_lin_vel=[0.131 0.049 0.   ] raw=[0.172 0.076 0.   ] stance=[1, 0, 0, 1] height=[0.29  0.287 0.281 0.285] conf=1.00 seqA/B=19365/19365 max_age=15.0ms
[mydog_clearance_robust_node-2] [INFO] [1784084446.114582751] [mydog_clearance_robust_5730_node]: [PARITY_FIXED] cmd=[0.0, 0.0, 0.0] phase=0.311 raw_action_max=0.890 filtered_max=0.782 tau_raw_max=5.71Nm tau_safe_max=5.71Nm clipped=0/12 send_ok=True max_age=15.0ms
[mydog_clearance_robust_node-2] [INFO] [1784084446.741435530] [mydog_clearance_robust_5730_node]: [LOOP_RATE] hz=50.00 period_med=20.01ms p95=20.81ms max=23.16ms csv_queue=0 csv_dropped=0
[mydog_clearance_robust_node-2] [INFO] [1784084447.052935288] [mydog_clearance_robust_5730_node]: [PARITY_FIXED][SEND] ok | http=7.86ms spi=2.97ms frames=2 batch=True max_delta=0.058
[mydog_state_estimator_node-1] [INFO] [1784084447.090299410] [mydog_state_estimator_node]: base_lin_vel=[ 0.026 -0.007  0.   ] raw=[ 0.02  -0.035  0.   ] stance=[0, 1, 1, 0] height=[0.275 0.295 0.291 0.268] conf=1.00 seqA/B=19466/19466 max_age=14.0ms
[mydog_clearance_robust_node-2] [INFO] [1784084447.135705237] [mydog_clearance_robust_5730_node]: [PARITY_FIXED] cmd=[0.0, 0.0, 0.0] phase=0.578 raw_action_max=0.634 filtered_max=0.753 tau_raw_max=7.02Nm tau_safe_max=7.02Nm clipped=0/12 send_ok=True max_age=14.0ms
[mydog_clearance_robust_node-2] [WARN] [1784084447.423064935] [mydog_clearance_robust_5730_node]: [PARITY_FIXED] estimator/motor snapshot mismatch: snapshot_tick_lag_a=41ms,lag_b=42ms; obs base_lin_vel zeroed=False
[mydog_clearance_robust_node-2] [INFO] [1784084448.055423190] [mydog_clearance_robust_5730_node]: [PARITY_FIXED][SEND] ok | http=9.30ms spi=3.18ms frames=2 batch=True max_delta=0.132
[mydog_state_estimator_node-1] [INFO] [1784084448.109992557] [mydog_state_estimator_node]: base_lin_vel=[ 0.151 -0.053  0.   ] raw=[ 0.216 -0.029  0.   ] stance=[0, 1, 1, 0] height=[0.286 0.29  0.289 0.276] conf=1.00 seqA/B=19565/19565 max_age=14.0ms
[mydog_clearance_robust_node-2] [INFO] [1784084448.158947527] [mydog_clearance_robust_5730_node]: [PARITY_FIXED] cmd=[0.0, 0.0, 0.0] phase=0.844 raw_action_max=0.863 filtered_max=0.789 tau_raw_max=4.81Nm tau_safe_max=4.81Nm clipped=0/12 send_ok=True max_age=14.0ms
[mydog_clearance_robust_node-2] [INFO] [1784084448.761544117] [mydog_clearance_robust_5730_node]: [LOOP_RATE] hz=50.00 period_med=20.00ms p95=21.06ms max=22.64ms csv_queue=0 csv_dropped=0
[mydog_clearance_robust_node-2] [INFO] [1784084449.071408436] [mydog_clearance_robust_5730_node]: [PARITY_FIXED][SEND] ok | http=6.87ms spi=1.70ms frames=2 batch=True max_delta=0.100
[mydog_state_estimator_node-1] [INFO] [1784084449.110626372] [mydog_state_estimator_node]: base_lin_vel=[-0.105 -0.007  0.   ] raw=[-0.164 -0.042  0.   ] stance=[1, 0, 0, 1] height=[0.297 0.276 0.275 0.287] conf=1.00 seqA/B=19666/19666 max_age=14.0ms
[mydog_clearance_robust_node-2] [INFO] [1784084449.175141051] [mydog_clearance_robust_5730_node]: [PARITY_FIXED] cmd=[0.0, 0.0, 0.0] phase=0.111 raw_action_max=0.694 filtered_max=0.654 tau_raw_max=7.85Nm tau_safe_max=7.85Nm clipped=0/12 send_ok=True max_age=13.0ms
[mydog_clearance_robust_node-2] [WARN] [1784084449.902149118] [mydog_clearance_robust_5730_node]: [PARITY_FIXED] estimator/motor snapshot mismatch: snapshot_tick_lag_a=38ms,lag_b=22ms; obs base_lin_vel zeroed=False
[mydog_clearance_robust_node-2] [INFO] [1784084450.075584650] [mydog_clearance_robust_5730_node]: [PARITY_FIXED][SEND] ok | http=10.06ms spi=2.96ms frames=2 batch=True max_delta=0.114
[mydog_state_estimator_node-1] [INFO] [1784084450.131632173] [mydog_state_estimator_node]: base_lin_vel=[0.124 0.043 0.   ] raw=[0.18  0.044 0.   ] stance=[1, 0, 0, 1] height=[0.293 0.285 0.28  0.285] conf=1.00 seqA/B=19765/19765 max_age=13.0ms
[mydog_clearance_robust_node-2] [INFO] [1784084450.177839308] [mydog_clearance_robust_5730_node]: [PARITY_FIXED] cmd=[0.0, 0.0, 0.0] phase=0.333 raw_action_max=0.891 filtered_max=0.804 tau_raw_max=4.23Nm tau_safe_max=4.23Nm clipped=0/12 send_ok=True max_age=10.0ms
[mydog_clearance_robust_node-2] [INFO] [1784084450.761571305] [mydog_clearance_robust_5730_node]: [LOOP_RATE] hz=50.00 period_med=20.00ms p95=20.28ms max=20.76ms csv_queue=0 csv_dropped=0
[mydog_clearance_robust_node-2] [INFO] [1784084451.091058749] [mydog_clearance_robust_5730_node]: [PARITY_FIXED][SEND] ok | http=6.37ms spi=1.69ms frames=2 batch=True max_delta=0.065
[mydog_state_estimator_node-1] [INFO] [1784084451.149865958] [mydog_state_estimator_node]: base_lin_vel=[-0.06  -0.004  0.   ] raw=[-0.042 -0.043  0.   ] stance=[0, 1, 1, 0] height=[0.276 0.296 0.289 0.269] conf=1.00 seqA/B=19867/19867 max_age=11.0ms
[mydog_clearance_robust_node-2] [INFO] [1784084451.194285762] [mydog_clearance_robust_5730_node]: [PARITY_FIXED] cmd=[0.0, 0.0, 0.0] phase=0.600 raw_action_max=0.670 filtered_max=0.680 tau_raw_max=7.63Nm tau_safe_max=7.63Nm clipped=0/12 send_ok=True max_age=15.0ms
[mydog_clearance_robust_node-2] [WARN] [1784084451.645356621] [mydog_clearance_robust_5730_node]: [PARITY_FIXED] estimator/motor snapshot mismatch: snapshot_tick_lag_a=20ms,lag_b=41ms; obs base_lin_vel zeroed=False
[mydog_clearance_robust_node-2] [INFO] [1784084452.091776767] [mydog_clearance_robust_5730_node]: [PARITY_FIXED][SEND] ok | http=6.87ms spi=1.35ms frames=2 batch=True max_delta=0.131
[mydog_state_estimator_node-1] [INFO] [1784084452.151277581] [mydog_state_estimator_node]: base_lin_vel=[-0.017 -0.07   0.   ] raw=[-0.157 -0.085  0.   ] stance=[1, 0, 1, 0] height=[0.285 0.29  0.289 0.273] conf=1.00 seqA/B=19966/19966 max_age=14.0ms
[mydog_clearance_robust_node-2] [INFO] [1784084452.194974456] [mydog_clearance_robust_5730_node]: [PARITY_FIXED] cmd=[0.0, 0.0, 0.0] phase=0.822 raw_action_max=0.872 filtered_max=0.760 tau_raw_max=6.67Nm tau_safe_max=6.67Nm clipped=0/12 send_ok=True max_age=13.0ms
[mydog_clearance_robust_node-2] [INFO] [1784084452.784050333] [mydog_clearance_robust_5730_node]: [LOOP_RATE] hz=49.96 period_med=20.01ms p95=20.84ms max=23.18ms csv_queue=0 csv_dropped=0
[mydog_clearance_robust_node-2] [WARN] [1784084452.803865185] [mydog_clearance_robust_5730_node]: [PARITY_FIXED] estimator/motor snapshot mismatch: snapshot_tick_lag_a=43ms,lag_b=43ms; obs base_lin_vel zeroed=False
[mydog_clearance_robust_node-2] [INFO] [1784084453.094294182] [mydog_clearance_robust_5730_node]: [PARITY_FIXED][SEND] ok | http=8.23ms spi=1.93ms frames=2 batch=True max_delta=0.093
[mydog_state_estimator_node-1] [INFO] [1784084453.168928418] [mydog_state_estimator_node]: base_lin_vel=[-0.023 -0.089  0.   ] raw=[-0.079  0.03   0.   ] stance=[1, 0, 0, 1] height=[0.298 0.276 0.275 0.287] conf=1.00 seqA/B=20068/20067 max_age=14.0ms
[mydog_clearance_robust_node-2] [INFO] [1784084453.215736058] [mydog_clearance_robust_5730_node]: [PARITY_FIXED] cmd=[0.0, 0.0, 0.0] phase=0.089 raw_action_max=0.800 filtered_max=0.678 tau_raw_max=4.82Nm tau_safe_max=4.82Nm clipped=0/12 send_ok=True max_age=14.0ms
[mydog_clearance_robust_node-2] [INFO] [1784084454.094742066] [mydog_clearance_robust_5730_node]: [PARITY_FIXED][SEND] ok | http=7.18ms spi=1.59ms frames=2 batch=True max_delta=0.101
[mydog_clearance_robust_node-2] [WARN] [1784084454.123449473] [mydog_clearance_robust_5730_node]: [PARITY_FIXED] estimator/motor snapshot mismatch: snapshot_tick_lag_a=37ms,lag_b=36ms; obs base_lin_vel zeroed=False
[mydog_state_estimator_node-1] [INFO] [1784084454.170778716] [mydog_state_estimator_node]: base_lin_vel=[0.07 0.03 0.  ] raw=[0.094 0.06  0.   ] stance=[1, 0, 0, 1] height=[0.293 0.284 0.281 0.284] conf=1.00 seqA/B=20166/20166 max_age=14.0ms
[mydog_clearance_robust_node-2] [INFO] [1784084454.215041382] [mydog_clearance_robust_5730_node]: [PARITY_FIXED] cmd=[0.0, 0.0, 0.0] phase=0.311 raw_action_max=0.918 filtered_max=0.866 tau_raw_max=4.33Nm tau_safe_max=4.33Nm clipped=0/12 send_ok=True max_age=14.0ms
[mydog_clearance_robust_node-2] [INFO] [1784084454.801284338] [mydog_clearance_robust_5730_node]: [LOOP_RATE] hz=50.04 period_med=20.01ms p95=20.58ms max=22.01ms csv_queue=0 csv_dropped=0
[mydog_clearance_robust_node-2] [INFO] [1784084455.113131113] [mydog_clearance_robust_5730_node]: [PARITY_FIXED][SEND] ok | http=7.31ms spi=1.46ms frames=2 batch=True max_delta=0.108
[mydog_state_estimator_node-1] [INFO] [1784084455.174381693] [mydog_state_estimator_node]: base_lin_vel=[-0.004  0.026  0.   ] raw=[0.013 0.011 0.   ] stance=[0, 1, 1, 0] height=[0.277 0.295 0.287 0.271] conf=1.00 seqA/B=20264/20264 max_age=14.0ms
[mydog_clearance_robust_node-2] [INFO] [1784084455.218527040] [mydog_clearance_robust_5730_node]: [PARITY_FIXED] cmd=[0.0, 0.0, 0.0] phase=0.533 raw_action_max=0.703 filtered_max=0.768 tau_raw_max=7.09Nm tau_safe_max=7.09Nm clipped=0/12 send_ok=True max_age=15.0ms
[mydog_clearance_robust_node-2] [WARN] [1784084455.866560517] [mydog_clearance_robust_5730_node]: [PARITY_FIXED] estimator/motor snapshot mismatch: snapshot_tick_lag_a=41ms,lag_b=40ms; obs base_lin_vel zeroed=False
[mydog_clearance_robust_node-2] [INFO] [1784084456.134174258] [mydog_clearance_robust_5730_node]: [PARITY_FIXED][SEND] ok | http=8.88ms spi=3.59ms frames=2 batch=True max_delta=0.140
[mydog_state_estimator_node-1] [INFO] [1784084456.189815718] [mydog_state_estimator_node]: base_lin_vel=[ 0.03  -0.063  0.   ] raw=[ 0.141 -0.025  0.   ] stance=[0, 1, 1, 0] height=[0.284 0.292 0.289 0.274] conf=1.00 seqA/B=20365/20365 max_age=1.0ms
[mydog_clearance_robust_node-2] [INFO] [1784084456.237559453] [mydog_clearance_robust_5730_node]: [PARITY_FIXED] cmd=[0.0, 0.0, 0.0] phase=0.800 raw_action_max=0.904 filtered_max=0.721 tau_raw_max=5.57Nm tau_safe_max=5.57Nm clipped=0/12 send_ok=True max_age=15.0ms
[mydog_clearance_robust_node-2] [INFO] [1784084456.801399006] [mydog_clearance_robust_5730_node]: [LOOP_RATE] hz=50.00 period_med=20.00ms p95=20.74ms max=29.51ms csv_queue=0 csv_dropped=0
[mydog_clearance_robust_node-2] [WARN] [1784084457.045296893] [mydog_clearance_robust_5730_node]: [PARITY_FIXED] estimator/motor snapshot mismatch: snapshot_tick_lag_a=42ms,lag_b=42ms; obs base_lin_vel zeroed=False
[mydog_clearance_robust_node-2] [INFO] [1784084457.134243353] [mydog_clearance_robust_5730_node]: [PARITY_FIXED][SEND] ok | http=8.58ms spi=2.18ms frames=2 batch=True max_delta=0.105
[mydog_state_estimator_node-1] [INFO] [1784084457.192009225] [mydog_state_estimator_node]: base_lin_vel=[-0.047  0.015  0.   ] raw=[-1.635e-01 -1.232e-04  0.000e+00] stance=[1, 0, 0, 1] height=[0.296 0.278 0.278 0.284] conf=1.00 seqA/B=20464/20464 max_age=14.0ms
[mydog_clearance_robust_node-2] [INFO] [1784084457.255245295] [mydog_clearance_robust_5730_node]: [PARITY_FIXED] cmd=[0.0, 0.0, 0.0] phase=0.067 raw_action_max=0.620 filtered_max=0.756 tau_raw_max=6.88Nm tau_safe_max=6.88Nm clipped=0/12 send_ok=True max_age=15.0ms
[mydog_clearance_robust_node-2] [INFO] [1784084458.154638159] [mydog_clearance_robust_5730_node]: [PARITY_FIXED][SEND] ok | http=9.75ms spi=2.51ms frames=2 batch=True max_delta=0.103
[mydog_clearance_robust_node-2] [WARN] [1784084458.201241097] [mydog_clearance_robust_5730_node]: [PARITY_FIXED] estimator/motor snapshot mismatch: snapshot_tick_lag_a=37ms,lag_b=18ms; obs base_lin_vel zeroed=False
[mydog_state_estimator_node-1] [INFO] [1784084458.211108452] [mydog_state_estimator_node]: base_lin_vel=[0.084 0.025 0.   ] raw=[0.111 0.018 0.   ] stance=[1, 0, 0, 1] height=[0.294 0.283 0.279 0.286] conf=1.00 seqA/B=20567/20566 max_age=15.0ms
[mydog_clearance_robust_node-2] [INFO] [1784084458.273874299] [mydog_clearance_robust_5730_node]: [PARITY_FIXED] cmd=[0.0, 0.0, 0.0] phase=0.333 raw_action_max=0.931 filtered_max=0.845 tau_raw_max=3.92Nm tau_safe_max=3.92Nm clipped=0/12 send_ok=True max_age=13.0ms
[mydog_clearance_robust_node-2] [INFO] [1784084458.803356196] [mydog_clearance_robust_5730_node]: [LOOP_RATE] hz=50.00 period_med=20.01ms p95=20.63ms max=24.03ms csv_queue=0 csv_dropped=0
[mydog_clearance_robust_node-2] [INFO] [1784084459.158922359] [mydog_clearance_robust_5730_node]: [PARITY_FIXED][SEND] ok | http=13.47ms spi=2.97ms frames=2 batch=True max_delta=0.117
[mydog_state_estimator_node-1] [INFO] [1784084459.209999282] [mydog_state_estimator_node]: base_lin_vel=[-0.08   0.036  0.   ] raw=[-0.018  0.006  0.   ] stance=[0, 1, 1, 0] height=[0.279 0.293 0.288 0.27 ] conf=1.00 seqA/B=20666/20666 max_age=13.0ms
[mydog_clearance_robust_node-2] [INFO] [1784084459.276763553] [mydog_clearance_robust_5730_node]: [PARITY_FIXED] cmd=[0.0, 0.0, 0.0] phase=0.556 raw_action_max=0.731 filtered_max=0.782 tau_raw_max=7.04Nm tau_safe_max=7.04Nm clipped=0/12 send_ok=True max_age=12.0ms
[mydog_clearance_robust_node-2] [WARN] [1784084459.662505620] [mydog_clearance_robust_5730_node]: [PARITY_FIXED] estimator/motor snapshot mismatch: snapshot_tick_lag_a=41ms,lag_b=42ms; obs base_lin_vel zeroed=False
[mydog_clearance_robust_node-2] [INFO] [1784084460.177645265] [mydog_clearance_robust_5730_node]: [PARITY_FIXED][SEND] ok | http=6.72ms spi=2.54ms frames=2 batch=True max_delta=0.131
[mydog_state_estimator_node-1] [INFO] [1784084460.213264920] [mydog_state_estimator_node]: base_lin_vel=[ 0.016 -0.047  0.   ] raw=[-0.04  -0.142  0.   ] stance=[0, 0, 1, 0] height=[0.279 0.295 0.289 0.271] conf=0.50 seqA/B=20763/20762 max_age=13.0ms
