[mydog_clearance_robust_node-2] [INFO] [1784084510.811898426] [mydog_clearance_robust_5730_node]: [PARITY_FIXED] cmd=[0.0, 0.029999999329447746, 0.0] phase=0.178 raw_action_max=0.874 filtered_max=0.673 tau_raw_max=7.56Nm tau_safe_max=7.56Nm clipped=0/12 send_ok=True max_age=14.0ms
[mydog_clearance_robust_node-2] [INFO] [1784084510.854224812] [mydog_clearance_robust_5730_node]: [CMD] received /cmd_vel target=[0.0, 0.029999999329447746, 0.0] smoothed=[0.0, 0.029999999329447746, 0.0]
[mydog_clearance_robust_node-2] [WARN] [1784084510.901507385] [mydog_clearance_robust_5730_node]: [PARITY_FIXED] estimator/motor snapshot mismatch: snapshot_tick_lag_a=44ms,lag_b=45ms; obs base_lin_vel zeroed=False
[mydog_clearance_robust_node-2] [INFO] [1784084511.141550206] [mydog_clearance_robust_5730_node]: [LOOP_RATE] hz=49.60 period_med=20.00ms p95=23.26ms max=34.02ms csv_queue=0 csv_dropped=0
[mydog_clearance_robust_node-2] [INFO] [1784084511.693383912] [mydog_clearance_robust_5730_node]: [PARITY_FIXED][SEND] ok | http=9.32ms spi=2.13ms frames=2 batch=True max_delta=0.211
[mydog_state_estimator_node-1] [INFO] [1784084511.731311525] [mydog_state_estimator_node]: base_lin_vel=[-0.068 -0.013  0.   ] raw=[-0.123 -0.055  0.   ] stance=[0, 0, 1, 1] height=[0.291 0.283 0.283 0.284] conf=1.00 seqA/B=25875/25875 max_age=12.0ms
[mydog_clearance_robust_node-2] [INFO] [1784084511.820135415] [mydog_clearance_robust_5730_node]: [PARITY_FIXED] cmd=[0.0, 0.029999999329447746, 0.0] phase=0.400 raw_action_max=0.942 filtered_max=0.886 tau_raw_max=7.41Nm tau_safe_max=7.41Nm clipped=0/12 send_ok=True max_age=14.0ms
[mydog_clearance_robust_node-2] [INFO] [1784084511.873624810] [mydog_clearance_robust_5730_node]: [CMD] received /cmd_vel target=[0.0, 0.029999999329447746, 0.0] smoothed=[0.0, 0.029999999329447746, 0.0]
[mydog_clearance_robust_node-2] [WARN] [1784084512.085295258] [mydog_clearance_robust_5730_node]: [PARITY_FIXED] estimator/motor snapshot mismatch: snapshot_tick_lag_a=39ms,lag_b=40ms; obs base_lin_vel zeroed=False
[mydog_clearance_robust_node-2] [INFO] [1784084512.696207611] [mydog_clearance_robust_5730_node]: [PARITY_FIXED][SEND] ok | http=11.62ms spi=3.01ms frames=2 batch=True max_delta=0.343
[mydog_state_estimator_node-1] [INFO] [1784084512.748725089] [mydog_state_estimator_node]: base_lin_vel=[0.038 0.056 0.   ] raw=[0.051 0.01  0.   ] stance=[0, 1, 1, 0] height=[0.267 0.289 0.289 0.253] conf=1.00 seqA/B=25975/25975 max_age=15.0ms
[mydog_clearance_robust_node-2] [INFO] [1784084512.834435947] [mydog_clearance_robust_5730_node]: [PARITY_FIXED] cmd=[0.0, 0.029999999329447746, 0.0] phase=0.667 raw_action_max=0.816 filtered_max=0.772 tau_raw_max=14.13Nm tau_safe_max=13.00Nm clipped=1/12 send_ok=True max_age=15.0ms
[mydog_clearance_robust_node-2] [INFO] [1784084512.836176575] [mydog_clearance_robust_5730_node]: [CLEARANCE_ROBUST_5730] clearance transition reset | reason=command_transition, cmd=[0.0, 0.0, 0.0]
[mydog_clearance_robust_node-2] [INFO] [1784084512.879726076] [mydog_clearance_robust_5730_node]: [CMD] received /cmd_vel target=[0.0, 0.0, 0.0] smoothed=[0.0, 0.0, 0.0]
[mydog_clearance_robust_node-2] [WARN] [1784084513.130953133] [mydog_clearance_robust_5730_node]: [PARITY_FIXED] estimator/motor snapshot mismatch: snapshot_tick_lag_a=19ms,lag_b=37ms; obs base_lin_vel zeroed=False
[mydog_clearance_robust_node-2] [INFO] [1784084513.151724831] [mydog_clearance_robust_5730_node]: [LOOP_RATE] hz=49.77 period_med=20.01ms p95=21.86ms max=26.27ms csv_queue=0 csv_dropped=0
[mydog_clearance_robust_node-2] [INFO] [1784084513.709460729] [mydog_clearance_robust_5730_node]: [PARITY_FIXED][SEND] ok | http=5.23ms spi=1.34ms frames=2 batch=True max_delta=0.111
[mydog_state_estimator_node-1] [INFO] [1784084513.750367862] [mydog_state_estimator_node]: base_lin_vel=[ 0.086 -0.081  0.   ] raw=[ 0.121 -0.086  0.   ] stance=[0, 1, 1, 0] height=[0.284 0.289 0.286 0.272] conf=1.00 seqA/B=26075/26075 max_age=13.0ms
[mydog_clearance_robust_node-2] [INFO] [1784084513.853228259] [mydog_clearance_robust_5730_node]: [PARITY_FIXED] cmd=[0.0, 0.0, 0.0] phase=0.933 raw_action_max=0.917 filtered_max=0.798 tau_raw_max=6.95Nm tau_safe_max=6.95Nm clipped=0/12 send_ok=True max_age=15.0ms
[mydog_clearance_robust_node-2] [WARN] [1784084514.161943748] [mydog_clearance_robust_5730_node]: [PARITY_FIXED] estimator/motor snapshot mismatch: snapshot_tick_lag_a=20ms,lag_b=40ms; obs base_lin_vel zeroed=False
[mydog_clearance_robust_node-2] [INFO] [1784084514.713716896] [mydog_clearance_robust_5730_node]: [PARITY_FIXED][SEND] ok | http=8.90ms spi=2.94ms frames=2 batch=True max_delta=0.144
[mydog_state_estimator_node-1] [INFO] [1784084514.750207911] [mydog_state_estimator_node]: base_lin_vel=[ 0.047 -0.084  0.   ] raw=[-0.037 -0.086  0.   ] stance=[1, 0, 0, 1] height=[0.291 0.28  0.278 0.284] conf=1.00 seqA/B=26173/26173 max_age=15.0ms
[mydog_clearance_robust_node-2] [INFO] [1784084514.872977910] [mydog_clearance_robust_5730_node]: [PARITY_FIXED] cmd=[0.0, 0.0, 0.0] phase=0.200 raw_action_max=0.818 filtered_max=0.669 tau_raw_max=6.80Nm tau_safe_max=6.80Nm clipped=0/12 send_ok=True max_age=14.0ms
[mydog_clearance_robust_node-2] [INFO] [1784084515.161840484] [mydog_clearance_robust_5730_node]: [LOOP_RATE] hz=50.23 period_med=20.00ms p95=22.65ms max=24.63ms csv_queue=0 csv_dropped=0
[mydog_clearance_robust_node-2] [WARN] [1784084515.243822422] [mydog_clearance_robust_5730_node]: [PARITY_FIXED] estimator/motor snapshot mismatch: snapshot_tick_lag_a=43ms,lag_b=43ms; obs base_lin_vel zeroed=False
[mydog_clearance_robust_node-2] [INFO] [1784084515.715839584] [mydog_clearance_robust_5730_node]: [PARITY_FIXED][SEND] ok | http=7.80ms spi=1.41ms frames=2 batch=True max_delta=0.125
[mydog_state_estimator_node-1] [INFO] [1784084515.768826244] [mydog_state_estimator_node]: base_lin_vel=[0.065 0.044 0.   ] raw=[-0.061  0.074  0.   ] stance=[0, 1, 0, 1] height=[0.293 0.283 0.279 0.286] conf=1.00 seqA/B=26275/26275 max_age=13.0ms
[mydog_clearance_robust_node-2] [INFO] [1784084515.874536809] [mydog_clearance_robust_5730_node]: [PARITY_FIXED] cmd=[0.0, 0.0, 0.0] phase=0.422 raw_action_max=0.843 filtered_max=0.837 tau_raw_max=3.68Nm tau_safe_max=3.68Nm clipped=0/12 send_ok=True max_age=15.0ms
[mydog_clearance_robust_node-2] [WARN] [1784084516.261080013] [mydog_clearance_robust_5730_node]: [PARITY_FIXED] estimator/motor snapshot mismatch: snapshot_tick_lag_a=36ms,lag_b=36ms; obs base_lin_vel zeroed=False
[mydog_clearance_robust_node-2] [INFO] [1784084516.734988344] [mydog_clearance_robust_5730_node]: [PARITY_FIXED][SEND] ok | http=8.97ms spi=3.13ms frames=2 batch=True max_delta=0.099
[mydog_state_estimator_node-1] [INFO] [1784084516.770430928] [mydog_state_estimator_node]: base_lin_vel=[-0.051  0.08   0.   ] raw=[-0.25   0.092  0.   ] stance=[0, 1, 1, 0] height=[0.279 0.295 0.286 0.275] conf=1.00 seqA/B=26373/26373 max_age=13.0ms
[mydog_clearance_robust_node-2] [INFO] [1784084516.875640170] [mydog_clearance_robust_5730_node]: [PARITY_FIXED] cmd=[0.0, 0.0, 0.0] phase=0.644 raw_action_max=0.699 filtered_max=0.480 tau_raw_max=9.38Nm tau_safe_max=9.38Nm clipped=0/12 send_ok=True max_age=12.0ms
[mydog_clearance_robust_node-2] [INFO] [1784084517.077740699] [mydog_clearance_robust_5730_node]: [CMD] received /cmd_vel target=[0.0, -0.029999999329447746, 0.0] smoothed=[0.0, -0.029999999329447746, 0.0]
[mydog_clearance_robust_node-2] [INFO] [1784084517.078634181] [mydog_clearance_robust_5730_node]: [CLEARANCE_ROBUST_5730] heading anchor reset | reason=fresh_command_stream, target=-0.4330rad
[mydog_clearance_robust_node-2] [INFO] [1784084517.162542407] [mydog_clearance_robust_5730_node]: [LOOP_RATE] hz=49.99 period_med=20.02ms p95=21.19ms max=22.71ms csv_queue=0 csv_dropped=0
[mydog_clearance_robust_node-2] [INFO] [1784084517.756744448] [mydog_clearance_robust_5730_node]: [PARITY_FIXED][SEND] ok | http=6.74ms spi=1.38ms frames=2 batch=True max_delta=0.263
[mydog_state_estimator_node-1] [INFO] [1784084517.791900467] [mydog_state_estimator_node]: base_lin_vel=[-0.015 -0.039  0.   ] raw=[ 0.019 -0.061  0.   ] stance=[0, 1, 1, 0] height=[0.262 0.295 0.29  0.263] conf=1.00 seqA/B=26475/26475 max_age=13.0ms
[mydog_clearance_robust_node-2] [INFO] [1784084517.877284869] [mydog_clearance_robust_5730_node]: [PARITY_FIXED] cmd=[0.0, -0.029999999329447746, 0.0] phase=0.778 raw_action_max=0.877 filtered_max=0.762 tau_raw_max=18.54Nm tau_safe_max=13.00Nm clipped=2/12 send_ok=True max_age=15.0ms
[mydog_clearance_robust_node-2] [WARN] [1784084517.901316920] [mydog_clearance_robust_5730_node]: [PARITY_FIXED] estimator/motor snapshot mismatch: snapshot_tick_lag_a=39ms,lag_b=25ms; obs base_lin_vel zeroed=False
[mydog_clearance_robust_node-2] [INFO] [1784084518.097512061] [mydog_clearance_robust_5730_node]: [CMD] received /cmd_vel target=[0.0, -0.029999999329447746, 0.0] smoothed=[0.0, -0.029999999329447746, 0.0]
[mydog_clearance_robust_node-2] [INFO] [1784084518.771406122] [mydog_clearance_robust_5730_node]: [PARITY_FIXED][SEND] ok | http=6.77ms spi=2.52ms frames=2 batch=True max_delta=0.255
[mydog_state_estimator_node-1] [INFO] [1784084518.809487260] [mydog_state_estimator_node]: base_lin_vel=[ 0.017 -0.052  0.   ] raw=[ 0.012 -0.04   0.   ] stance=[1, 0, 0, 1] height=[0.289 0.28  0.274 0.289] conf=1.00 seqA/B=26577/26576 max_age=13.0ms
[mydog_clearance_robust_node-2] [INFO] [1784084518.891628518] [mydog_clearance_robust_5730_node]: [PARITY_FIXED] cmd=[0.0, -0.029999999329447746, 0.0] phase=0.044 raw_action_max=0.849 filtered_max=0.876 tau_raw_max=12.43Nm tau_safe_max=12.43Nm clipped=0/12 send_ok=True max_age=14.0ms
[mydog_clearance_robust_node-2] [INFO] [1784084519.115739488] [mydog_clearance_robust_5730_node]: [CMD] received /cmd_vel target=[0.0, -0.029999999329447746, 0.0] smoothed=[0.0, -0.029999999329447746, 0.0]
[mydog_clearance_robust_node-2] [INFO] [1784084519.181485612] [mydog_clearance_robust_5730_node]: [LOOP_RATE] hz=50.01 period_med=20.01ms p95=20.58ms max=23.90ms csv_queue=0 csv_dropped=0
[mydog_clearance_robust_node-2] [INFO] [1784084519.474067499] [mydog_clearance_robust_5730_node]: [CLEARANCE_ROBUST_5730] clearance transition reset | reason=command_transition, cmd=[0.0, 0.0, 0.0]
[mydog_clearance_robust_node-2] [INFO] [1784084519.776628189] [mydog_clearance_robust_5730_node]: [PARITY_FIXED][SEND] ok | http=10.13ms spi=2.93ms frames=2 batch=True max_delta=0.092
[mydog_state_estimator_node-1] [INFO] [1784084519.809628660] [mydog_state_estimator_node]: base_lin_vel=[0.115 0.05  0.   ] raw=[0.21  0.088 0.   ] stance=[1, 0, 0, 1] height=[0.293 0.279 0.267 0.29 ] conf=1.00 seqA/B=26677/26676 max_age=14.0ms
[mydog_clearance_robust_node-2] [WARN] [1784084519.827089946] [mydog_clearance_robust_5730_node]: [PARITY_FIXED] estimator/motor snapshot mismatch: snapshot_tick_lag_a=44ms,lag_b=24ms; obs base_lin_vel zeroed=False
[mydog_clearance_robust_node-2] [INFO] [1784084519.894707260] [mydog_clearance_robust_5730_node]: [PARITY_FIXED] cmd=[0.0, 0.0, 0.0] phase=0.267 raw_action_max=0.854 filtered_max=0.693 tau_raw_max=6.55Nm tau_safe_max=6.55Nm clipped=0/12 send_ok=True max_age=12.0ms
[mydog_clearance_robust_node-2] [INFO] [1784084520.779318504] [mydog_clearance_robust_5730_node]: [PARITY_FIXED][SEND] ok | http=11.53ms spi=4.04ms frames=2 batch=True max_delta=0.128
[mydog_state_estimator_node-1] [INFO] [1784084520.814286805] [mydog_state_estimator_node]: base_lin_vel=[-0.029  0.047  0.   ] raw=[-0.111  0.028  0.   ] stance=[0, 1, 1, 0] height=[0.287 0.29  0.281 0.285] conf=1.00 seqA/B=26774/26774 max_age=15.0ms
[mydog_clearance_robust_node-2] [WARN] [1784084520.827592972] [mydog_clearance_robust_5730_node]: [PARITY_FIXED] estimator/motor snapshot mismatch: snapshot_tick_lag_a=64ms,lag_b=65ms; obs base_lin_vel zeroed=False
[mydog_clearance_robust_node-2] [INFO] [1784084520.907993243] [mydog_clearance_robust_5730_node]: [PARITY_FIXED] cmd=[0.0, 0.0, 0.0] phase=0.489 raw_action_max=0.780 filtered_max=0.813 tau_raw_max=7.86Nm tau_safe_max=7.86Nm clipped=0/12 send_ok=True max_age=15.0ms
[mydog_clearance_robust_node-2] [INFO] [1784084521.202564093] [mydog_clearance_robust_5730_node]: [LOOP_RATE] hz=49.99 period_med=19.99ms p95=22.18ms max=24.07ms csv_queue=0 csv_dropped=0
[mydog_clearance_robust_node-2] [INFO] [1784084521.794051763] [mydog_clearance_robust_5730_node]: [PARITY_FIXED][SEND] ok | http=7.46ms spi=1.99ms frames=2 batch=True max_delta=0.101
[mydog_state_estimator_node-1] [INFO] [1784084521.829872840] [mydog_state_estimator_node]: base_lin_vel=[ 0.008 -0.024  0.   ] raw=[ 0.033 -0.023  0.   ] stance=[0, 1, 1, 0] height=[0.278 0.294 0.289 0.272] conf=1.00 seqA/B=26877/26877 max_age=14.0ms
[mydog_clearance_robust_node-2] [INFO] [1784084521.917598438] [mydog_clearance_robust_5730_node]: [PARITY_FIXED] cmd=[0.0, 0.0, 0.0] phase=0.756 raw_action_max=0.833 filtered_max=0.701 tau_raw_max=6.87Nm tau_safe_max=6.87Nm clipped=0/12 send_ok=True max_age=15.0ms
[mydog_clearance_robust_node-2] [WARN] [1784084522.485314045] [mydog_clearance_robust_5730_node]: [PARITY_FIXED] estimator/motor snapshot mismatch: snapshot_tick_lag_a=40ms,lag_b=40ms; obs base_lin_vel zeroed=False
[mydog_clearance_robust_node-2] [INFO] [1784084522.796677772] [mydog_clearance_robust_5730_node]: [PARITY_FIXED][SEND] ok | http=10.22ms spi=4.80ms frames=2 batch=True max_delta=0.117
[mydog_state_estimator_node-1] [INFO] [1784084522.830571401] [mydog_state_estimator_node]: base_lin_vel=[-0.041 -0.055  0.   ] raw=[-0.154 -0.061  0.   ] stance=[1, 0, 0, 1] height=[0.29  0.288 0.283 0.281] conf=1.00 seqA/B=26975/26975 max_age=12.0ms
[mydog_clearance_robust_node-2] [INFO] [1784084522.932557285] [mydog_clearance_robust_5730_node]: [PARITY_FIXED] cmd=[0.0, 0.0, 0.0] phase=0.978 raw_action_max=0.885 filtered_max=0.840 tau_raw_max=7.00Nm tau_safe_max=7.00Nm clipped=0/12 send_ok=True max_age=15.0ms
[mydog_clearance_robust_node-2] [INFO] [1784084523.198836753] [mydog_clearance_robust_5730_node]: [CMD] received /cmd_vel target=[0.0, 0.0, 0.20000000298023224] smoothed=[0.0, 0.0, 0.20000000298023224]
[mydog_clearance_robust_node-2] [INFO] [1784084523.199585465] [mydog_clearance_robust_5730_node]: [CLEARANCE_ROBUST_5730] heading anchor reset | reason=fresh_command_stream, target=-0.4330rad
[mydog_clearance_robust_node-2] [INFO] [1784084523.200173632] [mydog_clearance_robust_5730_node]: [CLEARANCE_ROBUST_5730] clearance transition reset | reason=fresh_command_stream, cmd=[0.0, 0.0, 0.20000000298023224]
[mydog_clearance_robust_node-2] [INFO] [1784084523.202211766] [mydog_clearance_robust_5730_node]: [LOOP_RATE] hz=49.99 period_med=20.00ms p95=23.63ms max=32.23ms csv_queue=0 csv_dropped=0
[mydog_clearance_robust_node-2] [INFO] [1784084523.816892834] [mydog_clearance_robust_5730_node]: [PARITY_FIXED][SEND] ok | http=8.80ms spi=3.70ms frames=2 batch=True max_delta=0.405
[mydog_state_estimator_node-1] [INFO] [1784084523.849416910] [mydog_state_estimator_node]: base_lin_vel=[ 0.024 -0.04   0.   ] raw=[ 0.067 -0.009  0.   ] stance=[0, 1, 1, 0] height=[0.255 0.286 0.289 0.251] conf=1.00 seqA/B=27077/27076 max_age=15.0ms
[mydog_clearance_robust_node-2] [INFO] [1784084523.933747328] [mydog_clearance_robust_5730_node]: [PARITY_FIXED] cmd=[0.0, 0.0, 0.20000000298023224] phase=0.644 raw_action_max=0.860 filtered_max=0.825 tau_raw_max=7.51Nm tau_safe_max=7.51Nm clipped=0/12 send_ok=True max_age=14.0ms
[mydog_clearance_robust_node-2] [INFO] [1784084524.239160567] [mydog_clearance_robust_5730_node]: [CMD] received /cmd_vel target=[0.0, 0.0, 0.20000000298023224] smoothed=[0.0, 0.0, 0.20000000298023224]
[mydog_clearance_robust_node-2] [WARN] [1784084524.563905059] [mydog_clearance_robust_5730_node]: [PARITY_FIXED] estimator/motor snapshot mismatch: snapshot_tick_lag_a=62ms,lag_b=61ms; obs base_lin_vel zeroed=False
[mydog_clearance_robust_node-2] [INFO] [1784084524.819901071] [mydog_clearance_robust_5730_node]: [PARITY_FIXED][SEND] ok | http=14.34ms spi=5.19ms frames=2 batch=True max_delta=0.266
[mydog_state_estimator_node-1] [INFO] [1784084524.850320130] [mydog_state_estimator_node]: base_lin_vel=[-0.013  0.001  0.   ] raw=[ 0.044 -0.001  0.   ] stance=[0, 1, 1, 0] height=[0.278 0.285 0.285 0.275] conf=1.00 seqA/B=27175/27175 max_age=15.0ms
[mydog_clearance_robust_node-2] [INFO] [1784084524.936223522] [mydog_clearance_robust_5730_node]: [PARITY_FIXED] cmd=[0.0, 0.0, 0.20000000298023224] phase=0.867 raw_action_max=0.946 filtered_max=0.927 tau_raw_max=19.04Nm tau_safe_max=13.00Nm clipped=2/12 send_ok=True max_age=15.0ms
[mydog_clearance_robust_node-2] [INFO] [1784084525.221422060] [mydog_clearance_robust_5730_node]: [LOOP_RATE] hz=50.02 period_med=20.01ms p95=20.84ms max=22.47ms csv_queue=0 csv_dropped=0
[mydog_clearance_robust_node-2] [INFO] [1784084525.275492614] [mydog_clearance_robust_5730_node]: [CMD] received /cmd_vel target=[0.0, 0.0, 0.20000000298023224] smoothed=[0.0, 0.0, 0.20000000298023224]
[mydog_clearance_robust_node-2] [INFO] [1784084525.831384371] [mydog_clearance_robust_5730_node]: [PARITY_FIXED][SEND] ok | http=6.77ms spi=1.28ms frames=2 batch=True max_delta=0.385
[mydog_state_estimator_node-1] [INFO] [1784084525.870284644] [mydog_state_estimator_node]: base_lin_vel=[ 0.022 -0.032  0.   ] raw=[-0.029  0.014  0.   ] stance=[1, 0, 0, 1] height=[0.296 0.252 0.244 0.279] conf=1.00 seqA/B=27278/27278 max_age=14.0ms
[mydog_clearance_robust_node-2] [INFO] [1784084525.955127445] [mydog_clearance_robust_5730_node]: [PARITY_FIXED] cmd=[0.0, 0.0, 0.20000000298023224] phase=0.133 raw_action_max=0.876 filtered_max=0.866 tau_raw_max=9.04Nm tau_safe_max=9.04Nm clipped=0/12 send_ok=True max_age=15.0ms
[mydog_clearance_robust_node-2] [INFO] [1784084526.176791858] [mydog_clearance_robust_5730_node]: [CLEARANCE_ROBUST_5730] clearance transition reset | reason=command_transition, cmd=[0.0, 0.0, 0.0]
[mydog_clearance_robust_node-2] [INFO] [1784084526.277515824] [mydog_clearance_robust_5730_node]: [CMD] received /cmd_vel target=[0.0, 0.0, 0.0] smoothed=[0.0, 0.0, 0.0]
[mydog_clearance_robust_node-2] [WARN] [1784084526.703589863] [mydog_clearance_robust_5730_node]: [PARITY_FIXED] estimator/motor snapshot mismatch: snapshot_tick_lag_a=43ms,lag_b=43ms; obs base_lin_vel zeroed=False
[mydog_clearance_robust_node-2] [INFO] [1784084526.835704097] [mydog_clearance_robust_5730_node]: [PARITY_FIXED][SEND] ok | http=11.17ms spi=4.19ms frames=2 batch=True max_delta=0.124
[mydog_state_estimator_node-1] [INFO] [1784084526.871160715] [mydog_state_estimator_node]: base_lin_vel=[-0.096 -0.012  0.   ] raw=[-0.042  0.024  0.   ] stance=[0, 0, 0, 1] height=[0.297 0.274 0.265 0.273] conf=0.50 seqA/B=27376/27376 max_age=14.0ms
[mydog_clearance_robust_node-2] [INFO] [1784084526.961476085] [mydog_clearance_robust_5730_node]: [PARITY_FIXED] cmd=[0.0, 0.0, 0.0] phase=0.356 raw_action_max=0.965 filtered_max=0.779 tau_raw_max=5.65Nm tau_safe_max=5.65Nm clipped=0/12 send_ok=True max_age=13.0ms
[mydog_clearance_robust_node-2] [INFO] [1784084527.241924020] [mydog_clearance_robust_5730_node]: [LOOP_RATE] hz=49.99 period_med=19.99ms p95=21.40ms max=26.32ms csv_queue=0 csv_dropped=0
[mydog_clearance_robust_node-2] [INFO] [1784084527.852524948] [mydog_clearance_robust_5730_node]: [PARITY_FIXED][SEND] ok | http=7.88ms spi=2.37ms frames=2 batch=True max_delta=0.123
[mydog_state_estimator_node-1] [INFO] [1784084527.888910342] [mydog_state_estimator_node]: base_lin_vel=[-0.206  0.045  0.   ] raw=[-0.359  0.091  0.   ] stance=[1, 1, 0, 0] height=[0.282 0.289 0.285 0.274] conf=1.00 seqA/B=27479/27479 max_age=15.0ms
[mydog_clearance_robust_node-2] [INFO] [1784084527.970932849] [mydog_clearance_robust_5730_node]: [PARITY_FIXED] cmd=[0.0, 0.0, 0.0] phase=0.622 raw_action_max=0.896 filtered_max=0.866 tau_raw_max=8.51Nm tau_safe_max=8.51Nm clipped=0/12 send_ok=True max_age=14.0ms
[mydog_clearance_robust_node-2] [WARN] [1784084528.562282664] [mydog_clearance_robust_5730_node]: [PARITY_FIXED] estimator/motor snapshot mismatch: snapshot_tick_lag_a=41ms,lag_b=40ms; obs base_lin_vel zeroed=False
[mydog_clearance_robust_node-2] [INFO] [1784084528.859798967] [mydog_clearance_robust_5730_node]: [PARITY_FIXED][SEND] ok | http=13.36ms spi=1.98ms frames=2 batch=True max_delta=0.147
[mydog_state_estimator_node-1] [INFO] [1784084528.891617878] [mydog_state_estimator_node]: base_lin_vel=[-0.05   0.018  0.   ] raw=[-0.155 -0.045  0.   ] stance=[0, 0, 1, 0] height=[0.283 0.29  0.284 0.278] conf=0.50 seqA/B=27575/27575 max_age=15.0ms
[mydog_clearance_robust_node-2] [INFO] [1784084528.983264520] [mydog_clearance_robust_5730_node]: [PARITY_FIXED] cmd=[0.0, 0.0, 0.0] phase=0.844 raw_action_max=0.928 filtered_max=0.932 tau_raw_max=6.07Nm tau_safe_max=6.07Nm clipped=0/12 send_ok=True max_age=13.0ms
[mydog_clearance_robust_node-2] [INFO] [1784084529.262548325] [mydog_clearance_robust_5730_node]: [LOOP_RATE] hz=50.01 period_med=20.00ms p95=21.49ms max=25.86ms csv_queue=0 csv_dropped=0
[mydog_clearance_robust_node-2] [WARN] [1784084529.569423760] [mydog_clearance_robust_5730_node]: [PARITY_FIXED] estimator/motor snapshot mismatch: snapshot_tick_lag_a=63ms,lag_b=63ms; obs base_lin_vel zeroed=False
[mydog_clearance_robust_node-2] [INFO] [1784084529.836202467] [mydog_clearance_robust_5730_node]: [CMD] received /cmd_vel target=[0.0, 0.0, -0.20000000298023224] smoothed=[0.0, 0.0, -0.20000000298023224]
[mydog_clearance_robust_node-2] [INFO] [1784084529.836924011] [mydog_clearance_robust_5730_node]: [CLEARANCE_ROBUST_5730] heading anchor reset | reason=fresh_command_stream, target=-0.4330rad
[mydog_clearance_robust_node-2] [INFO] [1784084529.837545330] [mydog_clearance_robust_5730_node]: [CLEARANCE_ROBUST_5730] clearance transition reset | reason=fresh_command_stream, cmd=[0.0, 0.0, -0.20000000298023224]
[mydog_clearance_robust_node-2] [INFO] [1784084529.872240815] [mydog_clearance_robust_5730_node]: [PARITY_FIXED][SEND] ok | http=7.15ms spi=1.27ms frames=2 batch=True max_delta=0.145
[mydog_state_estimator_node-1] [INFO] [1784084529.893414583] [mydog_state_estimator_node]: base_lin_vel=[ 0.067 -0.075  0.   ] raw=[ 0.287 -0.161  0.   ] stance=[1, 1, 0, 0] height=[0.289 0.286 0.276 0.286] conf=1.00 seqA/B=27673/27673 max_age=14.0ms
[mydog_clearance_robust_node-2] [INFO] [1784084529.993491939] [mydog_clearance_robust_5730_node]: [PARITY_FIXED] cmd=[0.0, 0.0, -0.20000000298023224] phase=0.356 raw_action_max=0.803 filtered_max=0.724 tau_raw_max=32.18Nm tau_safe_max=13.00Nm clipped=2/12 send_ok=True max_age=14.0ms
[mydog_clearance_robust_node-2] [INFO] [1784084530.854148755] [mydog_clearance_robust_5730_node]: [CMD] received /cmd_vel target=[0.0, 0.0, -0.20000000298023224] smoothed=[0.0, 0.0, -0.20000000298023224]
[mydog_clearance_robust_node-2] [INFO] [1784084530.890537794] [mydog_clearance_robust_5730_node]: [PARITY_FIXED][SEND] ok | http=6.05ms spi=1.26ms frames=2 batch=True max_delta=0.417
[mydog_state_estimator_node-1] [INFO] [1784084530.908799946] [mydog_state_estimator_node]: base_lin_vel=[0.167 0.072 0.   ] raw=[0.319 0.015 0.   ] stance=[0, 1, 0, 0] height=[0.276 0.294 0.283 0.274] conf=0.50 seqA/B=27774/27774 max_age=14.0ms
[mydog_clearance_robust_node-2] [WARN] [1784084530.941294798] [mydog_clearance_robust_5730_node]: [PARITY_FIXED] estimator/motor snapshot mismatch: snapshot_tick_lag_a=47ms,lag_b=47ms; obs base_lin_vel zeroed=False
[mydog_clearance_robust_node-2] [INFO] [1784084531.014576016] [mydog_clearance_robust_5730_node]: [PARITY_FIXED] cmd=[0.0, 0.0, -0.20000000298023224] phase=0.622 raw_action_max=0.839 filtered_max=0.729 tau_raw_max=9.71Nm tau_safe_max=9.71Nm clipped=0/12 send_ok=True max_age=14.0ms
[mydog_clearance_robust_node-2] [INFO] [1784084531.282803487] [mydog_clearance_robust_5730_node]: [LOOP_RATE] hz=49.01 period_med=20.03ms p95=23.69ms max=51.58ms csv_queue=0 csv_dropped=0
[mydog_clearance_robust_node-2] [INFO] [1784084531.876888372] [mydog_clearance_robust_5730_node]: [CMD] received /cmd_vel target=[0.0, 0.0, -0.20000000298023224] smoothed=[0.0, 0.0, -0.20000000298023224]
[mydog_clearance_robust_node-2] [INFO] [1784084531.893960750] [mydog_clearance_robust_5730_node]: [PARITY_FIXED][SEND] ok | http=8.13ms spi=1.55ms frames=2 batch=True max_delta=0.317
[mydog_state_estimator_node-1] [INFO] [1784084531.914341133] [mydog_state_estimator_node]: base_lin_vel=[0.012 0.007 0.   ] raw=[-0.031 -0.022  0.   ] stance=[0, 1, 1, 0] height=[0.255 0.297 0.277 0.25 ] conf=1.00 seqA/B=27873/27873 max_age=15.0ms
[mydog_clearance_robust_node-2] [WARN] [1784084531.969129443] [mydog_clearance_robust_5730_node]: [PARITY_FIXED] estimator/motor snapshot mismatch: snapshot_tick_lag_a=48ms,lag_b=48ms; obs base_lin_vel zeroed=False
[mydog_clearance_robust_node-2] [INFO] [1784084532.020198800] [mydog_clearance_robust_5730_node]: [PARITY_FIXED] cmd=[0.0, 0.0, -0.20000000298023224] phase=0.844 raw_action_max=0.948 filtered_max=0.747 tau_raw_max=29.36Nm tau_safe_max=13.00Nm clipped=2/12 send_ok=True max_age=14.0ms
[mydog_clearance_robust_node-2] [INFO] [1784084532.863334629] [mydog_clearance_robust_5730_node]: [CLEARANCE_ROBUST_5730] clearance transition reset | reason=command_transition, cmd=[0.0, 0.0, 0.0]
[mydog_clearance_robust_node-2] [INFO] [1784084532.893870194] [mydog_clearance_robust_5730_node]: [CMD] received /cmd_vel target=[0.0, 0.0, 0.0] smoothed=[0.0, 0.0, 0.0]
[mydog_clearance_robust_node-2] [INFO] [1784084532.911453041] [mydog_clearance_robust_5730_node]: [PARITY_FIXED][SEND] ok | http=6.52ms spi=2.03ms frames=2 batch=True max_delta=0.130
[mydog_state_estimator_node-1] [INFO] [1784084532.929474901] [mydog_state_estimator_node]: base_lin_vel=[ 0.04  -0.053  0.   ] raw=[-0.068 -0.099  0.   ] stance=[0, 1, 0, 0] height=[0.284 0.286 0.27  0.277] conf=0.50 seqA/B=27975/27975 max_age=13.0ms
[mydog_clearance_robust_node-2] [INFO] [1784084533.031385481] [mydog_clearance_robust_5730_node]: [PARITY_FIXED] cmd=[0.0, 0.0, 0.0] phase=0.111 raw_action_max=0.921 filtered_max=0.883 tau_raw_max=8.85Nm tau_safe_max=8.85Nm clipped=0/12 send_ok=True max_age=15.0ms
[mydog_clearance_robust_node-2] [INFO] [1784084533.304195000] [mydog_clearance_robust_5730_node]: [LOOP_RATE] hz=50.00 period_med=19.99ms p95=21.36ms max=24.94ms csv_queue=0 csv_dropped=0
[mydog_clearance_robust_node-2] [WARN] [1784084533.367645480] [mydog_clearance_robust_5730_node]: [PARITY_FIXED] estimator/motor snapshot mismatch: snapshot_tick_lag_a=40ms,lag_b=41ms; obs base_lin_vel zeroed=False
[mydog_clearance_robust_node-2] [INFO] [1784084533.930033276] [mydog_clearance_robust_5730_node]: [PARITY_FIXED][SEND] ok | http=5.81ms spi=1.32ms frames=2 batch=True max_delta=0.129
[mydog_state_estimator_node-1] [INFO] [1784084533.930054813] [mydog_state_estimator_node]: base_lin_vel=[-0.001 -0.007  0.   ] raw=[0.139 0.039 0.   ] stance=[1, 0, 0, 1] height=[0.29  0.283 0.278 0.284] conf=1.00 seqA/B=28074/28074 max_age=14.0ms
[mydog_clearance_robust_node-2] [INFO] [1784084534.032313617] [mydog_clearance_robust_5730_node]: [PARITY_FIXED] cmd=[0.0, 0.0, 0.0] phase=0.333 raw_action_max=0.935 filtered_max=0.934 tau_raw_max=5.30Nm tau_safe_max=5.30Nm clipped=0/12 send_ok=True max_age=13.0ms
[mydog_clearance_robust_node-2] [WARN] [1784084534.402308882] [mydog_clearance_robust_5730_node]: [PARITY_FIXED] estimator/motor snapshot mismatch: snapshot_tick_lag_a=18ms,lag_b=37ms; obs base_lin_vel zeroed=False
[mydog_clearance_robust_node-2] [INFO] [1784084534.935768346] [mydog_clearance_robust_5730_node]: [PARITY_FIXED][SEND] ok | http=11.66ms spi=2.82ms frames=2 batch=True max_delta=0.128
[mydog_state_estimator_node-1] [INFO] [1784084534.949185163] [mydog_state_estimator_node]: base_lin_vel=[0.149 0.083 0.   ] raw=[0.319 0.118 0.   ] stance=[1, 1, 0, 0] height=[0.281 0.294 0.285 0.272] conf=1.00 seqA/B=28175/28175 max_age=15.0ms
[mydog_clearance_robust_node-2] [INFO] [1784084535.038801427] [mydog_clearance_robust_5730_node]: [PARITY_FIXED] cmd=[0.0, 0.0, 0.0] phase=0.556 raw_action_max=0.761 filtered_max=0.819 tau_raw_max=7.76Nm tau_safe_max=7.76Nm clipped=0/12 send_ok=True max_age=14.0ms
[mydog_clearance_robust_node-2] [INFO] [1784084535.301533507] [mydog_clearance_robust_5730_node]: [LOOP_RATE] hz=50.00 period_med=20.01ms p95=20.97ms max=26.33ms csv_queue=0 csv_dropped=0
[mydog_clearance_robust_node-2] [WARN] [1784084535.665660249] [mydog_clearance_robust_5730_node]: [PARITY_FIXED] estimator/motor snapshot mismatch: snapshot_tick_lag_a=67ms,lag_b=67ms; obs base_lin_vel zeroed=False
[mydog_state_estimator_node-1] [INFO] [1784084535.950351542] [mydog_state_estimator_node]: base_lin_vel=[-0.014  0.064  0.   ] raw=[-0.08   0.089  0.   ] stance=[1, 0, 1, 0] height=[0.273 0.296 0.281 0.265] conf=1.00 seqA/B=28273/28273 max_age=14.0ms
[mydog_clearance_robust_node-2] [INFO] [1784084535.953798171] [mydog_clearance_robust_5730_node]: [PARITY_FIXED][SEND] ok | http=8.87ms spi=2.45ms frames=2 batch=True max_delta=0.138
[mydog_clearance_robust_node-2] [INFO] [1784084536.043254110] [mydog_clearance_robust_5730_node]: [PARITY_FIXED] cmd=[0.0, 0.0, 0.0] phase=0.778 raw_action_max=0.913 filtered_max=0.727 tau_raw_max=10.72Nm tau_safe_max=10.72Nm clipped=0/12 send_ok=True max_age=15.0ms
[mydog_clearance_robust_node-2] [WARN] [1784084536.841798725] [mydog_clearance_robust_5730_node]: [PARITY_FIXED] estimator/motor snapshot mismatch: snapshot_tick_lag_a=40ms,lag_b=40ms; obs base_lin_vel zeroed=False
[mydog_state_estimator_node-1] [INFO] [1784084536.969995399] [mydog_state_estimator_node]: base_lin_vel=[ 0.122 -0.026  0.   ] raw=[0.229 0.064 0.   ] stance=[0, 0, 1, 1] height=[0.286 0.285 0.274 0.281] conf=1.00 seqA/B=28376/28376 max_age=15.0ms
[mydog_clearance_robust_node-2] [INFO] [1784084536.973033640] [mydog_clearance_robust_5730_node]: [PARITY_FIXED][SEND] ok | http=8.25ms spi=1.71ms frames=2 batch=True max_delta=0.152
[mydog_clearance_robust_node-2] [INFO] [1784084537.054360368] [mydog_clearance_robust_5730_node]: [PARITY_FIXED] cmd=[0.0, 0.0, 0.0] phase=1.000 raw_action_max=0.938 filtered_max=0.893 tau_raw_max=5.40Nm tau_safe_max=5.40Nm clipped=0/12 send_ok=True max_age=14.0ms
[mydog_clearance_robust_node-2] [INFO] [1784084537.321462527] [mydog_clearance_robust_5730_node]: [LOOP_RATE] hz=49.51 period_med=19.99ms p95=23.00ms max=40.08ms csv_queue=0 csv_dropped=0
[mydog_state_estimator_node-1] [INFO] [1784084537.971651670] [mydog_state_estimator_node]: base_lin_vel=[-0.078 -0.04   0.   ] raw=[-0.025  0.03   0.   ] stance=[1, 0, 0, 1] height=[0.288 0.283 0.275 0.286] conf=1.00 seqA/B=28473/28473 max_age=13.0ms
[mydog_clearance_robust_node-2] [INFO] [1784084537.985828334] [mydog_clearance_robust_5730_node]: [PARITY_FIXED][SEND] ok | http=18.10ms spi=2.50ms frames=2 batch=True max_delta=0.111
[mydog_clearance_robust_node-2] [WARN] [1784084537.990242269] [mydog_clearance_robust_5730_node]: [PARITY_FIXED] estimator/motor snapshot mismatch: snapshot_tick_lag_a=38ms,lag_b=37ms; obs base_lin_vel zeroed=False
[mydog_clearance_robust_node-2] [INFO] [1784084538.073796731] [mydog_clearance_robust_5730_node]: [PARITY_FIXED] cmd=[0.0, 0.0, 0.0] phase=0.267 raw_action_max=0.948 filtered_max=0.931 tau_raw_max=7.73Nm tau_safe_max=7.73Nm clipped=0/12 send_ok=True max_age=14.0ms
[mydog_clearance_robust_node-2] [INFO] [1784084538.096096361] [mydog_clearance_robust_5730_node]: [CMD] received /cmd_vel target=[0.11999999731779099, 0.0, 0.20000000298023224] smoothed=[0.11999999731779099, 0.0, 0.20000000298023224]
[mydog_clearance_robust_node-2] [INFO] [1784084538.096915442] [mydog_clearance_robust_5730_node]: [CLEARANCE_ROBUST_5730] heading anchor reset | reason=fresh_command_stream, target=-0.4330rad
[mydog_clearance_robust_node-2] [INFO] [1784084538.097628857] [mydog_clearance_robust_5730_node]: [CLEARANCE_ROBUST_5730] clearance transition reset | reason=fresh_command_stream, cmd=[0.11999999731779099, 0.0, 0.20000000298023224]
[mydog_clearance_robust_node-2] [INFO] [1784084538.992159279] [mydog_clearance_robust_5730_node]: [PARITY_FIXED][SEND] ok | http=7.65ms spi=2.82ms frames=2 batch=True max_delta=0.130
[mydog_state_estimator_node-1] [INFO] [1784084538.992189296] [mydog_state_estimator_node]: base_lin_vel=[ 0.22 -0.02  0.  ] raw=[0.204 0.006 0.   ] stance=[1, 0, 0, 1] height=[0.295 0.248 0.253 0.288] conf=1.00 seqA/B=28575/28575 max_age=15.0ms
[mydog_clearance_robust_node-2] [INFO] [1784084539.076740789] [mydog_clearance_robust_5730_node]: [PARITY_FIXED] cmd=[0.11999999731779099, 0.0, 0.20000000298023224] phase=0.178 raw_action_max=0.912 filtered_max=0.697 tau_raw_max=6.43Nm tau_safe_max=6.43Nm clipped=0/12 send_ok=True max_age=14.0ms
[mydog_clearance_robust_node-2] [INFO] [1784084539.113939137] [mydog_clearance_robust_5730_node]: [CMD] received /cmd_vel target=[0.11999999731779099, 0.0, 0.20000000298023224] smoothed=[0.11999999731779099, 0.0, 0.20000000298023224]
[mydog_clearance_robust_node-2] [WARN] [1784084539.242801022] [mydog_clearance_robust_5730_node]: [PARITY_FIXED] estimator/motor snapshot mismatch: snapshot_tick_lag_a=41ms,lag_b=23ms; obs base_lin_vel zeroed=False
[mydog_clearance_robust_node-2] [INFO] [1784084539.321587077] [mydog_clearance_robust_5730_node]: [LOOP_RATE] hz=50.00 period_med=19.99ms p95=20.47ms max=27.35ms csv_queue=0 csv_dropped=0
[mydog_clearance_robust_node-2] [INFO] [1784084539.477669028] [mydog_clearance_robust_5730_node]: [CLEARANCE_ROBUST_5730] clearance transition reset | reason=command_transition, cmd=[0.0, 0.0, 0.0]
[mydog_state_estimator_node-1] [INFO] [1784084539.994193891] [mydog_state_estimator_node]: base_lin_vel=[-0.092  0.073  0.   ] raw=[-0.122  0.118  0.   ] stance=[0, 1, 0, 1] height=[0.294 0.279 0.272 0.285] conf=1.00 seqA/B=28674/28674 max_age=14.0ms
[mydog_clearance_robust_node-2] [INFO] [1784084539.994777354] [mydog_clearance_robust_5730_node]: [PARITY_FIXED][SEND] ok | http=9.37ms spi=2.86ms frames=2 batch=True max_delta=0.174
[mydog_clearance_robust_node-2] [INFO] [1784084540.078257313] [mydog_clearance_robust_5730_node]: [PARITY_FIXED] cmd=[0.0, 0.0, 0.0] phase=0.400 raw_action_max=0.941 filtered_max=0.801 tau_raw_max=5.48Nm tau_safe_max=5.48Nm clipped=0/12 send_ok=True max_age=15.0ms
[mydog_clearance_robust_node-2] [WARN] [1784084540.249923424] [mydog_clearance_robust_5730_node]: [PARITY_FIXED] estimator/motor snapshot mismatch: snapshot_tick_lag_a=39ms,lag_b=40ms; obs base_lin_vel zeroed=False
[mydog_clearance_robust_node-2] [INFO] [1784084540.995044204] [mydog_clearance_robust_5730_node]: [PARITY_FIXED][SEND] ok | http=9.14ms spi=2.44ms frames=2 batch=True max_delta=0.096
[mydog_state_estimator_node-1] [INFO] [1784084541.012625095] [mydog_state_estimator_node]: base_lin_vel=[-0.036  0.003  0.   ] raw=[ 0.01  -0.015  0.   ] stance=[0, 1, 1, 0] height=[0.279 0.293 0.287 0.276] conf=1.00 seqA/B=28777/28777 max_age=15.0ms
[mydog_clearance_robust_node-2] [INFO] [1784084541.079122343] [mydog_clearance_robust_5730_node]: [PARITY_FIXED] cmd=[0.0, 0.0, 0.0] phase=0.622 raw_action_max=0.829 filtered_max=0.758 tau_raw_max=9.60Nm tau_safe_max=9.60Nm clipped=0/12 send_ok=True max_age=15.0ms
[mydog_clearance_robust_node-2] [INFO] [1784084541.341693189] [mydog_clearance_robust_5730_node]: [LOOP_RATE] hz=49.99 period_med=20.01ms p95=21.36ms max=25.70ms csv_queue=0 csv_dropped=0
[mydog_clearance_robust_node-2] [WARN] [1784084541.701746091] [mydog_clearance_robust_5730_node]: [PARITY_FIXED] estimator/motor snapshot mismatch: snapshot_tick_lag_a=41ms,lag_b=41ms; obs base_lin_vel zeroed=False
[mydog_clearance_robust_node-2] [INFO] [1784084542.013914870] [mydog_clearance_robust_5730_node]: [PARITY_FIXED][SEND] ok | http=8.31ms spi=2.66ms frames=2 batch=True max_delta=0.128
[mydog_state_estimator_node-1] [INFO] [1784084542.031367375] [mydog_state_estimator_node]: base_lin_vel=[-0.034  0.023  0.   ] raw=[-0.084  0.067  0.   ] stance=[0, 0, 1, 1] height=[0.286 0.29  0.281 0.285] conf=1.00 seqA/B=28877/28877 max_age=15.0ms
[mydog_clearance_robust_node-2] [INFO] [1784084542.095989721] [mydog_clearance_robust_5730_node]: [PARITY_FIXED] cmd=[0.0, 0.0, 0.0] phase=0.889 raw_action_max=0.936 filtered_max=0.929 tau_raw_max=5.47Nm tau_safe_max=5.47Nm clipped=0/12 send_ok=True max_age=13.0ms
[mydog_clearance_robust_node-2] [WARN] [1784084542.851445382] [mydog_clearance_robust_5730_node]: [PARITY_FIXED] estimator/motor snapshot mismatch: snapshot_tick_lag_a=38ms,lag_b=38ms; obs base_lin_vel zeroed=False
[mydog_clearance_robust_node-2] [INFO] [1784084543.034356274] [mydog_clearance_robust_5730_node]: [PARITY_FIXED][SEND] ok | http=9.29ms spi=3.33ms frames=2 batch=True max_delta=0.076
[mydog_state_estimator_node-1] [INFO] [1784084543.048853994] [mydog_state_estimator_node]: base_lin_vel=[ 0.025 -0.066  0.   ] raw=[-0.022 -0.013  0.   ] stance=[1, 0, 0, 1] height=[0.289 0.274 0.266 0.289] conf=1.00 seqA/B=28978/28978 max_age=13.0ms
[mydog_clearance_robust_node-2] [INFO] [1784084543.097683245] [mydog_clearance_robust_5730_node]: [PARITY_FIXED] cmd=[0.0, 0.0, 0.0] phase=0.111 raw_action_max=0.761 filtered_max=0.689 tau_raw_max=7.95Nm tau_safe_max=7.95Nm clipped=0/12 send_ok=True max_age=15.0ms
[mydog_clearance_robust_node-2] [INFO] [1784084543.361622666] [mydog_clearance_robust_5730_node]: [LOOP_RATE] hz=50.01 period_med=20.00ms p95=21.02ms max=29.25ms csv_queue=0 csv_dropped=0
[mydog_clearance_robust_node-2] [WARN] [1784084543.986229406] [mydog_clearance_robust_5730_node]: [PARITY_FIXED] estimator/motor snapshot mismatch: snapshot_tick_lag_a=42ms,lag_b=42ms; obs base_lin_vel zeroed=False
[mydog_state_estimator_node-1] [INFO] [1784084544.051280554] [mydog_state_estimator_node]: base_lin_vel=[0.002 0.052 0.   ] raw=[0.065 0.037 0.   ] stance=[0, 0, 0, 1] height=[0.294 0.28  0.274 0.28 ] conf=0.50 seqA/B=29077/29077 max_age=15.0ms
[mydog_clearance_robust_node-2] [INFO] [1784084544.058952443] [mydog_clearance_robust_5730_node]: [PARITY_FIXED][SEND] ok | http=13.76ms spi=5.63ms frames=2 batch=True max_delta=0.135
[mydog_clearance_robust_node-2] [INFO] [1784084544.115407948] [mydog_clearance_robust_5730_node]: [PARITY_FIXED] cmd=[0.0, 0.0, 0.0] phase=0.378 raw_action_max=0.941 filtered_max=0.772 tau_raw_max=4.96Nm tau_safe_max=4.96Nm clipped=0/12 send_ok=True max_age=12.0ms
[mydog_clearance_robust_node-2] [INFO] [1784084544.116985852] [mydog_clearance_robust_5730_node]: [CMD] received /cmd_vel target=[0.11999999731779099, 0.0, -0.20000000298023224] smoothed=[0.11999999731779099, 0.0, -0.20000000298023224]
[mydog_clearance_robust_node-2] [INFO] [1784084544.117676644] [mydog_clearance_robust_5730_node]: [CLEARANCE_ROBUST_5730] heading anchor reset | reason=fresh_command_stream, target=-0.2654rad
[mydog_clearance_robust_node-2] [INFO] [1784084544.119273684] [mydog_clearance_robust_5730_node]: [CLEARANCE_ROBUST_5730] clearance transition reset | reason=fresh_command_stream, cmd=[0.11999999731779099, 0.0, -0.20000000298023224]
[mydog_state_estimator_node-1] [INFO] [1784084545.069529843] [mydog_state_estimator_node]: base_lin_vel=[-0.07   0.006  0.   ] raw=[-0.19   0.002  0.   ] stance=[1, 0, 0, 1] height=[0.29  0.272 0.268 0.289] conf=1.00 seqA/B=29179/29179 max_age=13.0ms
[mydog_clearance_robust_node-2] [INFO] [1784084545.075191694] [mydog_clearance_robust_5730_node]: [PARITY_FIXED][SEND] ok | http=6.84ms spi=2.29ms frames=2 batch=True max_delta=0.416
[mydog_clearance_robust_node-2] [INFO] [1784084545.137266873] [mydog_clearance_robust_5730_node]: [PARITY_FIXED] cmd=[0.11999999731779099, 0.0, -0.20000000298023224] phase=0.267 raw_action_max=0.857 filtered_max=0.822 tau_raw_max=24.06Nm tau_safe_max=13.00Nm clipped=2/12 send_ok=True max_age=14.0ms
[mydog_clearance_robust_node-2] [INFO] [1784084545.140559099] [mydog_clearance_robust_5730_node]: [CMD] received /cmd_vel target=[0.11999999731779099, 0.0, -0.20000000298023224] smoothed=[0.11999999731779099, 0.0, -0.20000000298023224]
[mydog_clearance_robust_node-2] [INFO] [1784084545.364871786] [mydog_clearance_robust_5730_node]: [LOOP_RATE] hz=49.97 period_med=20.00ms p95=21.12ms max=28.66ms csv_queue=0 csv_dropped=0
[mydog_clearance_robust_node-2] [WARN] [1784084545.507391775] [mydog_clearance_robust_5730_node]: [PARITY_FIXED] estimator/motor snapshot mismatch: snapshot_tick_lag_a=38ms,lag_b=37ms; obs base_lin_vel zeroed=False
[mydog_state_estimator_node-1] [INFO] [1784084546.071426964] [mydog_state_estimator_node]: base_lin_vel=[-0.03  0.04  0.  ] raw=[0.037 0.116 0.   ] stance=[0, 1, 0, 0] height=[0.285 0.29  0.284 0.285] conf=0.50 seqA/B=29276/29276 max_age=14.0ms
[mydog_clearance_robust_node-2] [INFO] [1784084546.077624533] [mydog_clearance_robust_5730_node]: [PARITY_FIXED][SEND] ok | http=13.00ms spi=2.33ms frames=2 batch=True max_delta=0.508
[mydog_clearance_robust_node-2] [INFO] [1784084546.154611961] [mydog_clearance_robust_5730_node]: [PARITY_FIXED] cmd=[0.11999999731779099, 0.0, -0.20000000298023224] phase=0.533 raw_action_max=0.835 filtered_max=0.856 tau_raw_max=30.46Nm tau_safe_max=13.00Nm clipped=2/12 send_ok=True max_age=14.0ms
[mydog_clearance_robust_node-2] [INFO] [1784084546.156199274] [mydog_clearance_robust_5730_node]: [CMD] received /cmd_vel target=[0.11999999731779099, 0.0, -0.20000000298023224] smoothed=[0.11999999731779099, 0.0, -0.20000000298023224]
[mydog_clearance_robust_node-2] [INFO] [1784084546.216212541] [mydog_clearance_robust_5730_node]: [CLEARANCE_ROBUST_5730] clearance transition reset | reason=command_transition, cmd=[0.0, 0.0, 0.0]
[mydog_clearance_robust_node-2] [WARN] [1784084546.749235616] [mydog_clearance_robust_5730_node]: [PARITY_FIXED] estimator/motor snapshot mismatch: snapshot_tick_lag_a=43ms,lag_b=43ms; obs base_lin_vel zeroed=False
[mydog_state_estimator_node-1] [INFO] [1784084547.089233823] [mydog_state_estimator_node]: base_lin_vel=[-0.191  0.032  0.   ] raw=[-0.309  0.001  0.   ] stance=[1, 0, 1, 0] height=[0.275 0.297 0.28  0.265] conf=1.00 seqA/B=29379/29379 max_age=15.0ms
[mydog_clearance_robust_node-2] [INFO] [1784084547.091921787] [mydog_clearance_robust_5730_node]: [PARITY_FIXED][SEND] ok | http=5.89ms spi=1.41ms frames=2 batch=True max_delta=0.154
[mydog_clearance_robust_node-2] [INFO] [1784084547.176519341] [mydog_clearance_robust_5730_node]: [PARITY_FIXED] cmd=[0.0, 0.0, 0.0] phase=0.800 raw_action_max=0.893 filtered_max=0.620 tau_raw_max=7.11Nm tau_safe_max=7.11Nm clipped=0/12 send_ok=True max_age=14.0ms
[mydog_clearance_robust_node-2] [INFO] [1784084547.381740136] [mydog_clearance_robust_5730_node]: [LOOP_RATE] hz=50.03 period_med=20.00ms p95=20.99ms max=25.02ms csv_queue=0 csv_dropped=0
[mydog_clearance_robust_node-2] [WARN] [1784084547.821102732] [mydog_clearance_robust_5730_node]: [PARITY_FIXED] estimator/motor snapshot mismatch: snapshot_tick_lag_a=37ms,lag_b=39ms; obs base_lin_vel zeroed=False
[mydog_state_estimator_node-1] [INFO] [1784084548.089842875] [mydog_state_estimator_node]: base_lin_vel=[ 0.145 -0.03   0.   ] raw=[0.246 0.084 0.   ] stance=[0, 0, 1, 1] height=[0.29  0.281 0.28  0.282] conf=1.00 seqA/B=29480/29479 max_age=14.0ms
[mydog_clearance_robust_node-2] [INFO] [1784084548.103195174] [mydog_clearance_robust_5730_node]: [PARITY_FIXED][SEND] ok | http=14.76ms spi=3.99ms frames=2 batch=True max_delta=0.128
[mydog_clearance_robust_node-2] [INFO] [1784084548.176324190] [mydog_clearance_robust_5730_node]: [PARITY_FIXED] cmd=[0.0, 0.0, 0.0] phase=0.022 raw_action_max=0.880 filtered_max=0.840 tau_raw_max=6.04Nm tau_safe_max=6.04Nm clipped=0/12 send_ok=True max_age=13.0ms
[mydog_clearance_robust_node-2] [WARN] [1784084548.942008279] [mydog_clearance_robust_5730_node]: [PARITY_FIXED] estimator/motor snapshot mismatch: snapshot_tick_lag_a=39ms,lag_b=39ms; obs base_lin_vel zeroed=False
[mydog_state_estimator_node-1] [INFO] [1784084549.108766202] [mydog_state_estimator_node]: base_lin_vel=[-0.048 -0.002  0.   ] raw=[-0.012  0.035  0.   ] stance=[1, 0, 0, 1] height=[0.292 0.281 0.276 0.285] conf=1.00 seqA/B=29580/29580 max_age=14.0ms
[mydog_clearance_robust_node-2] [INFO] [1784084549.118983588] [mydog_clearance_robust_5730_node]: [PARITY_FIXED][SEND] ok | http=13.41ms spi=2.24ms frames=2 batch=True max_delta=0.112
[mydog_clearance_robust_node-2] [INFO] [1784084549.181370187] [mydog_clearance_robust_5730_node]: [PARITY_FIXED] cmd=[0.0, 0.0, 0.0] phase=0.244 raw_action_max=0.942 filtered_max=0.881 tau_raw_max=7.14Nm tau_safe_max=7.14Nm clipped=0/12 send_ok=True max_age=14.0ms
[mydog_clearance_robust_node-2] [INFO] [1784084549.383968544] [mydog_clearance_robust_5730_node]: [LOOP_RATE] hz=49.98 period_med=20.00ms p95=21.51ms max=25.68ms csv_queue=0 csv_dropped=0
[mydog_clearance_robust_node-2] [INFO] [1784084549.933494051] [mydog_clearance_robust_5730_node]: [CMD] received /cmd_vel target=[0.11999999731779099, 0.029999999329447746, 0.0] smoothed=[0.11999999731779099, 0.029999999329447746, 0.0]
[mydog_clearance_robust_node-2] [INFO] [1784084549.934181386] [mydog_clearance_robust_5730_node]: [CLEARANCE_ROBUST_5730] heading anchor reset | reason=fresh_command_stream, target=-0.2626rad
[mydog_clearance_robust_node-2] [INFO] [1784084549.934770801] [mydog_clearance_robust_5730_node]: [CLEARANCE_ROBUST_5730] clearance transition reset | reason=fresh_command_stream, cmd=[0.11999999731779099, 0.029999999329447746, 0.0]
[mydog_clearance_robust_node-2] [WARN] [1784084549.962516400] [mydog_clearance_robust_5730_node]: [PARITY_FIXED] estimator/motor snapshot mismatch: snapshot_tick_lag_a=39ms,lag_b=39ms; obs base_lin_vel zeroed=False
[mydog_state_estimator_node-1] [INFO] [1784084550.113571884] [mydog_state_estimator_node]: base_lin_vel=[-0.085  0.031  0.   ] raw=[-0.235  0.144  0.   ] stance=[0, 1, 0, 0] height=[0.277 0.289 0.292 0.27 ] conf=0.50 seqA/B=29678/29678 max_age=15.0ms
[mydog_clearance_robust_node-2] [INFO] [1784084550.135906835] [mydog_clearance_robust_5730_node]: [PARITY_FIXED][SEND] ok | http=9.80ms spi=2.25ms frames=2 batch=True max_delta=0.100
[mydog_clearance_robust_node-2] [INFO] [1784084550.198366521] [mydog_clearance_robust_5730_node]: [PARITY_FIXED] cmd=[0.11999999731779099, 0.029999999329447746, 0.0] phase=0.578 raw_action_max=0.953 filtered_max=0.906 tau_raw_max=26.02Nm tau_safe_max=13.00Nm clipped=2/12 send_ok=True max_age=14.0ms
[mydog_clearance_robust_node-2] [WARN] [1784084550.966832647] [mydog_clearance_robust_5730_node]: [PARITY_FIXED] estimator/motor snapshot mismatch: snapshot_tick_lag_a=88ms,lag_b=90ms; obs base_lin_vel zeroed=False
[mydog_clearance_robust_node-2] [INFO] [1784084550.984225691] [mydog_clearance_robust_5730_node]: [CMD] received /cmd_vel target=[0.11999999731779099, 0.029999999329447746, 0.0] smoothed=[0.11999999731779099, 0.029999999329447746, 0.0]
[mydog_state_estimator_node-1] [INFO] [1784084551.129990108] [mydog_state_estimator_node]: base_lin_vel=[ 7.068e-02 -1.812e-06  0.000e+00] raw=[ 0.041 -0.016  0.   ] stance=[0, 1, 1, 0] height=[0.278 0.286 0.287 0.275] conf=1.00 seqA/B=29780/29780 max_age=13.0ms
[mydog_clearance_robust_node-2] [INFO] [1784084551.157013203] [mydog_clearance_robust_5730_node]: [PARITY_FIXED][SEND] ok | http=18.50ms spi=4.07ms frames=2 batch=True max_delta=0.154
[mydog_clearance_robust_node-2] [INFO] [1784084551.212622608] [mydog_clearance_robust_5730_node]: [PARITY_FIXED] cmd=[0.11999999731779099, 0.029999999329447746, 0.0] phase=0.800 raw_action_max=0.865 filtered_max=0.817 tau_raw_max=24.03Nm tau_safe_max=13.00Nm clipped=2/12 send_ok=True max_age=14.0ms
[mydog_clearance_robust_node-2] [INFO] [1784084551.385012643] [mydog_clearance_robust_5730_node]: [LOOP_RATE] hz=49.95 period_med=20.00ms p95=24.44ms max=27.38ms csv_queue=0 csv_dropped=0
[mydog_clearance_robust_node-2] [INFO] [1784084552.018536525] [mydog_clearance_robust_5730_node]: [CMD] received /cmd_vel target=[0.11999999731779099, 0.029999999329447746, 0.0] smoothed=[0.11999999731779099, 0.029999999329447746, 0.0]
[mydog_state_estimator_node-1] [INFO] [1784084552.131242709] [mydog_state_estimator_node]: base_lin_vel=[ 0.147 -0.014  0.   ] raw=[0.519 0.003 0.   ] stance=[1, 0, 0, 0] height=[0.295 0.275 0.279 0.285] conf=0.50 seqA/B=29879/29879 max_age=13.0ms
[mydog_clearance_robust_node-2] [INFO] [1784084552.159166676] [mydog_clearance_robust_5730_node]: [PARITY_FIXED][SEND] ok | http=9.28ms spi=3.03ms frames=2 batch=True max_delta=0.096
[mydog_clearance_robust_node-2] [WARN] [1784084552.162459254] [mydog_clearance_robust_5730_node]: [PARITY_FIXED] estimator/motor snapshot mismatch: snapshot_tick_lag_a=45ms,lag_b=46ms; obs base_lin_vel zeroed=False
[mydog_clearance_robust_node-2] [INFO] [1784084552.231703903] [mydog_clearance_robust_5730_node]: [PARITY_FIXED] cmd=[0.11999999731779099, 0.029999999329447746, 0.0] phase=0.111 raw_action_max=0.845 filtered_max=0.796 tau_raw_max=19.12Nm tau_safe_max=13.00Nm clipped=1/12 send_ok=True max_age=14.0ms
[mydog_clearance_robust_node-2] [INFO] [1784084552.937389184] [mydog_clearance_robust_5730_node]: [CLEARANCE_ROBUST_5730] clearance transition reset | reason=command_transition, cmd=[0.0, 0.0, 0.0]
[mydog_clearance_robust_node-2] [INFO] [1784084553.037662375] [mydog_clearance_robust_5730_node]: [CMD] received /cmd_vel target=[0.0, 0.0, 0.0] smoothed=[0.0, 0.0, 0.0]
[mydog_state_estimator_node-1] [INFO] [1784084553.151152788] [mydog_state_estimator_node]: base_lin_vel=[-0.081  0.008  0.   ] raw=[-0.098  0.049  0.   ] stance=[0, 0, 0, 1] height=[0.296 0.277 0.271 0.284] conf=0.50 seqA/B=29980/29980 max_age=13.0ms
[mydog_clearance_robust_node-2] [INFO] [1784084553.160837464] [mydog_clearance_robust_5730_node]: [PARITY_FIXED][SEND] ok | http=14.64ms spi=3.99ms frames=2 batch=True max_delta=0.153
[mydog_clearance_robust_node-2] [WARN] [1784084553.163866103] [mydog_clearance_robust_5730_node]: [PARITY_FIXED] estimator/motor snapshot mismatch: snapshot_tick_lag_a=45ms,lag_b=45ms; obs base_lin_vel zeroed=False
[mydog_clearance_robust_node-2] [INFO] [1784084553.232765243] [mydog_clearance_robust_5730_node]: [PARITY_FIXED] cmd=[0.0, 0.0, 0.0] phase=0.333 raw_action_max=0.920 filtered_max=0.768 tau_raw_max=6.24Nm tau_safe_max=6.24Nm clipped=0/12 send_ok=True max_age=14.0ms
[mydog_clearance_robust_node-2] [INFO] [1784084553.402839277] [mydog_clearance_robust_5730_node]: [LOOP_RATE] hz=50.04 period_med=20.01ms p95=21.03ms max=22.65ms csv_queue=0 csv_dropped=0
