[mydog_clearance_robust_node-2] [INFO] [1784084460.278444807] [mydog_clearance_robust_5730_node]: [PARITY_FIXED] cmd=[0.0, 0.0, 0.0] phase=0.778 raw_action_max=0.904 filtered_max=0.763 tau_raw_max=4.88Nm tau_safe_max=4.88Nm clipped=0/12 send_ok=True max_age=15.0ms
[mydog_clearance_robust_node-2] [INFO] [1784084460.803874335] [mydog_clearance_robust_5730_node]: [LOOP_RATE] hz=50.00 period_med=20.00ms p95=21.19ms max=26.45ms csv_queue=0 csv_dropped=0
[mydog_clearance_robust_node-2] [INFO] [1784084461.190701254] [mydog_clearance_robust_5730_node]: [PARITY_FIXED][SEND] ok | http=5.68ms spi=1.36ms frames=2 batch=True max_delta=0.092
[mydog_state_estimator_node-1] [INFO] [1784084461.230341798] [mydog_state_estimator_node]: base_lin_vel=[-0.027 -0.022  0.   ] raw=[-0.106 -0.021  0.   ] stance=[1, 0, 0, 1] height=[0.296 0.277 0.274 0.288] conf=1.00 seqA/B=20866/20866 max_age=15.0ms
[mydog_clearance_robust_node-2] [INFO] [1784084461.293392334] [mydog_clearance_robust_5730_node]: [PARITY_FIXED] cmd=[0.0, 0.0, 0.0] phase=0.044 raw_action_max=0.722 filtered_max=0.801 tau_raw_max=6.56Nm tau_safe_max=6.56Nm clipped=0/12 send_ok=True max_age=15.0ms
[mydog_clearance_robust_node-2] [WARN] [1784084461.882572417] [mydog_clearance_robust_5730_node]: [PARITY_FIXED] estimator/motor snapshot mismatch: snapshot_tick_lag_a=39ms,lag_b=39ms; obs base_lin_vel zeroed=False
[mydog_clearance_robust_node-2] [INFO] [1784084462.195880278] [mydog_clearance_robust_5730_node]: [PARITY_FIXED][SEND] ok | http=11.24ms spi=2.23ms frames=2 batch=True max_delta=0.124
[mydog_state_estimator_node-1] [INFO] [1784084462.230293987] [mydog_state_estimator_node]: base_lin_vel=[0.043 0.038 0.   ] raw=[0.154 0.078 0.   ] stance=[1, 0, 0, 1] height=[0.295 0.28  0.272 0.289] conf=1.00 seqA/B=20963/20963 max_age=13.0ms
[mydog_clearance_robust_node-2] [INFO] [1784084462.295390083] [mydog_clearance_robust_5730_node]: [PARITY_FIXED] cmd=[0.0, 0.0, 0.0] phase=0.267 raw_action_max=0.901 filtered_max=0.770 tau_raw_max=4.80Nm tau_safe_max=4.80Nm clipped=0/12 send_ok=True max_age=11.0ms
[mydog_clearance_robust_node-2] [INFO] [1784084462.821778140] [mydog_clearance_robust_5730_node]: [LOOP_RATE] hz=50.00 period_med=20.01ms p95=20.59ms max=21.69ms csv_queue=0 csv_dropped=0
[mydog_clearance_robust_node-2] [WARN] [1784084463.141433047] [mydog_clearance_robust_5730_node]: [PARITY_FIXED] estimator/motor snapshot mismatch: snapshot_tick_lag_a=39ms,lag_b=39ms; obs base_lin_vel zeroed=False
[mydog_clearance_robust_node-2] [INFO] [1784084463.199842508] [mydog_clearance_robust_5730_node]: [PARITY_FIXED][SEND] ok | http=9.71ms spi=3.99ms frames=2 batch=True max_delta=0.106
[mydog_state_estimator_node-1] [INFO] [1784084463.249015253] [mydog_state_estimator_node]: base_lin_vel=[-0.102  0.054  0.   ] raw=[-0.142  0.051  0.   ] stance=[0, 1, 1, 0] height=[0.281 0.295 0.285 0.277] conf=1.00 seqA/B=21065/21065 max_age=13.0ms
[mydog_clearance_robust_node-2] [INFO] [1784084463.316758102] [mydog_clearance_robust_5730_node]: [PARITY_FIXED] cmd=[0.0, 0.0, 0.0] phase=0.533 raw_action_max=0.712 filtered_max=0.768 tau_raw_max=6.89Nm tau_safe_max=6.89Nm clipped=0/12 send_ok=True max_age=14.0ms
[mydog_clearance_robust_node-2] [INFO] [1784084464.217413064] [mydog_clearance_robust_5730_node]: [PARITY_FIXED][SEND] ok | http=12.95ms spi=2.81ms frames=2 batch=True max_delta=0.117
[mydog_state_estimator_node-1] [INFO] [1784084464.276606818] [mydog_state_estimator_node]: base_lin_vel=[ 0.055 -0.052  0.   ] raw=[ 0.031 -0.062  0.   ] stance=[0, 1, 1, 0] height=[0.28  0.294 0.29  0.272] conf=1.00 seqA/B=21166/21166 max_age=12.0ms
[mydog_clearance_robust_node-2] [INFO] [1784084464.318050994] [mydog_clearance_robust_5730_node]: [PARITY_FIXED] cmd=[0.0, 0.0, 0.0] phase=0.756 raw_action_max=0.836 filtered_max=0.704 tau_raw_max=5.40Nm tau_safe_max=5.40Nm clipped=0/12 send_ok=True max_age=15.0ms
[mydog_clearance_robust_node-2] [INFO] [1784084464.822441845] [mydog_clearance_robust_5730_node]: [LOOP_RATE] hz=49.99 period_med=20.01ms p95=21.20ms max=24.75ms csv_queue=0 csv_dropped=0
[mydog_clearance_robust_node-2] [WARN] [1784084465.042834436] [mydog_clearance_robust_5730_node]: [PARITY_FIXED] estimator/motor snapshot mismatch: snapshot_tick_lag_a=20ms,lag_b=41ms; obs base_lin_vel zeroed=False
[mydog_clearance_robust_node-2] [INFO] [1784084465.231446887] [mydog_clearance_robust_5730_node]: [PARITY_FIXED][SEND] ok | http=6.89ms spi=1.95ms frames=2 batch=True max_delta=0.102
[mydog_state_estimator_node-1] [INFO] [1784084465.288466779] [mydog_state_estimator_node]: base_lin_vel=[-0.089 -0.012  0.   ] raw=[-0.153 -0.061  0.   ] stance=[1, 0, 0, 1] height=[0.293 0.28  0.273 0.288] conf=1.00 seqA/B=21267/21267 max_age=14.0ms
[mydog_clearance_robust_node-2] [INFO] [1784084465.333931042] [mydog_clearance_robust_5730_node]: [PARITY_FIXED] cmd=[0.0, 0.0, 0.0] phase=0.022 raw_action_max=0.781 filtered_max=0.831 tau_raw_max=7.13Nm tau_safe_max=7.13Nm clipped=0/12 send_ok=True max_age=14.0ms
[mydog_clearance_robust_node-2] [INFO] [1784084466.233476527] [mydog_clearance_robust_5730_node]: [PARITY_FIXED][SEND] ok | http=8.61ms spi=3.44ms frames=2 batch=True max_delta=0.106
[mydog_state_estimator_node-1] [INFO] [1784084466.292374329] [mydog_state_estimator_node]: base_lin_vel=[0.026 0.024 0.   ] raw=[0.136 0.046 0.   ] stance=[1, 0, 0, 1] height=[0.294 0.281 0.274 0.289] conf=1.00 seqA/B=21367/21367 max_age=15.0ms
[mydog_clearance_robust_node-2] [INFO] [1784084466.334781071] [mydog_clearance_robust_5730_node]: [PARITY_FIXED] cmd=[0.0, 0.0, 0.0] phase=0.200 raw_action_max=0.802 filtered_max=0.649 tau_raw_max=6.58Nm tau_safe_max=6.58Nm clipped=0/12 send_ok=True max_age=15.0ms
[mydog_clearance_robust_node-2] [INFO] [1784084466.843405102] [mydog_clearance_robust_5730_node]: [LOOP_RATE] hz=49.52 period_med=20.01ms p95=22.11ms max=28.16ms csv_queue=0 csv_dropped=0
[mydog_clearance_robust_node-2] [WARN] [1784084466.844488254] [mydog_clearance_robust_5730_node]: [PARITY_FIXED] estimator/motor snapshot mismatch: snapshot_tick_lag_a=37ms,lag_b=36ms; obs base_lin_vel zeroed=False
[mydog_clearance_robust_node-2] [INFO] [1784084467.252768211] [mydog_clearance_robust_5730_node]: [PARITY_FIXED][SEND] ok | http=7.40ms spi=2.01ms frames=2 batch=True max_delta=0.138
[mydog_state_estimator_node-1] [INFO] [1784084467.292712257] [mydog_state_estimator_node]: base_lin_vel=[-0.064  0.051  0.   ] raw=[0.03  0.135 0.   ] stance=[0, 1, 0, 0] height=[0.286 0.291 0.283 0.281] conf=0.50 seqA/B=21464/21464 max_age=15.0ms
[mydog_clearance_robust_node-2] [INFO] [1784084467.338215072] [mydog_clearance_robust_5730_node]: [PARITY_FIXED] cmd=[0.0, 0.0, 0.0] phase=0.422 raw_action_max=0.871 filtered_max=0.833 tau_raw_max=4.20Nm tau_safe_max=4.20Nm clipped=0/12 send_ok=True max_age=15.0ms
[mydog_clearance_robust_node-2] [INFO] [1784084468.253370723] [mydog_clearance_robust_5730_node]: [PARITY_FIXED][SEND] ok | http=7.27ms spi=2.60ms frames=2 batch=True max_delta=0.075
[mydog_state_estimator_node-1] [INFO] [1784084468.311452151] [mydog_state_estimator_node]: base_lin_vel=[ 0.053 -0.038  0.   ] raw=[ 0.055 -0.062  0.   ] stance=[0, 1, 1, 0] height=[0.278 0.295 0.29  0.271] conf=1.00 seqA/B=21566/21566 max_age=14.0ms
[mydog_clearance_robust_node-2] [INFO] [1784084468.361639446] [mydog_clearance_robust_5730_node]: [PARITY_FIXED] cmd=[0.0, 0.0, 0.0] phase=0.689 raw_action_max=0.792 filtered_max=0.608 tau_raw_max=7.86Nm tau_safe_max=7.86Nm clipped=0/12 send_ok=True max_age=15.0ms
[mydog_clearance_robust_node-2] [WARN] [1784084468.386953225] [mydog_clearance_robust_5730_node]: [PARITY_FIXED] estimator/motor snapshot mismatch: snapshot_tick_lag_a=42ms,lag_b=44ms; obs base_lin_vel zeroed=False
[mydog_clearance_robust_node-2] [INFO] [1784084468.861393107] [mydog_clearance_robust_5730_node]: [LOOP_RATE] hz=50.00 period_med=20.00ms p95=20.59ms max=22.18ms csv_queue=0 csv_dropped=0
[mydog_clearance_robust_node-2] [INFO] [1784084469.271942011] [mydog_clearance_robust_5730_node]: [PARITY_FIXED][SEND] ok | http=6.07ms spi=1.82ms frames=2 batch=True max_delta=0.112
[mydog_state_estimator_node-1] [INFO] [1784084469.313449879] [mydog_state_estimator_node]: base_lin_vel=[-0.002 -0.069  0.   ] raw=[ 0.047 -0.219  0.   ] stance=[1, 0, 0, 0] height=[0.29  0.287 0.285 0.28 ] conf=0.50 seqA/B=21665/21665 max_age=15.0ms
[mydog_clearance_robust_node-2] [INFO] [1784084469.374293837] [mydog_clearance_robust_5730_node]: [PARITY_FIXED] cmd=[0.0, 0.0, 0.0] phase=0.956 raw_action_max=0.861 filtered_max=0.841 tau_raw_max=6.31Nm tau_safe_max=6.31Nm clipped=0/12 send_ok=True max_age=15.0ms
[mydog_clearance_robust_node-2] [WARN] [1784084469.501251078] [mydog_clearance_robust_5730_node]: [PARITY_FIXED] estimator/motor snapshot mismatch: snapshot_tick_lag_a=39ms,lag_b=38ms; obs base_lin_vel zeroed=False
[mydog_clearance_robust_node-2] [INFO] [1784084470.274870672] [mydog_clearance_robust_5730_node]: [PARITY_FIXED][SEND] ok | http=9.61ms spi=2.51ms frames=2 batch=True max_delta=0.063
[mydog_state_estimator_node-1] [INFO] [1784084470.328650010] [mydog_state_estimator_node]: base_lin_vel=[0.066 0.048 0.   ] raw=[0.12  0.072 0.   ] stance=[1, 0, 0, 1] height=[0.293 0.278 0.269 0.291] conf=1.00 seqA/B=21766/21766 max_age=15.0ms
[mydog_clearance_robust_node-2] [INFO] [1784084470.396216268] [mydog_clearance_robust_5730_node]: [PARITY_FIXED] cmd=[0.0, 0.0, 0.0] phase=0.222 raw_action_max=0.833 filtered_max=0.662 tau_raw_max=5.94Nm tau_safe_max=5.94Nm clipped=0/12 send_ok=True max_age=14.0ms
[mydog_clearance_robust_node-2] [INFO] [1784084470.861924287] [mydog_clearance_robust_5730_node]: [LOOP_RATE] hz=50.00 period_med=20.00ms p95=20.25ms max=20.76ms csv_queue=0 csv_dropped=0
[mydog_clearance_robust_node-2] [WARN] [1784084471.101311935] [mydog_clearance_robust_5730_node]: [PARITY_FIXED] estimator/motor snapshot mismatch: snapshot_tick_lag_a=39ms,lag_b=39ms; obs base_lin_vel zeroed=False
[mydog_clearance_robust_node-2] [INFO] [1784084471.292259321] [mydog_clearance_robust_5730_node]: [PARITY_FIXED][SEND] ok | http=6.52ms spi=1.29ms frames=2 batch=True max_delta=0.115
[mydog_state_estimator_node-1] [INFO] [1784084471.328878888] [mydog_state_estimator_node]: base_lin_vel=[-0.024  0.045  0.   ] raw=[-0.17   0.058  0.   ] stance=[0, 1, 1, 0] height=[0.285 0.292 0.282 0.283] conf=1.00 seqA/B=21867/21866 max_age=14.0ms
[mydog_clearance_robust_node-2] [INFO] [1784084471.413107299] [mydog_clearance_robust_5730_node]: [PARITY_FIXED] cmd=[0.0, 0.0, 0.0] phase=0.489 raw_action_max=0.816 filtered_max=0.828 tau_raw_max=6.06Nm tau_safe_max=6.06Nm clipped=0/12 send_ok=True max_age=13.0ms
[mydog_clearance_robust_node-2] [INFO] [1784084472.297694875] [mydog_clearance_robust_5730_node]: [PARITY_FIXED][SEND] ok | http=13.08ms spi=4.45ms frames=2 batch=True max_delta=0.050
[mydog_state_estimator_node-1] [INFO] [1784084472.331059960] [mydog_state_estimator_node]: base_lin_vel=[-0.061 -0.001  0.   ] raw=[ 0.034 -0.048  0.   ] stance=[0, 1, 1, 0] height=[0.277 0.295 0.288 0.268] conf=1.00 seqA/B=21965/21965 max_age=14.0ms
[mydog_clearance_robust_node-2] [INFO] [1784084472.416800609] [mydog_clearance_robust_5730_node]: [PARITY_FIXED] cmd=[0.0, 0.0, 0.0] phase=0.711 raw_action_max=0.815 filtered_max=0.617 tau_raw_max=5.91Nm tau_safe_max=5.91Nm clipped=0/12 send_ok=True max_age=15.0ms
[mydog_clearance_robust_node-2] [WARN] [1784084472.503476760] [mydog_clearance_robust_5730_node]: [PARITY_FIXED] estimator/motor snapshot mismatch: snapshot_tick_lag_a=43ms,lag_b=42ms; obs base_lin_vel zeroed=False
[mydog_clearance_robust_node-2] [INFO] [1784084472.861593207] [mydog_clearance_robust_5730_node]: [LOOP_RATE] hz=50.00 period_med=20.01ms p95=20.51ms max=24.36ms csv_queue=0 csv_dropped=0
[mydog_clearance_robust_node-2] [INFO] [1784084473.318727393] [mydog_clearance_robust_5730_node]: [PARITY_FIXED][SEND] ok | http=10.36ms spi=1.94ms frames=2 batch=True max_delta=0.121
[mydog_state_estimator_node-1] [INFO] [1784084473.333565556] [mydog_state_estimator_node]: base_lin_vel=[ 0.136 -0.08   0.   ] raw=[ 0.163 -0.096  0.   ] stance=[0, 1, 1, 0] height=[0.284 0.292 0.29  0.272] conf=1.00 seqA/B=22063/22063 max_age=15.0ms
[mydog_clearance_robust_node-2] [INFO] [1784084473.428981983] [mydog_clearance_robust_5730_node]: [PARITY_FIXED] cmd=[0.0, 0.0, 0.0] phase=0.933 raw_action_max=0.869 filtered_max=0.841 tau_raw_max=7.08Nm tau_safe_max=7.08Nm clipped=0/12 send_ok=True max_age=15.0ms
[mydog_clearance_robust_node-2] [WARN] [1784084474.008440135] [mydog_clearance_robust_5730_node]: [PARITY_FIXED] estimator/motor snapshot mismatch: snapshot_tick_lag_a=66ms,lag_b=46ms; obs base_lin_vel zeroed=False
[mydog_clearance_robust_node-2] [INFO] [1784084474.332684265] [mydog_clearance_robust_5730_node]: [PARITY_FIXED][SEND] ok | http=6.56ms spi=1.35ms frames=2 batch=True max_delta=0.092
[mydog_state_estimator_node-1] [INFO] [1784084474.349400277] [mydog_state_estimator_node]: base_lin_vel=[-0.056 -0.029  0.   ] raw=[-0.041  0.003  0.   ] stance=[1, 0, 0, 1] height=[0.294 0.277 0.271 0.289] conf=1.00 seqA/B=22166/22166 max_age=15.0ms
[mydog_clearance_robust_node-2] [INFO] [1784084474.435558902] [mydog_clearance_robust_5730_node]: [PARITY_FIXED] cmd=[0.0, 0.0, 0.0] phase=0.200 raw_action_max=0.811 filtered_max=0.632 tau_raw_max=6.93Nm tau_safe_max=6.93Nm clipped=0/12 send_ok=True max_age=15.0ms
[mydog_clearance_robust_node-2] [INFO] [1784084474.881933748] [mydog_clearance_robust_5730_node]: [LOOP_RATE] hz=49.99 period_med=19.99ms p95=21.70ms max=28.17ms csv_queue=0 csv_dropped=0
[mydog_clearance_robust_node-2] [WARN] [1784084475.026408619] [mydog_clearance_robust_5730_node]: [PARITY_FIXED] estimator/motor snapshot mismatch: snapshot_tick_lag_a=40ms,lag_b=41ms; obs base_lin_vel zeroed=False
[mydog_clearance_robust_node-2] [INFO] [1784084475.336264584] [mydog_clearance_robust_5730_node]: [PARITY_FIXED][SEND] ok | http=10.18ms spi=1.99ms frames=2 batch=True max_delta=0.173
[mydog_state_estimator_node-1] [INFO] [1784084475.350366445] [mydog_state_estimator_node]: base_lin_vel=[0.12  0.021 0.   ] raw=[0.238 0.016 0.   ] stance=[1, 0, 0, 1] height=[0.292 0.286 0.282 0.283] conf=1.00 seqA/B=22266/22266 max_age=14.0ms
[mydog_clearance_robust_node-2] [INFO] [1784084475.455702068] [mydog_clearance_robust_5730_node]: [PARITY_FIXED] cmd=[0.0, 0.0, 0.0] phase=0.467 raw_action_max=0.761 filtered_max=0.825 tau_raw_max=5.44Nm tau_safe_max=5.44Nm clipped=0/12 send_ok=True max_age=13.0ms
[mydog_clearance_robust_node-2] [WARN] [1784084476.081357979] [mydog_clearance_robust_5730_node]: [PARITY_FIXED] estimator/motor snapshot mismatch: snapshot_tick_lag_a=36ms,lag_b=36ms; obs base_lin_vel zeroed=False
[mydog_clearance_robust_node-2] [INFO] [1784084476.339534029] [mydog_clearance_robust_5730_node]: [PARITY_FIXED][SEND] ok | http=7.90ms spi=1.83ms frames=2 batch=True max_delta=0.056
[mydog_state_estimator_node-1] [INFO] [1784084476.371170950] [mydog_state_estimator_node]: base_lin_vel=[0.024 0.085 0.   ] raw=[-0.081  0.049  0.   ] stance=[0, 1, 1, 0] height=[0.278 0.295 0.288 0.272] conf=1.00 seqA/B=22365/22365 max_age=14.0ms
[mydog_clearance_robust_node-2] [INFO] [1784084476.473682941] [mydog_clearance_robust_5730_node]: [PARITY_FIXED] cmd=[0.0, 0.0, 0.0] phase=0.733 raw_action_max=0.804 filtered_max=0.647 tau_raw_max=7.83Nm tau_safe_max=7.83Nm clipped=0/12 send_ok=True max_age=15.0ms
[mydog_clearance_robust_node-2] [INFO] [1784084476.901434221] [mydog_clearance_robust_5730_node]: [LOOP_RATE] hz=50.01 period_med=20.00ms p95=21.61ms max=29.08ms csv_queue=0 csv_dropped=0
[mydog_clearance_robust_node-2] [INFO] [1784084477.353639221] [mydog_clearance_robust_5730_node]: [PARITY_FIXED][SEND] ok | http=8.66ms spi=2.50ms frames=2 batch=True max_delta=0.126
[mydog_state_estimator_node-1] [INFO] [1784084477.372719134] [mydog_state_estimator_node]: base_lin_vel=[-0.012 -0.07   0.   ] raw=[-0.054 -0.079  0.   ] stance=[1, 0, 1, 0] height=[0.287 0.29  0.289 0.275] conf=1.00 seqA/B=22466/22466 max_age=14.0ms
[mydog_clearance_robust_node-2] [WARN] [1784084477.423566303] [mydog_clearance_robust_5730_node]: [PARITY_FIXED] estimator/motor snapshot mismatch: snapshot_tick_lag_a=39ms,lag_b=38ms; obs base_lin_vel zeroed=False
[mydog_clearance_robust_node-2] [INFO] [1784084477.478588474] [mydog_clearance_robust_5730_node]: [PARITY_FIXED] cmd=[0.0, 0.0, 0.0] phase=0.956 raw_action_max=0.865 filtered_max=0.830 tau_raw_max=6.41Nm tau_safe_max=6.41Nm clipped=0/12 send_ok=True max_age=14.0ms
[mydog_clearance_robust_node-2] [INFO] [1784084478.370835637] [mydog_clearance_robust_5730_node]: [PARITY_FIXED][SEND] ok | http=5.51ms spi=1.32ms frames=2 batch=True max_delta=0.106
[mydog_state_estimator_node-1] [INFO] [1784084478.389684313] [mydog_state_estimator_node]: base_lin_vel=[-0.036 -0.008  0.   ] raw=[-0.04   0.048  0.   ] stance=[1, 0, 0, 1] height=[0.297 0.277 0.274 0.287] conf=1.00 seqA/B=22567/22567 max_age=15.0ms
[mydog_clearance_robust_node-2] [INFO] [1784084478.507769909] [mydog_clearance_robust_5730_node]: [PARITY_FIXED] cmd=[0.0, 0.0, 0.0] phase=0.222 raw_action_max=0.900 filtered_max=0.767 tau_raw_max=6.81Nm tau_safe_max=6.81Nm clipped=0/12 send_ok=True max_age=14.0ms
[mydog_clearance_robust_node-2] [WARN] [1784084478.527252258] [mydog_clearance_robust_5730_node]: [PARITY_FIXED] estimator/motor snapshot mismatch: snapshot_tick_lag_a=49ms,lag_b=52ms; obs base_lin_vel zeroed=False
[mydog_clearance_robust_node-2] [INFO] [1784084478.922185480] [mydog_clearance_robust_5730_node]: [LOOP_RATE] hz=50.00 period_med=19.99ms p95=21.98ms max=28.61ms csv_queue=0 csv_dropped=0
[mydog_clearance_robust_node-2] [INFO] [1784084479.378707105] [mydog_clearance_robust_5730_node]: [PARITY_FIXED][SEND] ok | http=13.66ms spi=2.72ms frames=2 batch=True max_delta=0.134
[mydog_state_estimator_node-1] [INFO] [1784084479.389799449] [mydog_state_estimator_node]: base_lin_vel=[-0.041  0.051  0.   ] raw=[0.01  0.057 0.   ] stance=[0, 1, 0, 1] height=[0.293 0.284 0.28  0.285] conf=1.00 seqA/B=22666/22666 max_age=14.0ms
[mydog_clearance_robust_node-2] [INFO] [1784084479.515113519] [mydog_clearance_robust_5730_node]: [PARITY_FIXED] cmd=[0.0, 0.0, 0.0] phase=0.489 raw_action_max=0.794 filtered_max=0.831 tau_raw_max=6.68Nm tau_safe_max=6.68Nm clipped=0/12 send_ok=True max_age=14.0ms
[mydog_clearance_robust_node-2] [WARN] [1784084479.841668237] [mydog_clearance_robust_5730_node]: [PARITY_FIXED] estimator/motor snapshot mismatch: snapshot_tick_lag_a=42ms,lag_b=43ms; obs base_lin_vel zeroed=False
[mydog_clearance_robust_node-2] [INFO] [1784084480.381292694] [mydog_clearance_robust_5730_node]: [PARITY_FIXED][SEND] ok | http=13.61ms spi=2.58ms frames=2 batch=True max_delta=0.074
[mydog_state_estimator_node-1] [INFO] [1784084480.390504115] [mydog_state_estimator_node]: base_lin_vel=[-0.093  0.031  0.   ] raw=[-0.144  0.026  0.   ] stance=[0, 1, 1, 0] height=[0.279 0.294 0.287 0.273] conf=1.00 seqA/B=22765/22764 max_age=14.0ms
[mydog_clearance_robust_node-2] [INFO] [1784084480.515422778] [mydog_clearance_robust_5730_node]: [PARITY_FIXED] cmd=[0.0, 0.0, 0.0] phase=0.711 raw_action_max=0.771 filtered_max=0.549 tau_raw_max=6.45Nm tau_safe_max=6.45Nm clipped=0/12 send_ok=True max_age=14.0ms
[mydog_clearance_robust_node-2] [INFO] [1784084480.941424618] [mydog_clearance_robust_5730_node]: [LOOP_RATE] hz=50.00 period_med=20.00ms p95=21.28ms max=22.38ms csv_queue=0 csv_dropped=0
[mydog_clearance_robust_node-2] [WARN] [1784084481.061282023] [mydog_clearance_robust_5730_node]: [PARITY_FIXED] estimator/motor snapshot mismatch: snapshot_tick_lag_a=42ms,lag_b=42ms; obs base_lin_vel zeroed=False
[mydog_clearance_robust_node-2] [INFO] [1784084481.390149617] [mydog_clearance_robust_5730_node]: [PARITY_FIXED][SEND] ok | http=5.90ms spi=1.32ms frames=2 batch=True max_delta=0.102
[mydog_state_estimator_node-1] [INFO] [1784084481.391178015] [mydog_state_estimator_node]: base_lin_vel=[ 0.045 -0.037  0.   ] raw=[ 0.094 -0.044  0.   ] stance=[0, 1, 1, 0] height=[0.281 0.293 0.29  0.269] conf=1.00 seqA/B=22864/22864 max_age=15.0ms
[mydog_clearance_robust_node-2] [INFO] [1784084481.536882966] [mydog_clearance_robust_5730_node]: [PARITY_FIXED] cmd=[0.0, 0.0, 0.0] phase=0.978 raw_action_max=0.845 filtered_max=0.832 tau_raw_max=7.24Nm tau_safe_max=7.24Nm clipped=0/12 send_ok=True max_age=13.0ms
[mydog_clearance_robust_node-2] [INFO] [1784084482.398798044] [mydog_clearance_robust_5730_node]: [PARITY_FIXED][SEND] ok | http=12.20ms spi=2.74ms frames=2 batch=True max_delta=0.075
[mydog_clearance_robust_node-2] [WARN] [1784084482.402296939] [mydog_clearance_robust_5730_node]: [PARITY_FIXED] estimator/motor snapshot mismatch: snapshot_tick_lag_a=45ms,lag_b=45ms; obs base_lin_vel zeroed=False
[mydog_state_estimator_node-1] [INFO] [1784084482.409368554] [mydog_state_estimator_node]: base_lin_vel=[-0.025 -0.066  0.   ] raw=[-0.01   0.017  0.   ] stance=[1, 0, 0, 1] height=[0.296 0.278 0.275 0.286] conf=1.00 seqA/B=22966/22966 max_age=14.0ms
[mydog_clearance_robust_node-2] [INFO] [1784084482.538564920] [mydog_clearance_robust_5730_node]: [PARITY_FIXED] cmd=[0.0, 0.0, 0.0] phase=0.200 raw_action_max=0.865 filtered_max=0.667 tau_raw_max=7.11Nm tau_safe_max=7.11Nm clipped=0/12 send_ok=True max_age=14.0ms
[mydog_clearance_robust_node-2] [INFO] [1784084482.942314778] [mydog_clearance_robust_5730_node]: [LOOP_RATE] hz=49.98 period_med=20.00ms p95=20.77ms max=21.20ms csv_queue=0 csv_dropped=0
[mydog_state_estimator_node-1] [INFO] [1784084483.410841511] [mydog_state_estimator_node]: base_lin_vel=[-0.011 -0.006  0.   ] raw=[-0.052 -0.041  0.   ] stance=[0, 0, 1, 1] height=[0.294 0.284 0.28  0.285] conf=1.00 seqA/B=23067/23067 max_age=12.0ms
[mydog_clearance_robust_node-2] [INFO] [1784084483.412227130] [mydog_clearance_robust_5730_node]: [PARITY_FIXED][SEND] ok | http=7.51ms spi=1.66ms frames=2 batch=True max_delta=0.131
[mydog_clearance_robust_node-2] [INFO] [1784084483.553239676] [mydog_clearance_robust_5730_node]: [PARITY_FIXED] cmd=[0.0, 0.0, 0.0] phase=0.467 raw_action_max=0.833 filtered_max=0.859 tau_raw_max=5.75Nm tau_safe_max=5.75Nm clipped=0/12 send_ok=True max_age=15.0ms
[mydog_state_estimator_node-1] [INFO] [1784084484.431331832] [mydog_state_estimator_node]: base_lin_vel=[-0.107  0.041  0.   ] raw=[-0.126  0.037  0.   ] stance=[0, 1, 1, 0] height=[0.281 0.293 0.287 0.272] conf=1.00 seqA/B=23167/23167 max_age=14.0ms
[mydog_clearance_robust_node-2] [INFO] [1784084484.433897754] [mydog_clearance_robust_5730_node]: [PARITY_FIXED][SEND] ok | http=8.72ms spi=2.50ms frames=2 batch=True max_delta=0.061
[mydog_clearance_robust_node-2] [INFO] [1784084484.555197483] [mydog_clearance_robust_5730_node]: [PARITY_FIXED] cmd=[0.0, 0.0, 0.0] phase=0.689 raw_action_max=0.758 filtered_max=0.544 tau_raw_max=10.86Nm tau_safe_max=10.86Nm clipped=0/12 send_ok=True max_age=15.0ms
[mydog_clearance_robust_node-2] [WARN] [1784084484.764315439] [mydog_clearance_robust_5730_node]: [PARITY_FIXED] estimator/motor snapshot mismatch: snapshot_tick_lag_a=20ms,lag_b=40ms; obs base_lin_vel zeroed=False
[mydog_clearance_robust_node-2] [INFO] [1784084484.965235590] [mydog_clearance_robust_5730_node]: [LOOP_RATE] hz=49.97 period_med=20.01ms p95=20.69ms max=23.26ms csv_queue=0 csv_dropped=0
[mydog_state_estimator_node-1] [INFO] [1784084485.449482781] [mydog_state_estimator_node]: base_lin_vel=[-0.005 -0.072  0.   ] raw=[-0.103 -0.099  0.   ] stance=[1, 0, 1, 0] height=[0.28  0.293 0.289 0.271] conf=1.00 seqA/B=23268/23268 max_age=14.0ms
[mydog_clearance_robust_node-2] [INFO] [1784084485.450838063] [mydog_clearance_robust_5730_node]: [PARITY_FIXED][SEND] ok | http=6.19ms spi=1.78ms frames=2 batch=True max_delta=0.136
[mydog_clearance_robust_node-2] [INFO] [1784084485.571623089] [mydog_clearance_robust_5730_node]: [PARITY_FIXED] cmd=[0.0, 0.0, 0.0] phase=0.956 raw_action_max=0.891 filtered_max=0.851 tau_raw_max=6.06Nm tau_safe_max=6.06Nm clipped=0/12 send_ok=True max_age=14.0ms
[mydog_clearance_robust_node-2] [WARN] [1784084486.002661732] [mydog_clearance_robust_5730_node]: [PARITY_FIXED] estimator/motor snapshot mismatch: snapshot_tick_lag_a=39ms,lag_b=21ms; obs base_lin_vel zeroed=False
[mydog_state_estimator_node-1] [INFO] [1784084486.453187898] [mydog_state_estimator_node]: base_lin_vel=[-0.084 -0.005  0.   ] raw=[-0.243 -0.017  0.   ] stance=[1, 0, 0, 1] height=[0.294 0.281 0.277 0.287] conf=1.00 seqA/B=23367/23367 max_age=15.0ms
[mydog_clearance_robust_node-2] [INFO] [1784084486.454134343] [mydog_clearance_robust_5730_node]: [PARITY_FIXED][SEND] ok | http=8.15ms spi=2.94ms frames=2 batch=True max_delta=0.079
[mydog_clearance_robust_node-2] [INFO] [1784084486.573765936] [mydog_clearance_robust_5730_node]: [PARITY_FIXED] cmd=[0.0, 0.0, 0.0] phase=0.178 raw_action_max=0.791 filtered_max=0.624 tau_raw_max=7.18Nm tau_safe_max=7.18Nm clipped=0/12 send_ok=True max_age=15.0ms
[mydog_clearance_robust_node-2] [INFO] [1784084486.981333392] [mydog_clearance_robust_5730_node]: [LOOP_RATE] hz=50.05 period_med=20.00ms p95=20.95ms max=21.35ms csv_queue=0 csv_dropped=0
[mydog_clearance_robust_node-2] [WARN] [1784084487.401370872] [mydog_clearance_robust_5730_node]: [PARITY_FIXED] estimator/motor snapshot mismatch: snapshot_tick_lag_a=58ms,lag_b=58ms; obs base_lin_vel zeroed=False
[mydog_state_estimator_node-1] [INFO] [1784084487.468956270] [mydog_state_estimator_node]: base_lin_vel=[ 0.007 -0.009  0.   ] raw=[-0.094 -0.079  0.   ] stance=[0, 0, 1, 1] height=[0.292 0.284 0.277 0.289] conf=1.00 seqA/B=23470/23470 max_age=14.0ms
[mydog_clearance_robust_node-2] [INFO] [1784084487.474311508] [mydog_clearance_robust_5730_node]: [PARITY_FIXED][SEND] ok | http=10.35ms spi=2.43ms frames=2 batch=True max_delta=0.129
[mydog_clearance_robust_node-2] [INFO] [1784084487.593665330] [mydog_clearance_robust_5730_node]: [PARITY_FIXED] cmd=[0.0, 0.0, 0.0] phase=0.444 raw_action_max=0.892 filtered_max=0.852 tau_raw_max=5.84Nm tau_safe_max=5.84Nm clipped=0/12 send_ok=True max_age=14.0ms
[mydog_state_estimator_node-1] [INFO] [1784084488.473802028] [mydog_state_estimator_node]: base_lin_vel=[-0.065  0.038  0.   ] raw=[-0.102  0.043  0.   ] stance=[0, 1, 1, 0] height=[0.281 0.294 0.285 0.279] conf=1.00 seqA/B=23568/23568 max_age=14.0ms
[mydog_clearance_robust_node-2] [INFO] [1784084488.474933211] [mydog_clearance_robust_5730_node]: [PARITY_FIXED][SEND] ok | http=9.43ms spi=2.03ms frames=2 batch=True max_delta=0.055
[mydog_clearance_robust_node-2] [INFO] [1784084488.594568788] [mydog_clearance_robust_5730_node]: [PARITY_FIXED] cmd=[0.0, 0.0, 0.0] phase=0.667 raw_action_max=0.813 filtered_max=0.614 tau_raw_max=6.57Nm tau_safe_max=6.57Nm clipped=0/12 send_ok=True max_age=14.0ms
[mydog_clearance_robust_node-2] [WARN] [1784084488.801502016] [mydog_clearance_robust_5730_node]: [PARITY_FIXED] estimator/motor snapshot mismatch: snapshot_tick_lag_a=44ms,lag_b=44ms; obs base_lin_vel zeroed=False
[mydog_clearance_robust_node-2] [INFO] [1784084489.003101703] [mydog_clearance_robust_5730_node]: [LOOP_RATE] hz=49.97 period_med=20.01ms p95=21.14ms max=21.94ms csv_queue=0 csv_dropped=0
[mydog_state_estimator_node-1] [INFO] [1784084489.490183002] [mydog_state_estimator_node]: base_lin_vel=[ 0.089 -0.048  0.   ] raw=[ 0.146 -0.057  0.   ] stance=[0, 1, 1, 0] height=[0.28  0.294 0.29  0.273] conf=1.00 seqA/B=23670/23670 max_age=14.0ms
[mydog_clearance_robust_node-2] [INFO] [1784084489.495141691] [mydog_clearance_robust_5730_node]: [PARITY_FIXED][SEND] ok | http=6.14ms spi=1.36ms frames=2 batch=True max_delta=0.151
[mydog_clearance_robust_node-2] [INFO] [1784084489.596972965] [mydog_clearance_robust_5730_node]: [PARITY_FIXED] cmd=[0.0, 0.0, 0.0] phase=0.889 raw_action_max=0.846 filtered_max=0.806 tau_raw_max=4.16Nm tau_safe_max=4.16Nm clipped=0/12 send_ok=True max_age=14.0ms
[mydog_state_estimator_node-1] [INFO] [1784084490.493888512] [mydog_state_estimator_node]: base_lin_vel=[-0.038 -0.03   0.   ] raw=[-0.058 -0.026  0.   ] stance=[1, 0, 0, 1] height=[0.294 0.282 0.279 0.285] conf=1.00 seqA/B=23769/23769 max_age=12.0ms
[mydog_clearance_robust_node-2] [INFO] [1784084490.496098780] [mydog_clearance_robust_5730_node]: [PARITY_FIXED][SEND] ok | http=12.04ms spi=3.00ms frames=2 batch=True max_delta=0.068
[mydog_clearance_robust_node-2] [INFO] [1784084490.596764720] [mydog_clearance_robust_5730_node]: [PARITY_FIXED] cmd=[0.0, 0.0, 0.0] phase=0.111 raw_action_max=0.717 filtered_max=0.662 tau_raw_max=6.98Nm tau_safe_max=6.98Nm clipped=0/12 send_ok=True max_age=14.0ms
[mydog_clearance_robust_node-2] [WARN] [1784084490.662557506] [mydog_clearance_robust_5730_node]: [PARITY_FIXED] estimator/motor snapshot mismatch: snapshot_tick_lag_a=39ms,lag_b=39ms; obs base_lin_vel zeroed=False
[mydog_clearance_robust_node-2] [INFO] [1784084491.021790240] [mydog_clearance_robust_5730_node]: [LOOP_RATE] hz=50.02 period_med=20.00ms p95=20.64ms max=22.87ms csv_queue=0 csv_dropped=0
[mydog_state_estimator_node-1] [INFO] [1784084491.512281919] [mydog_state_estimator_node]: base_lin_vel=[-0.003  0.049  0.   ] raw=[-0.042  0.102  0.   ] stance=[0, 1, 0, 1] height=[0.295 0.28  0.274 0.289] conf=1.00 seqA/B=23870/23870 max_age=13.0ms
[mydog_clearance_robust_node-2] [INFO] [1784084491.515157828] [mydog_clearance_robust_5730_node]: [PARITY_FIXED][SEND] ok | http=8.36ms spi=2.38ms frames=2 batch=True max_delta=0.139
[mydog_clearance_robust_node-2] [INFO] [1784084491.612061377] [mydog_clearance_robust_5730_node]: [PARITY_FIXED] cmd=[0.0, 0.0, 0.0] phase=0.378 raw_action_max=0.874 filtered_max=0.831 tau_raw_max=2.48Nm tau_safe_max=2.48Nm clipped=0/12 send_ok=True max_age=15.0ms
[mydog_clearance_robust_node-2] [WARN] [1784084492.341510408] [mydog_clearance_robust_5730_node]: [PARITY_FIXED] estimator/motor snapshot mismatch: snapshot_tick_lag_a=40ms,lag_b=41ms; obs base_lin_vel zeroed=False
[mydog_clearance_robust_node-2] [INFO] [1784084492.515534585] [mydog_clearance_robust_5730_node]: [PARITY_FIXED][SEND] ok | http=9.05ms spi=2.74ms frames=2 batch=True max_delta=0.077
[mydog_state_estimator_node-1] [INFO] [1784084492.529705326] [mydog_state_estimator_node]: base_lin_vel=[-0.147  0.047  0.   ] raw=[-0.269  0.016  0.   ] stance=[0, 1, 1, 0] height=[0.28  0.294 0.286 0.273] conf=1.00 seqA/B=23972/23972 max_age=14.0ms
[mydog_clearance_robust_node-2] [INFO] [1784084492.621569029] [mydog_clearance_robust_5730_node]: [PARITY_FIXED] cmd=[0.0, 0.0, 0.0] phase=0.600 raw_action_max=0.626 filtered_max=0.651 tau_raw_max=6.91Nm tau_safe_max=6.91Nm clipped=0/12 send_ok=True max_age=13.0ms
[mydog_clearance_robust_node-2] [INFO] [1784084493.042728235] [mydog_clearance_robust_5730_node]: [LOOP_RATE] hz=50.01 period_med=20.00ms p95=20.69ms max=22.59ms csv_queue=0 csv_dropped=0
[mydog_state_estimator_node-1] [INFO] [1784084493.533101417] [mydog_state_estimator_node]: base_lin_vel=[ 0.117 -0.061  0.   ] raw=[ 0.249 -0.086  0.   ] stance=[0, 1, 1, 0] height=[0.279 0.294 0.29  0.271] conf=1.00 seqA/B=24071/24071 max_age=15.0ms
[mydog_clearance_robust_node-2] [INFO] [1784084493.534258296] [mydog_clearance_robust_5730_node]: [PARITY_FIXED][SEND] ok | http=7.65ms spi=1.48ms frames=2 batch=True max_delta=0.128
[mydog_clearance_robust_node-2] [INFO] [1784084493.636611598] [mydog_clearance_robust_5730_node]: [PARITY_FIXED] cmd=[0.0, 0.0, 0.0] phase=0.867 raw_action_max=0.866 filtered_max=0.796 tau_raw_max=3.97Nm tau_safe_max=3.97Nm clipped=0/12 send_ok=True max_age=13.0ms
[mydog_clearance_robust_node-2] [WARN] [1784084493.841822016] [mydog_clearance_robust_5730_node]: [PARITY_FIXED] estimator/motor snapshot mismatch: snapshot_tick_lag_a=39ms,lag_b=38ms; obs base_lin_vel zeroed=False
[mydog_state_estimator_node-1] [INFO] [1784084494.549532457] [mydog_state_estimator_node]: base_lin_vel=[-0.1   -0.056  0.   ] raw=[-0.154 -0.064  0.   ] stance=[1, 0, 0, 1] height=[0.296 0.278 0.276 0.285] conf=1.00 seqA/B=24174/24174 max_age=15.0ms
[mydog_clearance_robust_node-2] [INFO] [1784084494.552903539] [mydog_clearance_robust_5730_node]: [PARITY_FIXED][SEND] ok | http=8.27ms spi=2.77ms frames=2 batch=True max_delta=0.082
[mydog_clearance_robust_node-2] [INFO] [1784084494.636452085] [mydog_clearance_robust_5730_node]: [PARITY_FIXED] cmd=[0.0, 0.0, 0.0] phase=0.089 raw_action_max=0.679 filtered_max=0.702 tau_raw_max=6.22Nm tau_safe_max=6.22Nm clipped=0/12 send_ok=True max_age=12.0ms
[mydog_clearance_robust_node-2] [INFO] [1784084495.061411925] [mydog_clearance_robust_5730_node]: [LOOP_RATE] hz=50.00 period_med=20.01ms p95=20.96ms max=24.73ms csv_queue=0 csv_dropped=0
[mydog_clearance_robust_node-2] [WARN] [1784084495.170392370] [mydog_clearance_robust_5730_node]: [PARITY_FIXED] estimator/motor snapshot mismatch: snapshot_tick_lag_a=46ms,lag_b=47ms; obs base_lin_vel zeroed=False
[mydog_clearance_robust_node-2] [INFO] [1784084495.558710285] [mydog_clearance_robust_5730_node]: [PARITY_FIXED][SEND] ok | http=9.67ms spi=2.37ms frames=2 batch=True max_delta=0.120
[mydog_state_estimator_node-1] [INFO] [1784084495.572189175] [mydog_state_estimator_node]: base_lin_vel=[-0.049  0.03   0.   ] raw=[-0.013  0.054  0.   ] stance=[1, 0, 0, 1] height=[0.294 0.279 0.274 0.288] conf=1.00 seqA/B=24272/24272 max_age=14.0ms
[mydog_clearance_robust_node-2] [INFO] [1784084495.653007377] [mydog_clearance_robust_5730_node]: [PARITY_FIXED] cmd=[0.0, 0.0, 0.0] phase=0.356 raw_action_max=0.874 filtered_max=0.805 tau_raw_max=3.14Nm tau_safe_max=3.14Nm clipped=0/12 send_ok=True max_age=14.0ms
[mydog_clearance_robust_node-2] [WARN] [1784084496.179548751] [mydog_clearance_robust_5730_node]: [PARITY_FIXED] estimator/motor snapshot mismatch: snapshot_tick_lag_a=80ms,lag_b=79ms; obs base_lin_vel zeroed=False
[mydog_clearance_robust_node-2] [INFO] [1784084496.573236278] [mydog_clearance_robust_5730_node]: [PARITY_FIXED][SEND] ok | http=8.53ms spi=2.79ms frames=2 batch=True max_delta=0.050
[mydog_state_estimator_node-1] [INFO] [1784084496.589265087] [mydog_state_estimator_node]: base_lin_vel=[ 0.012 -0.007  0.   ] raw=[-0.11 -0.02  0.  ] stance=[0, 1, 1, 0] height=[0.275 0.296 0.289 0.273] conf=1.00 seqA/B=24376/24376 max_age=14.0ms
[mydog_clearance_robust_node-2] [INFO] [1784084496.653972330] [mydog_clearance_robust_5730_node]: [PARITY_FIXED] cmd=[0.0, 0.0, 0.0] phase=0.578 raw_action_max=0.697 filtered_max=0.741 tau_raw_max=7.29Nm tau_safe_max=7.29Nm clipped=0/12 send_ok=True max_age=15.0ms
[mydog_clearance_robust_node-2] [INFO] [1784084497.062085603] [mydog_clearance_robust_5730_node]: [LOOP_RATE] hz=50.00 period_med=20.00ms p95=22.71ms max=29.52ms csv_queue=0 csv_dropped=0
[mydog_clearance_robust_node-2] [WARN] [1784084497.181001487] [mydog_clearance_robust_5730_node]: [PARITY_FIXED] estimator/motor snapshot mismatch: snapshot_tick_lag_a=44ms,lag_b=44ms; obs base_lin_vel zeroed=False
[mydog_clearance_robust_node-2] [INFO] [1784084497.574506684] [mydog_clearance_robust_5730_node]: [PARITY_FIXED][SEND] ok | http=9.73ms spi=2.14ms frames=2 batch=True max_delta=0.121
[mydog_state_estimator_node-1] [INFO] [1784084497.589564664] [mydog_state_estimator_node]: base_lin_vel=[-0.03 -0.05  0.  ] raw=[ 0.002 -0.034  0.   ] stance=[0, 1, 1, 0] height=[0.283 0.292 0.29  0.275] conf=1.00 seqA/B=24475/24475 max_age=13.0ms
[mydog_clearance_robust_node-2] [INFO] [1784084497.654549539] [mydog_clearance_robust_5730_node]: [PARITY_FIXED] cmd=[0.0, 0.0, 0.0] phase=0.800 raw_action_max=0.891 filtered_max=0.753 tau_raw_max=4.84Nm tau_safe_max=4.84Nm clipped=0/12 send_ok=True max_age=14.0ms
[mydog_state_estimator_node-1] [INFO] [1784084498.590759361] [mydog_state_estimator_node]: base_lin_vel=[ 0.004 -0.056  0.   ] raw=[ 0.046 -0.033  0.   ] stance=[1, 0, 0, 1] height=[0.293 0.282 0.277 0.285] conf=1.00 seqA/B=24573/24573 max_age=14.0ms
[mydog_clearance_robust_node-2] [INFO] [1784084498.592635928] [mydog_clearance_robust_5730_node]: [PARITY_FIXED][SEND] ok | http=6.74ms spi=2.29ms frames=2 batch=True max_delta=0.067
[mydog_clearance_robust_node-2] [INFO] [1784084498.677845594] [mydog_clearance_robust_5730_node]: [PARITY_FIXED] cmd=[0.0, 0.0, 0.0] phase=0.067 raw_action_max=0.666 filtered_max=0.759 tau_raw_max=6.11Nm tau_safe_max=6.11Nm clipped=0/12 send_ok=True max_age=14.0ms
[mydog_clearance_robust_node-2] [WARN] [1784084499.044885637] [mydog_clearance_robust_5730_node]: [PARITY_FIXED] estimator/motor snapshot mismatch: snapshot_tick_lag_a=44ms,lag_b=44ms; obs base_lin_vel zeroed=False
[mydog_clearance_robust_node-2] [INFO] [1784084499.064767707] [mydog_clearance_robust_5730_node]: [LOOP_RATE] hz=49.96 period_med=20.00ms p95=20.90ms max=26.42ms csv_queue=0 csv_dropped=0
[mydog_clearance_robust_node-2] [INFO] [1784084499.096252704] [mydog_clearance_robust_5730_node]: [CMD] received /cmd_vel target=[0.11999999731779099, 0.0, 0.0] smoothed=[0.11999999731779099, 0.0, 0.0]
[mydog_clearance_robust_node-2] [INFO] [1784084499.096996809] [mydog_clearance_robust_5730_node]: [CLEARANCE_ROBUST_5730] heading anchor reset | reason=fresh_command_stream, target=-0.4330rad
[mydog_clearance_robust_node-2] [INFO] [1784084499.097614993] [mydog_clearance_robust_5730_node]: [CLEARANCE_ROBUST_5730] clearance transition reset | reason=fresh_command_stream, cmd=[0.11999999731779099, 0.0, 0.0]
[mydog_clearance_robust_node-2] [INFO] [1784084499.475687794] [mydog_clearance_robust_5730_node]: [CLEARANCE_ROBUST_5730] clearance transition reset | reason=command_transition, cmd=[0.0, 0.0, 0.0]
[mydog_state_estimator_node-1] [INFO] [1784084499.609393222] [mydog_state_estimator_node]: base_lin_vel=[-0.24  -0.001  0.   ] raw=[-0.198  0.006  0.   ] stance=[1, 0, 0, 1] height=[0.294 0.28  0.272 0.29 ] conf=1.00 seqA/B=24674/24674 max_age=13.0ms
[mydog_clearance_robust_node-2] [INFO] [1784084499.611078843] [mydog_clearance_robust_5730_node]: [PARITY_FIXED][SEND] ok | http=6.31ms spi=1.43ms frames=2 batch=True max_delta=0.151
[mydog_clearance_robust_node-2] [INFO] [1784084499.700141192] [mydog_clearance_robust_5730_node]: [PARITY_FIXED] cmd=[0.0, 0.0, 0.0] phase=0.333 raw_action_max=0.918 filtered_max=0.820 tau_raw_max=5.86Nm tau_safe_max=5.86Nm clipped=0/12 send_ok=True max_age=15.0ms
[mydog_clearance_robust_node-2] [WARN] [1784084500.061658137] [mydog_clearance_robust_5730_node]: [PARITY_FIXED] estimator/motor snapshot mismatch: snapshot_tick_lag_a=44ms,lag_b=43ms; obs base_lin_vel zeroed=False
[mydog_state_estimator_node-1] [INFO] [1784084500.611581702] [mydog_state_estimator_node]: base_lin_vel=[0.016 0.078 0.   ] raw=[-0.14   0.071  0.   ] stance=[0, 1, 1, 0] height=[0.283 0.292 0.287 0.274] conf=1.00 seqA/B=24773/24773 max_age=14.0ms
[mydog_clearance_robust_node-2] [INFO] [1784084500.613223707] [mydog_clearance_robust_5730_node]: [PARITY_FIXED][SEND] ok | http=7.16ms spi=1.92ms frames=2 batch=True max_delta=0.066
[mydog_clearance_robust_node-2] [INFO] [1784084500.715119584] [mydog_clearance_robust_5730_node]: [PARITY_FIXED] cmd=[0.0, 0.0, 0.0] phase=0.600 raw_action_max=0.653 filtered_max=0.673 tau_raw_max=7.26Nm tau_safe_max=7.26Nm clipped=0/12 send_ok=True max_age=15.0ms
[mydog_clearance_robust_node-2] [WARN] [1784084501.063945568] [mydog_clearance_robust_5730_node]: [PARITY_FIXED] estimator/motor snapshot mismatch: snapshot_tick_lag_a=49ms,lag_b=49ms; obs base_lin_vel zeroed=False
[mydog_clearance_robust_node-2] [INFO] [1784084501.082954089] [mydog_clearance_robust_5730_node]: [LOOP_RATE] hz=50.01 period_med=20.00ms p95=22.07ms max=25.05ms csv_queue=0 csv_dropped=0
[mydog_clearance_robust_node-2] [INFO] [1784084501.613277800] [mydog_clearance_robust_5730_node]: [PARITY_FIXED][SEND] ok | http=7.23ms spi=1.26ms frames=2 batch=True max_delta=0.152
[mydog_state_estimator_node-1] [INFO] [1784084501.630313720] [mydog_state_estimator_node]: base_lin_vel=[ 0.056 -0.051  0.   ] raw=[ 0.11  -0.066  0.   ] stance=[0, 1, 1, 0] height=[0.279 0.295 0.29  0.271] conf=1.00 seqA/B=24875/24875 max_age=14.0ms
[mydog_clearance_robust_node-2] [INFO] [1784084501.714753506] [mydog_clearance_robust_5730_node]: [PARITY_FIXED] cmd=[0.0, 0.0, 0.0] phase=0.822 raw_action_max=0.882 filtered_max=0.767 tau_raw_max=5.53Nm tau_safe_max=5.53Nm clipped=0/12 send_ok=True max_age=13.0ms
[mydog_clearance_robust_node-2] [WARN] [1784084502.343003837] [mydog_clearance_robust_5730_node]: [PARITY_FIXED] estimator/motor snapshot mismatch: snapshot_tick_lag_a=42ms,lag_b=42ms; obs base_lin_vel zeroed=False
[mydog_clearance_robust_node-2] [INFO] [1784084502.614301257] [mydog_clearance_robust_5730_node]: [PARITY_FIXED][SEND] ok | http=11.57ms spi=3.54ms frames=2 batch=True max_delta=0.135
[mydog_state_estimator_node-1] [INFO] [1784084502.633297808] [mydog_state_estimator_node]: base_lin_vel=[ 0.05  -0.065  0.   ] raw=[ 0.161 -0.073  0.   ] stance=[0, 1, 1, 0] height=[0.286 0.289 0.287 0.278] conf=1.00 seqA/B=24971/24971 max_age=15.0ms
[mydog_clearance_robust_node-2] [INFO] [1784084502.721193216] [mydog_clearance_robust_5730_node]: [PARITY_FIXED] cmd=[0.0, 0.0, 0.0] phase=1.000 raw_action_max=0.877 filtered_max=0.878 tau_raw_max=8.87Nm tau_safe_max=8.87Nm clipped=0/12 send_ok=True max_age=15.0ms
[mydog_clearance_robust_node-2] [INFO] [1784084503.105615465] [mydog_clearance_robust_5730_node]: [LOOP_RATE] hz=49.02 period_med=20.00ms p95=23.50ms max=39.12ms csv_queue=0 csv_dropped=0
[mydog_clearance_robust_node-2] [INFO] [1784084503.177067212] [mydog_clearance_robust_5730_node]: [CMD] received /cmd_vel target=[-0.05000000074505806, 0.0, 0.0] smoothed=[-0.05000000074505806, 0.0, 0.0]
[mydog_clearance_robust_node-2] [INFO] [1784084503.177859702] [mydog_clearance_robust_5730_node]: [CLEARANCE_ROBUST_5730] heading anchor reset | reason=fresh_command_stream, target=-0.4330rad
[mydog_clearance_robust_node-2] [INFO] [1784084503.178539070] [mydog_clearance_robust_5730_node]: [CLEARANCE_ROBUST_5730] clearance transition reset | reason=fresh_command_stream, cmd=[-0.05000000074505806, 0.0, 0.0]
[mydog_clearance_robust_node-2] [INFO] [1784084503.615944763] [mydog_clearance_robust_5730_node]: [PARITY_FIXED][SEND] ok | http=10.52ms spi=2.57ms frames=2 batch=True max_delta=0.089
[mydog_state_estimator_node-1] [INFO] [1784084503.648923691] [mydog_state_estimator_node]: base_lin_vel=[-0.089  0.04   0.   ] raw=[-0.121  0.097  0.   ] stance=[1, 0, 0, 1] height=[0.293 0.262 0.258 0.288] conf=1.00 seqA/B=25074/25074 max_age=15.0ms
[mydog_clearance_robust_node-2] [INFO] [1784084503.733836017] [mydog_clearance_robust_5730_node]: [PARITY_FIXED] cmd=[-0.05000000074505806, 0.0, 0.0] phase=0.244 raw_action_max=0.788 filtered_max=0.637 tau_raw_max=13.41Nm tau_safe_max=13.00Nm clipped=1/12 send_ok=True max_age=12.0ms
[mydog_clearance_robust_node-2] [INFO] [1784084504.237628615] [mydog_clearance_robust_5730_node]: [CMD] received /cmd_vel target=[-0.05000000074505806, 0.0, 0.0] smoothed=[-0.05000000074505806, 0.0, 0.0]
[mydog_clearance_robust_node-2] [WARN] [1784084504.362379499] [mydog_clearance_robust_5730_node]: [PARITY_FIXED] estimator/motor snapshot mismatch: snapshot_tick_lag_a=44ms,lag_b=44ms; obs base_lin_vel zeroed=False
[mydog_clearance_robust_node-2] [INFO] [1784084504.620417369] [mydog_clearance_robust_5730_node]: [PARITY_FIXED][SEND] ok | http=14.42ms spi=1.51ms frames=2 batch=True max_delta=0.184
[mydog_state_estimator_node-1] [INFO] [1784084504.651594289] [mydog_state_estimator_node]: base_lin_vel=[0.095 0.022 0.   ] raw=[ 0.209 -0.009  0.   ] stance=[1, 0, 0, 1] height=[0.288 0.284 0.278 0.288] conf=1.00 seqA/B=25170/25170 max_age=14.0ms
[mydog_clearance_robust_node-2] [INFO] [1784084504.736505363] [mydog_clearance_robust_5730_node]: [PARITY_FIXED] cmd=[-0.05000000074505806, 0.0, 0.0] phase=0.467 raw_action_max=0.852 filtered_max=0.795 tau_raw_max=9.37Nm tau_safe_max=9.37Nm clipped=0/12 send_ok=True max_age=14.0ms
[mydog_clearance_robust_node-2] [INFO] [1784084505.123616787] [mydog_clearance_robust_5730_node]: [LOOP_RATE] hz=50.03 period_med=20.01ms p95=20.65ms max=30.89ms csv_queue=0 csv_dropped=0
[mydog_clearance_robust_node-2] [INFO] [1784084505.254600922] [mydog_clearance_robust_5730_node]: [CMD] received /cmd_vel target=[-0.05000000074505806, 0.0, 0.0] smoothed=[-0.05000000074505806, 0.0, 0.0]
[mydog_clearance_robust_node-2] [INFO] [1784084505.632060631] [mydog_clearance_robust_5730_node]: [PARITY_FIXED][SEND] ok | http=8.01ms spi=2.41ms frames=2 batch=True max_delta=0.090
[mydog_state_estimator_node-1] [INFO] [1784084505.671140590] [mydog_state_estimator_node]: base_lin_vel=[-0.181  0.024  0.   ] raw=[-0.26 -0.01  0.  ] stance=[0, 1, 1, 0] height=[0.254 0.296 0.282 0.25 ] conf=1.00 seqA/B=25273/25273 max_age=15.0ms
[mydog_clearance_robust_node-2] [INFO] [1784084505.757290778] [mydog_clearance_robust_5730_node]: [PARITY_FIXED] cmd=[-0.05000000074505806, 0.0, 0.0] phase=0.733 raw_action_max=0.816 filtered_max=0.696 tau_raw_max=9.95Nm tau_safe_max=9.95Nm clipped=0/12 send_ok=True max_age=15.0ms
[mydog_clearance_robust_node-2] [WARN] [1784084505.963570732] [mydog_clearance_robust_5730_node]: [PARITY_FIXED] estimator/motor snapshot mismatch: snapshot_tick_lag_a=41ms,lag_b=42ms; obs base_lin_vel zeroed=False
[mydog_clearance_robust_node-2] [INFO] [1784084506.177220013] [mydog_clearance_robust_5730_node]: [CLEARANCE_ROBUST_5730] clearance transition reset | reason=command_transition, cmd=[0.0, 0.0, 0.0]
[mydog_clearance_robust_node-2] [INFO] [1784084506.275024289] [mydog_clearance_robust_5730_node]: [CMD] received /cmd_vel target=[0.0, 0.0, 0.0] smoothed=[0.0, 0.0, 0.0]
[mydog_clearance_robust_node-2] [INFO] [1784084506.636489834] [mydog_clearance_robust_5730_node]: [PARITY_FIXED][SEND] ok | http=6.92ms spi=1.93ms frames=2 batch=True max_delta=0.133
[mydog_state_estimator_node-1] [INFO] [1784084506.692426472] [mydog_state_estimator_node]: base_lin_vel=[ 0.071 -0.121  0.   ] raw=[ 0.052 -0.211  0.   ] stance=[1, 1, 0, 0] height=[0.291 0.286 0.285 0.277] conf=1.00 seqA/B=25374/25373 max_age=14.0ms
[mydog_clearance_robust_node-2] [INFO] [1784084506.764649642] [mydog_clearance_robust_5730_node]: [PARITY_FIXED] cmd=[0.0, 0.0, 0.0] phase=0.956 raw_action_max=0.901 filtered_max=0.796 tau_raw_max=7.61Nm tau_safe_max=7.61Nm clipped=0/12 send_ok=True max_age=15.0ms
[mydog_clearance_robust_node-2] [INFO] [1784084507.122061629] [mydog_clearance_robust_5730_node]: [LOOP_RATE] hz=49.99 period_med=20.00ms p95=21.36ms max=23.48ms csv_queue=0 csv_dropped=0
[mydog_clearance_robust_node-2] [WARN] [1784084507.141563141] [mydog_clearance_robust_5730_node]: [PARITY_FIXED] estimator/motor snapshot mismatch: snapshot_tick_lag_a=38ms,lag_b=38ms; obs base_lin_vel zeroed=False
[mydog_clearance_robust_node-2] [INFO] [1784084507.649724019] [mydog_clearance_robust_5730_node]: [PARITY_FIXED][SEND] ok | http=5.24ms spi=1.28ms frames=2 batch=True max_delta=0.098
[mydog_state_estimator_node-1] [INFO] [1784084507.712281469] [mydog_state_estimator_node]: base_lin_vel=[0.031 0.012 0.   ] raw=[0.15  0.042 0.   ] stance=[1, 0, 0, 1] height=[0.293 0.28  0.276 0.287] conf=1.00 seqA/B=25477/25477 max_age=14.0ms
[mydog_clearance_robust_node-2] [INFO] [1784084507.774116030] [mydog_clearance_robust_5730_node]: [PARITY_FIXED] cmd=[0.0, 0.0, 0.0] phase=0.222 raw_action_max=0.887 filtered_max=0.732 tau_raw_max=6.90Nm tau_safe_max=6.90Nm clipped=0/12 send_ok=True max_age=14.0ms
[mydog_clearance_robust_node-2] [INFO] [1784084508.655134090] [mydog_clearance_robust_5730_node]: [PARITY_FIXED][SEND] ok | http=7.80ms spi=1.64ms frames=2 batch=True max_delta=0.149
[mydog_state_estimator_node-1] [INFO] [1784084508.711675434] [mydog_state_estimator_node]: base_lin_vel=[-0.065 -0.007  0.   ] raw=[-0.08   0.163  0.   ] stance=[0, 1, 0, 0] height=[0.289 0.288 0.286 0.278] conf=0.50 seqA/B=25575/25575 max_age=15.0ms
[mydog_clearance_robust_node-2] [WARN] [1784084508.762794921] [mydog_clearance_robust_5730_node]: [PARITY_FIXED] estimator/motor snapshot mismatch: snapshot_tick_lag_a=43ms,lag_b=43ms; obs base_lin_vel zeroed=False
[mydog_clearance_robust_node-2] [INFO] [1784084508.776981393] [mydog_clearance_robust_5730_node]: [PARITY_FIXED] cmd=[0.0, 0.0, 0.0] phase=0.444 raw_action_max=0.890 filtered_max=0.896 tau_raw_max=3.69Nm tau_safe_max=3.69Nm clipped=0/12 send_ok=True max_age=14.0ms
[mydog_clearance_robust_node-2] [INFO] [1784084509.128722653] [mydog_clearance_robust_5730_node]: [LOOP_RATE] hz=49.91 period_med=20.01ms p95=21.17ms max=22.35ms csv_queue=0 csv_dropped=0
[mydog_clearance_robust_node-2] [INFO] [1784084509.671602290] [mydog_clearance_robust_5730_node]: [PARITY_FIXED][SEND] ok | http=7.11ms spi=1.31ms frames=2 batch=True max_delta=0.069
[mydog_state_estimator_node-1] [INFO] [1784084509.729541375] [mydog_state_estimator_node]: base_lin_vel=[-0.044  0.021  0.   ] raw=[ 0.07  -0.032  0.   ] stance=[0, 1, 1, 0] height=[0.274 0.297 0.286 0.267] conf=1.00 seqA/B=25675/25675 max_age=13.0ms
[mydog_clearance_robust_node-2] [INFO] [1784084509.801262447] [mydog_clearance_robust_5730_node]: [PARITY_FIXED] cmd=[0.0, 0.0, 0.0] phase=0.667 raw_action_max=0.753 filtered_max=0.522 tau_raw_max=7.04Nm tau_safe_max=7.04Nm clipped=0/12 send_ok=True max_age=15.0ms
[mydog_clearance_robust_node-2] [WARN] [1784084509.803025860] [mydog_clearance_robust_5730_node]: [PARITY_FIXED] estimator/motor snapshot mismatch: snapshot_tick_lag_a=42ms,lag_b=41ms; obs base_lin_vel zeroed=False
[mydog_clearance_robust_node-2] [INFO] [1784084509.836894005] [mydog_clearance_robust_5730_node]: [CMD] received /cmd_vel target=[0.0, 0.029999999329447746, 0.0] smoothed=[0.0, 0.029999999329447746, 0.0]
[mydog_clearance_robust_node-2] [INFO] [1784084509.837597821] [mydog_clearance_robust_5730_node]: [CLEARANCE_ROBUST_5730] heading anchor reset | reason=fresh_command_stream, target=-0.4330rad
[mydog_clearance_robust_node-2] [INFO] [1784084510.675813975] [mydog_clearance_robust_5730_node]: [PARITY_FIXED][SEND] ok | http=8.54ms spi=2.28ms frames=2 batch=True max_delta=0.317
[mydog_state_estimator_node-1] [INFO] [1784084510.729400174] [mydog_state_estimator_node]: base_lin_vel=[-0.077  0.009  0.   ] raw=[-0.07   0.033  0.   ] stance=[1, 0, 0, 1] height=[0.297 0.258 0.26  0.284] conf=1.00 seqA/B=25774/25774 max_age=15.0ms
