Component: ARM Compiler 5.06 update 7 (build 960) Tool: armlink [4d3601]

==============================================================================

Section Cross References

    startup_stm32h750xx.o(STACK) refers (Special) to heapauxi.o(.text) for __use_two_region_memory
    startup_stm32h750xx.o(HEAP) refers (Special) to heapauxi.o(.text) for __use_two_region_memory
    startup_stm32h750xx.o(RESET) refers (Special) to heapauxi.o(.text) for __use_two_region_memory
    startup_stm32h750xx.o(RESET) refers to startup_stm32h750xx.o(STACK) for __initial_sp
    startup_stm32h750xx.o(RESET) refers to startup_stm32h750xx.o(.text) for Reset_Handler
    startup_stm32h750xx.o(RESET) refers to stm32h7xx_it.o(i.NMI_Handler) for NMI_Handler
    startup_stm32h750xx.o(RESET) refers to stm32h7xx_it.o(i.HardFault_Handler) for HardFault_Handler
    startup_stm32h750xx.o(RESET) refers to stm32h7xx_it.o(i.MemManage_Handler) for MemManage_Handler
    startup_stm32h750xx.o(RESET) refers to stm32h7xx_it.o(i.BusFault_Handler) for BusFault_Handler
    startup_stm32h750xx.o(RESET) refers to stm32h7xx_it.o(i.UsageFault_Handler) for UsageFault_Handler
    startup_stm32h750xx.o(RESET) refers to stm32h7xx_it.o(i.SVC_Handler) for SVC_Handler
    startup_stm32h750xx.o(RESET) refers to stm32h7xx_it.o(i.DebugMon_Handler) for DebugMon_Handler
    startup_stm32h750xx.o(RESET) refers to stm32h7xx_it.o(i.PendSV_Handler) for PendSV_Handler
    startup_stm32h750xx.o(RESET) refers to stm32h7xx_it.o(i.SysTick_Handler) for SysTick_Handler
    startup_stm32h750xx.o(RESET) refers to fdcan.o(i.FDCAN1_IT0_IRQHandler) for FDCAN1_IT0_IRQHandler
    startup_stm32h750xx.o(RESET) refers to fdcan.o(i.FDCAN2_IT0_IRQHandler) for FDCAN2_IT0_IRQHandler
    startup_stm32h750xx.o(.text) refers (Special) to heapauxi.o(.text) for __use_two_region_memory
    startup_stm32h750xx.o(.text) refers to system_stm32h7xx.o(i.SystemInit) for SystemInit
    startup_stm32h750xx.o(.text) refers to __main.o(!!!main) for __main
    startup_stm32h750xx.o(.text) refers to startup_stm32h750xx.o(HEAP) for Heap_Mem
    startup_stm32h750xx.o(.text) refers to startup_stm32h750xx.o(STACK) for Stack_Mem
    main.o(i.HAL_FDCAN_RxFifo0Callback) refers to stm32h7xx_hal_fdcan.o(i.HAL_FDCAN_GetRxFifoFillLevel) for HAL_FDCAN_GetRxFifoFillLevel
    main.o(i.HAL_FDCAN_RxFifo0Callback) refers to stm32h7xx_hal_fdcan.o(i.HAL_FDCAN_GetRxMessage) for HAL_FDCAN_GetRxMessage
    main.o(i.HAL_FDCAN_RxFifo0Callback) refers to main.o(i.parse_motor_feedback) for parse_motor_feedback
    main.o(i.HAL_FDCAN_RxFifo0Callback) refers to main.o(.data) for .data
    main.o(i.SystemClock_Config) refers to rt_memclr_w.o(.text) for __aeabi_memclr4
    main.o(i.SystemClock_Config) refers to stm32h7xx_hal_pwr_ex.o(i.HAL_PWREx_ConfigSupply) for HAL_PWREx_ConfigSupply
    main.o(i.SystemClock_Config) refers to stm32h7xx_hal_rcc.o(i.HAL_RCC_OscConfig) for HAL_RCC_OscConfig
    main.o(i.SystemClock_Config) refers to stm32h7xx_hal_rcc.o(i.HAL_RCC_ClockConfig) for HAL_RCC_ClockConfig
    main.o(i.can_send_ext) refers to fdcan.o(i.FDCAN1_Send_Msg) for FDCAN1_Send_Msg
    main.o(i.can_send_ext) refers to fdcan.o(i.FDCAN2_Send_Msg) for FDCAN2_Send_Msg
    main.o(i.can_send_ext) refers to main.o(.data) for .data
    main.o(i.fill_one_motor_snapshot) refers to lrintf.o(i.__hardfp_lrintf) for __hardfp_lrintf
    main.o(i.fill_one_motor_snapshot) refers to main.o(i.clamp_i16) for clamp_i16
    main.o(i.handle_spi_command) refers to main.o(i.can_send_ext) for can_send_ext
    main.o(i.handle_spi_command) refers to main.o(i.motor_config_reports_all) for motor_config_reports_all
    main.o(i.main) refers to stm32h7xx_hal_cortex.o(i.HAL_MPU_Disable) for HAL_MPU_Disable
    main.o(i.main) refers to stm32h7xx_hal_cortex.o(i.HAL_MPU_ConfigRegion) for HAL_MPU_ConfigRegion
    main.o(i.main) refers to stm32h7xx_hal_cortex.o(i.HAL_MPU_Enable) for HAL_MPU_Enable
    main.o(i.main) refers to stm32h7xx_hal.o(i.HAL_Init) for HAL_Init
    main.o(i.main) refers to main.o(i.SystemClock_Config) for SystemClock_Config
    main.o(i.main) refers to gpio.o(i.MX_GPIO_Init) for MX_GPIO_Init
    main.o(i.main) refers to fdcan.o(i.MX_FDCAN2_Init) for MX_FDCAN2_Init
    main.o(i.main) refers to fdcan.o(i.MX_FDCAN1_Init) for MX_FDCAN1_Init
    main.o(i.main) refers to spi.o(i.MX_SPI1_Init) for MX_SPI1_Init
    main.o(i.main) refers to stm32h7xx_hal_fdcan.o(i.HAL_FDCAN_ConfigGlobalFilter) for HAL_FDCAN_ConfigGlobalFilter
    main.o(i.main) refers to stm32h7xx_hal_fdcan.o(i.HAL_FDCAN_Start) for HAL_FDCAN_Start
    main.o(i.main) refers to stm32h7xx_hal_fdcan.o(i.HAL_FDCAN_ActivateNotification) for HAL_FDCAN_ActivateNotification
    main.o(i.main) refers to rt_memclr_w.o(.text) for __aeabi_memclr4
    main.o(i.main) refers to main.o(i.prepare_snapshot_frame) for prepare_snapshot_frame
    main.o(i.main) refers to stm32h7xx_hal.o(i.HAL_Delay) for HAL_Delay
    main.o(i.main) refers to main.o(i.motor_config_reports_all) for motor_config_reports_all
[...]
    ../clib/angel/kernel.s                   0x00000000   Number         0  __rtentry2.o ABSOLUTE
    ../clib/angel/kernel.s                   0x00000000   Number         0  __rtentry4.o ABSOLUTE
    ../clib/angel/rt.s                       0x00000000   Number         0  rt_errno_addr.o ABSOLUTE
    ../clib/angel/rt.s                       0x00000000   Number         0  rt_raise.o ABSOLUTE
    ../clib/angel/rt.s                       0x00000000   Number         0  rt_errno_addr_intlibspace.o ABSOLUTE
    ../clib/angel/scatter.s                  0x00000000   Number         0  __scatter.o ABSOLUTE
    ../clib/angel/startup.s                  0x00000000   Number         0  __main.o ABSOLUTE
    ../clib/angel/sys.s                      0x00000000   Number         0  sys_stackheap_outer.o ABSOLUTE
    ../clib/angel/sys.s                      0x00000000   Number         0  libspace.o ABSOLUTE
    ../clib/angel/sys.s                      0x00000000   Number         0  indicate_semi.o ABSOLUTE
    ../clib/angel/sys.s                      0x00000000   Number         0  use_no_semi.o ABSOLUTE
    ../clib/angel/sysapp.c                   0x00000000   Number         0  sys_exit.o ABSOLUTE
    ../clib/angel/sysapp.c                   0x00000000   Number         0  sys_command.o ABSOLUTE
    ../clib/angel/sysapp.c                   0x00000000   Number         0  sys_wrch.o ABSOLUTE
    ../clib/armsys.c                         0x00000000   Number         0  argv_veneer.o ABSOLUTE
    ../clib/armsys.c                         0x00000000   Number         0  argv_veneer.o ABSOLUTE
    ../clib/armsys.c                         0x00000000   Number         0  _get_argv_nomalloc.o ABSOLUTE
    ../clib/armsys.c                         0x00000000   Number         0  no_argv.o ABSOLUTE
    ../clib/fenv.c                           0x00000000   Number         0  _rserrno.o ABSOLUTE
    ../clib/heapalloc.c                      0x00000000   Number         0  hrguard.o ABSOLUTE
    ../clib/heapaux.c                        0x00000000   Number         0  heapauxi.o ABSOLUTE
    ../clib/libinit.s                        0x00000000   Number         0  libinit2.o ABSOLUTE
    ../clib/libinit.s                        0x00000000   Number         0  libshutdown.o ABSOLUTE
    ../clib/libinit.s                        0x00000000   Number         0  libshutdown2.o ABSOLUTE
    ../clib/libinit.s                        0x00000000   Number         0  libinit.o ABSOLUTE
    ../clib/memcpset.s                       0x00000000   Number         0  rt_memclr_w.o ABSOLUTE
    ../clib/memcpset.s                       0x00000000   Number         0  rt_memcpy_w.o ABSOLUTE
    ../clib/signal.c                         0x00000000   Number         0  defsig_exit.o ABSOLUTE
    ../clib/signal.c                         0x00000000   Number         0  defsig_rtmem_inner.o ABSOLUTE
    ../clib/signal.c                         0x00000000   Number         0  __raise.o ABSOLUTE
    ../clib/signal.c                         0x00000000   Number         0  defsig_general.o ABSOLUTE
    ../clib/signal.c                         0x00000000   Number         0  defsig_abrt_inner.o ABSOLUTE
    ../clib/signal.c                         0x00000000   Number         0  defsig_fpe_inner.o ABSOLUTE
    ../clib/signal.c                         0x00000000   Number         0  defsig_rtred_inner.o ABSOLUTE
    ../clib/signal.c                         0x00000000   Number         0  defsig_stak_inner.o ABSOLUTE
    ../clib/signal.c                         0x00000000   Number         0  defsig_pvfn_inner.o ABSOLUTE
    ../clib/signal.c                         0x00000000   Number         0  defsig_cppl_inner.o ABSOLUTE
    ../clib/signal.c                         0x00000000   Number         0  defsig_segv_inner.o ABSOLUTE
    ../clib/signal.c                         0x00000000   Number         0  defsig_other.o ABSOLUTE
    ../clib/signal.c                         0x00000000   Number         0  defsig_rtmem_formal.o ABSOLUTE
    ../clib/signal.c                         0x00000000   Number         0  defsig_rtmem_outer.o ABSOLUTE
    ../clib/signal.s                         0x00000000   Number         0  defsig.o ABSOLUTE
    ../clib/stdlib.c                         0x00000000   Number         0  exit.o ABSOLUTE
    ../fplib/ffix.s                          0x00000000   Number         0  ffix.o ABSOLUTE
    ../fplib/fnaninf.s                       0x00000000   Number         0  fnaninf.o ABSOLUTE
    ../fplib/fpinit.s                        0x00000000   Number         0  fpinit.o ABSOLUTE
    ../fplib/frnd.s                          0x00000000   Number         0  frnd.o ABSOLUTE
    ../fplib/usenofp.s                       0x00000000   Number         0  usenofp.o ABSOLUTE
    ../mathlib/lrint.c                       0x00000000   Number         0  lrintf.o ABSOLUTE
    ../mathlib/lrint.c                       0x00000000   Number         0  lrintf_x.o ABSOLUTE
    ..\Core\Src\fdcan.c                      0x00000000   Number         0  fdcan.o ABSOLUTE
    ..\Core\Src\gpio.c                       0x00000000   Number         0  gpio.o ABSOLUTE
    ..\Core\Src\main.c                       0x00000000   Number         0  main.o ABSOLUTE
    ..\Core\Src\spi.c                        0x00000000   Number         0  spi.o ABSOLUTE
    ..\Core\Src\stm32h7xx_hal_msp.c          0x00000000   Number         0  stm32h7xx_hal_msp.o ABSOLUTE
    ..\Core\Src\stm32h7xx_it.c               0x00000000   Number         0  stm32h7xx_it.o ABSOLUTE
    ..\Core\Src\system_stm32h7xx.c           0x00000000   Number         0  system_stm32h7xx.o ABSOLUTE
    ..\Drivers\STM32H7xx_HAL_Driver\Src\stm32h7xx_hal.c 0x00000000   Number         0  stm32h7xx_hal.o ABSOLUTE
    ..\Drivers\STM32H7xx_HAL_Driver\Src\stm32h7xx_hal_cortex.c 0x00000000   Number         0  stm32h7xx_hal_cortex.o ABSOLUTE
    ..\Drivers\STM32H7xx_HAL_Driver\Src\stm32h7xx_hal_dma.c 0x00000000   Number         0  stm32h7xx_hal_dma.o ABSOLUTE
    ..\Drivers\STM32H7xx_HAL_Driver\Src\stm32h7xx_hal_dma_ex.c 0x00000000   Number         0  stm32h7xx_hal_dma_ex.o ABSOLUTE
    ..\Drivers\STM32H7xx_HAL_Driver\Src\stm32h7xx_hal_exti.c 0x00000000   Number         0  stm32h7xx_hal_exti.o ABSOLUTE
    ..\Drivers\STM32H7xx_HAL_Driver\Src\stm32h7xx_hal_fdcan.c 0x00000000   Number         0  stm32h7xx_hal_fdcan.o ABSOLUTE
    ..\Drivers\STM32H7xx_HAL_Driver\Src\stm32h7xx_hal_flash.c 0x00000000   Number         0  stm32h7xx_hal_flash.o ABSOLUTE
    ..\Drivers\STM32H7xx_HAL_Driver\Src\stm32h7xx_hal_flash_ex.c 0x00000000   Number         0  stm32h7xx_hal_flash_ex.o ABSOLUTE
    ..\Drivers\STM32H7xx_HAL_Driver\Src\stm32h7xx_hal_gpio.c 0x00000000   Number         0  stm32h7xx_hal_gpio.o ABSOLUTE
    ..\Drivers\STM32H7xx_HAL_Driver\Src\stm32h7xx_hal_hsem.c 0x00000000   Number         0  stm32h7xx_hal_hsem.o ABSOLUTE
    ..\Drivers\STM32H7xx_HAL_Driver\Src\stm32h7xx_hal_i2c.c 0x00000000   Number         0  stm32h7xx_hal_i2c.o ABSOLUTE
    ..\Drivers\STM32H7xx_HAL_Driver\Src\stm32h7xx_hal_i2c_ex.c 0x00000000   Number         0  stm32h7xx_hal_i2c_ex.o ABSOLUTE
    ..\Drivers\STM32H7xx_HAL_Driver\Src\stm32h7xx_hal_mdma.c 0x00000000   Number         0  stm32h7xx_hal_mdma.o ABSOLUTE
    ..\Drivers\STM32H7xx_HAL_Driver\Src\stm32h7xx_hal_pwr.c 0x00000000   Number         0  stm32h7xx_hal_pwr.o ABSOLUTE
    ..\Drivers\STM32H7xx_HAL_Driver\Src\stm32h7xx_hal_pwr_ex.c 0x00000000   Number         0  stm32h7xx_hal_pwr_ex.o ABSOLUTE
    ..\Drivers\STM32H7xx_HAL_Driver\Src\stm32h7xx_hal_rcc.c 0x00000000   Number         0  stm32h7xx_hal_rcc.o ABSOLUTE
    ..\Drivers\STM32H7xx_HAL_Driver\Src\stm32h7xx_hal_rcc_ex.c 0x00000000   Number         0  stm32h7xx_hal_rcc_ex.o ABSOLUTE
    ..\Drivers\STM32H7xx_HAL_Driver\Src\stm32h7xx_hal_spi.c 0x00000000   Number         0  stm32h7xx_hal_spi.o ABSOLUTE
    ..\Drivers\STM32H7xx_HAL_Driver\Src\stm32h7xx_hal_spi_ex.c 0x00000000   Number         0  stm32h7xx_hal_spi_ex.o ABSOLUTE
    ..\Drivers\STM32H7xx_HAL_Driver\Src\stm32h7xx_hal_tim.c 0x00000000   Number         0  stm32h7xx_hal_tim.o ABSOLUTE
    ..\Drivers\STM32H7xx_HAL_Driver\Src\stm32h7xx_hal_tim_ex.c 0x00000000   Number         0  stm32h7xx_hal_tim_ex.o ABSOLUTE
    dc.s                                     0x00000000   Number         0  dc.o ABSOLUTE
    startup_stm32h750xx.s                    0x00000000   Number         0  startup_stm32h750xx.o ABSOLUTE
    RESET                                    0x08000000   Section      664  startup_stm32h750xx.o(RESET)
    !!!main                                  0x08000298   Section        8  __main.o(!!!main)
    !!!scatter                               0x080002a0   Section       52  __scatter.o(!!!scatter)
    !!handler_copy                           0x080002d4   Section       26  __scatter_copy.o(!!handler_copy)
    !!handler_zi                             0x080002f0   Section       28  __scatter_zi.o(!!handler_zi)
    .ARM.Collect$$libinit$$00000000          0x0800030c   Section        2  libinit.o(.ARM.Collect$$libinit$$00000000)
    .ARM.Collect$$libinit$$00000001          0x0800030e   Section        4  libinit2.o(.ARM.Collect$$libinit$$00000001)
    .ARM.Collect$$libinit$$00000004          0x08000312   Section        0  libinit2.o(.ARM.Collect$$libinit$$00000004)
    .ARM.Collect$$libinit$$0000000A          0x08000312   Section        0  libinit2.o(.ARM.Collect$$libinit$$0000000A)
    .ARM.Collect$$libinit$$0000000C          0x08000312   Section        0  libinit2.o(.ARM.Collect$$libinit$$0000000C)
    .ARM.Collect$$libinit$$0000000E          0x08000312   Section        0  libinit2.o(.ARM.Collect$$libinit$$0000000E)
    .ARM.Collect$$libinit$$00000011          0x08000312   Section        0  libinit2.o(.ARM.Collect$$libinit$$00000011)
    .ARM.Collect$$libinit$$00000013          0x08000312   Section        0  libinit2.o(.ARM.Collect$$libinit$$00000013)
    .ARM.Collect$$libinit$$00000015          0x08000312   Section        0  libinit2.o(.ARM.Collect$$libinit$$00000015)
    .ARM.Collect$$libinit$$00000017          0x08000312   Section        0  libinit2.o(.ARM.Collect$$libinit$$00000017)
    .ARM.Collect$$libinit$$00000019          0x08000312   Section        0  libinit2.o(.ARM.Collect$$libinit$$00000019)
    .ARM.Collect$$libinit$$0000001B          0x08000312   Section        0  libinit2.o(.ARM.Collect$$libinit$$0000001B)
    .ARM.Collect$$libinit$$0000001D          0x08000312   Section        0  libinit2.o(.ARM.Collect$$libinit$$0000001D)
    .ARM.Collect$$libinit$$0000001F          0x08000312   Section        0  libinit2.o(.ARM.Collect$$libinit$$0000001F)
    .ARM.Collect$$libinit$$00000021          0x08000312   Section        0  libinit2.o(.ARM.Collect$$libinit$$00000021)
    .ARM.Collect$$libinit$$00000023          0x08000312   Section        0  libinit2.o(.ARM.Collect$$libinit$$00000023)
    .ARM.Collect$$libinit$$00000025          0x08000312   Section        0  libinit2.o(.ARM.Collect$$libinit$$00000025)
    .ARM.Collect$$libinit$$0000002C          0x08000312   Section        0  libinit2.o(.ARM.Collect$$libinit$$0000002C)
    .ARM.Collect$$libinit$$0000002E          0x08000312   Section        0  libinit2.o(.ARM.Collect$$libinit$$0000002E)
    .ARM.Collect$$libinit$$00000030          0x08000312   Section        0  libinit2.o(.ARM.Collect$$libinit$$00000030)
    .ARM.Collect$$libinit$$00000032          0x08000312   Section        0  libinit2.o(.ARM.Collect$$libinit$$00000032)
    .ARM.Collect$$libinit$$00000033          0x08000312   Section        2  libinit2.o(.ARM.Collect$$libinit$$00000033)
    .ARM.Collect$$libshutdown$$00000000      0x08000314   Section        2  libshutdown.o(.ARM.Collect$$libshutdown$$00000000)
    .ARM.Collect$$libshutdown$$00000002      0x08000316   Section        0  libshutdown2.o(.ARM.Collect$$libshutdown$$00000002)
    .ARM.Collect$$libshutdown$$00000004      0x08000316   Section        0  libshutdown2.o(.ARM.Collect$$libshutdown$$00000004)
    .ARM.Collect$$libshutdown$$00000006      0x08000316   Section        0  libshutdown2.o(.ARM.Collect$$libshutdown$$00000006)
    .ARM.Collect$$libshutdown$$00000009      0x08000316   Section        0  libshutdown2.o(.ARM.Collect$$libshutdown$$00000009)
    .ARM.Collect$$libshutdown$$0000000C      0x08000316   Section        0  libshutdown2.o(.ARM.Collect$$libshutdown$$0000000C)
    .ARM.Collect$$libshutdown$$0000000E      0x08000316   Section        0  libshutdown2.o(.ARM.Collect$$libshutdown$$0000000E)
    .ARM.Collect$$libshutdown$$00000011      0x08000316   Section        0  libshutdown2.o(.ARM.Collect$$libshutdown$$00000011)
    .ARM.Collect$$libshutdown$$00000012      0x08000316   Section        2  libshutdown2.o(.ARM.Collect$$libshutdown$$00000012)
    .ARM.Collect$$rtentry$$00000000          0x08000318   Section        0  __rtentry.o(.ARM.Collect$$rtentry$$00000000)
    .ARM.Collect$$rtentry$$00000002          0x08000318   Section        0  __rtentry2.o(.ARM.Collect$$rtentry$$00000002)
    .ARM.Collect$$rtentry$$00000004          0x08000318   Section        6  __rtentry4.o(.ARM.Collect$$rtentry$$00000004)
    .ARM.Collect$$rtentry$$00000009          0x0800031e   Section        0  __rtentry2.o(.ARM.Collect$$rtentry$$00000009)
    .ARM.Collect$$rtentry$$0000000A          0x0800031e   Section        4  __rtentry2.o(.ARM.Collect$$rtentry$$0000000A)
    .ARM.Collect$$rtentry$$0000000C          0x08000322   Section        0  __rtentry2.o(.ARM.Collect$$rtentry$$0000000C)
    .ARM.Collect$$rtentry$$0000000D          0x08000322   Section        8  __rtentry2.o(.ARM.Collect$$rtentry$$0000000D)
    .ARM.Collect$$rtexit$$00000000           0x0800032a   Section        2  rtexit.o(.ARM.Collect$$rtexit$$00000000)
    .ARM.Collect$$rtexit$$00000002           0x0800032c   Section        0  rtexit2.o(.ARM.Collect$$rtexit$$00000002)
    .ARM.Collect$$rtexit$$00000003           0x0800032c   Section        4  rtexit2.o(.ARM.Collect$$rtexit$$00000003)
    .ARM.Collect$$rtexit$$00000004           0x08000330   Section        6  rtexit2.o(.ARM.Collect$$rtexit$$00000004)
    .text                                    0x08000338   Section       64  startup_stm32h750xx.o(.text)
    $v0                                      0x08000338   Number         0  startup_stm32h750xx.o(.text)
    .text                                    0x08000378   Section      100  rt_memcpy_w.o(.text)
    .text                                    0x080003dc   Section       78  rt_memclr_w.o(.text)
    .text                                    0x0800042a   Section        0  heapauxi.o(.text)
    .text                                    0x08000430   Section        0  _rserrno.o(.text)
    .text                                    0x08000448   Section        8  rt_errno_addr_intlibspace.o(.text)
    .text                                    0x08000450   Section        8  libspace.o(.text)
    .text                                    0x08000458   Section       74  sys_stackheap_outer.o(.text)
    .text                                    0x080004a2   Section        0  exit.o(.text)
    .text                                    0x080004b4   Section        0  sys_exit.o(.text)
    .text                                    0x080004c0   Section        2  use_no_semi.o(.text)
    .text                                    0x080004c2   Section        0  indicate_semi.o(.text)
    i.BusFault_Handler                       0x080004c2   Section        0  stm32h7xx_it.o(i.BusFault_Handler)
    i.DebugMon_Handler                       0x080004c4   Section        0  stm32h7xx_it.o(i.DebugMon_Handler)
    i.Error_Handler                          0x080004c6   Section        0  main.o(i.Error_Handler)
    i.FDCAN1_IT0_IRQHandler                  0x080004cc   Section        0  fdcan.o(i.FDCAN1_IT0_IRQHandler)
    i.FDCAN1_Send_Msg                        0x080004d8   Section        0  fdcan.o(i.FDCAN1_Send_Msg)
    i.FDCAN2_IT0_IRQHandler                  0x08000524   Section        0  fdcan.o(i.FDCAN2_IT0_IRQHandler)
    i.FDCAN2_Send_Msg                        0x08000530   Section        0  fdcan.o(i.FDCAN2_Send_Msg)
    i.FDCAN_CalcultateRamBlockAddresses      0x0800057c   Section        0  stm32h7xx_hal_fdcan.o(i.FDCAN_CalcultateRamBlockAddresses)
    FDCAN_CalcultateRamBlockAddresses        0x0800057d   Thumb Code   446  stm32h7xx_hal_fdcan.o(i.FDCAN_CalcultateRamBlockAddresses)
    i.FDCAN_CopyMessageToRAM                 0x08000744   Section        0  stm32h7xx_hal_fdcan.o(i.FDCAN_CopyMessageToRAM)
    FDCAN_CopyMessageToRAM                   0x08000745   Thumb Code   118  stm32h7xx_hal_fdcan.o(i.FDCAN_CopyMessageToRAM)
    i.HAL_Delay                              0x080007c0   Section        0  stm32h7xx_hal.o(i.HAL_Delay)
    i.HAL_FDCAN_ActivateNotification         0x080007e4   Section        0  stm32h7xx_hal_fdcan.o(i.HAL_FDCAN_ActivateNotification)
    i.HAL_FDCAN_AddMessageToTxFifoQ          0x0800086c   Section        0  stm32h7xx_hal_fdcan.o(i.HAL_FDCAN_AddMessageToTxFifoQ)
    i.HAL_FDCAN_ClockCalibrationCallback     0x080008d2   Section        0  stm32h7xx_hal_fdcan.o(i.HAL_FDCAN_ClockCalibrationCallback)
    i.HAL_FDCAN_ConfigGlobalFilter           0x080008d4   Section        0  stm32h7xx_hal_fdcan.o(i.HAL_FDCAN_ConfigGlobalFilter)
    i.HAL_FDCAN_ErrorCallback                0x08000906   Section        0  stm32h7xx_hal_fdcan.o(i.HAL_FDCAN_ErrorCallback)
    i.HAL_FDCAN_ErrorStatusCallback          0x08000908   Section        0  stm32h7xx_hal_fdcan.o(i.HAL_FDCAN_ErrorStatusCallback)
    i.HAL_FDCAN_GetRxFifoFillLevel           0x0800090c   Section        0  stm32h7xx_hal_fdcan.o(i.HAL_FDCAN_GetRxFifoFillLevel)
    i.HAL_FDCAN_GetRxMessage                 0x08000924   Section        0  stm32h7xx_hal_fdcan.o(i.HAL_FDCAN_GetRxMessage)
    i.HAL_FDCAN_HighPriorityMessageCallback  0x08000ab0   Section        0  stm32h7xx_hal_fdcan.o(i.HAL_FDCAN_HighPriorityMessageCallback)
    i.HAL_FDCAN_IRQHandler                   0x08000ab4   Section        0  stm32h7xx_hal_fdcan.o(i.HAL_FDCAN_IRQHandler)
    i.HAL_FDCAN_Init                         0x08000dd4   Section        0  stm32h7xx_hal_fdcan.o(i.HAL_FDCAN_Init)
    i.HAL_FDCAN_MspInit                      0x08001018   Section        0  fdcan.o(i.HAL_FDCAN_MspInit)
    i.HAL_FDCAN_RxBufferNewMessageCallback   0x08001140   Section        0  stm32h7xx_hal_fdcan.o(i.HAL_FDCAN_RxBufferNewMessageCallback)
    i.HAL_FDCAN_RxFifo0Callback              0x08001144   Section        0  main.o(i.HAL_FDCAN_RxFifo0Callback)
    i.HAL_FDCAN_RxFifo1Callback              0x080011a4   Section        0  stm32h7xx_hal_fdcan.o(i.HAL_FDCAN_RxFifo1Callback)
    i.HAL_FDCAN_Start                        0x080011a6   Section        0  stm32h7xx_hal_fdcan.o(i.HAL_FDCAN_Start)
    i.HAL_FDCAN_TT_GlobalTimeCallback        0x080011d8   Section        0  stm32h7xx_hal_fdcan.o(i.HAL_FDCAN_TT_GlobalTimeCallback)
    i.HAL_FDCAN_TT_ScheduleSyncCallback      0x080011da   Section        0  stm32h7xx_hal_fdcan.o(i.HAL_FDCAN_TT_ScheduleSyncCallback)
    i.HAL_FDCAN_TT_StopWatchCallback         0x080011dc   Section        0  stm32h7xx_hal_fdcan.o(i.HAL_FDCAN_TT_StopWatchCallback)
    i.HAL_FDCAN_TT_TimeMarkCallback          0x080011de   Section        0  stm32h7xx_hal_fdcan.o(i.HAL_FDCAN_TT_TimeMarkCallback)
    i.HAL_FDCAN_TimeoutOccurredCallback      0x080011e0   Section        0  stm32h7xx_hal_fdcan.o(i.HAL_FDCAN_TimeoutOccurredCallback)
    i.HAL_FDCAN_TimestampWraparoundCallback  0x080011e2   Section        0  stm32h7xx_hal_fdcan.o(i.HAL_FDCAN_TimestampWraparoundCallback)
    i.HAL_FDCAN_TxBufferAbortCallback        0x080011e4   Section        0  stm32h7xx_hal_fdcan.o(i.HAL_FDCAN_TxBufferAbortCallback)
    i.HAL_FDCAN_TxBufferCompleteCallback     0x080011e6   Section        0  stm32h7xx_hal_fdcan.o(i.HAL_FDCAN_TxBufferCompleteCallback)
    i.HAL_FDCAN_TxEventFifoCallback          0x080011e8   Section        0  stm32h7xx_hal_fdcan.o(i.HAL_FDCAN_TxEventFifoCallback)
    i.HAL_FDCAN_TxFifoEmptyCallback          0x080011ea   Section        0  stm32h7xx_hal_fdcan.o(i.HAL_FDCAN_TxFifoEmptyCallback)
    i.HAL_GPIO_Init                          0x080011ec   Section        0  stm32h7xx_hal_gpio.o(i.HAL_GPIO_Init)
    i.HAL_GPIO_WritePin                      0x08001418   Section        0  stm32h7xx_hal_gpio.o(i.HAL_GPIO_WritePin)
    i.HAL_GetREVID                           0x08001424   Section        0  stm32h7xx_hal.o(i.HAL_GetREVID)
    i.HAL_GetTick                            0x08001430   Section        0  stm32h7xx_hal.o(i.HAL_GetTick)
    i.HAL_IncTick                            0x0800143c   Section        0  stm32h7xx_hal.o(i.HAL_IncTick)
    i.HAL_Init                               0x0800144c   Section        0  stm32h7xx_hal.o(i.HAL_Init)
    i.HAL_InitTick                           0x080014a8   Section        0  stm32h7xx_hal.o(i.HAL_InitTick)
    i.HAL_MPU_ConfigRegion                   0x080014e8   Section        0  stm32h7xx_hal_cortex.o(i.HAL_MPU_ConfigRegion)
    i.HAL_MPU_Disable                        0x08001544   Section        0  stm32h7xx_hal_cortex.o(i.HAL_MPU_Disable)
    i.HAL_MPU_Enable                         0x08001560   Section        0  stm32h7xx_hal_cortex.o(i.HAL_MPU_Enable)
    i.HAL_MspInit                            0x08001584   Section        0  stm32h7xx_hal_msp.o(i.HAL_MspInit)
    i.HAL_NVIC_EnableIRQ                     0x080015a0   Section        0  stm32h7xx_hal_cortex.o(i.HAL_NVIC_EnableIRQ)
    i.HAL_NVIC_SetPriority                   0x080015bc   Section        0  stm32h7xx_hal_cortex.o(i.HAL_NVIC_SetPriority)
    i.HAL_NVIC_SetPriorityGrouping           0x080015fc   Section        0  stm32h7xx_hal_cortex.o(i.HAL_NVIC_SetPriorityGrouping)
    i.HAL_PWREx_ConfigSupply                 0x08001620   Section        0  stm32h7xx_hal_pwr_ex.o(i.HAL_PWREx_ConfigSupply)
    i.HAL_RCCEx_PeriphCLKConfig              0x08001674   Section        0  stm32h7xx_hal_rcc_ex.o(i.HAL_RCCEx_PeriphCLKConfig)
    i.HAL_RCC_ClockConfig                    0x08002020   Section        0  stm32h7xx_hal_rcc.o(i.HAL_RCC_ClockConfig)
    i.HAL_RCC_GetSysClockFreq                0x0800227c   Section        0  stm32h7xx_hal_rcc.o(i.HAL_RCC_GetSysClockFreq)
    i.HAL_RCC_OscConfig                      0x080023b4   Section        0  stm32h7xx_hal_rcc.o(i.HAL_RCC_OscConfig)
    i.HAL_SPI_Init                           0x08002938   Section        0  stm32h7xx_hal_spi.o(i.HAL_SPI_Init)
    i.HAL_SPI_MspInit                        0x08002ab4   Section        0  spi.o(i.HAL_SPI_MspInit)
    i.HAL_SPI_TransmitReceive                0x08002b38   Section        0  stm32h7xx_hal_spi.o(i.HAL_SPI_TransmitReceive)
    i.HAL_SYSTICK_Config                     0x08002e70   Section        0  stm32h7xx_hal_cortex.o(i.HAL_SYSTICK_Config)
    i.HardFault_Handler                      0x08002e96   Section        0  stm32h7xx_it.o(i.HardFault_Handler)
    i.MX_FDCAN1_Init                         0x08002e98   Section        0  fdcan.o(i.MX_FDCAN1_Init)
    i.MX_FDCAN2_Init                         0x08002f00   Section        0  fdcan.o(i.MX_FDCAN2_Init)
    i.MX_GPIO_Init                           0x08002f6c   Section        0  gpio.o(i.MX_GPIO_Init)
    i.MX_SPI1_Init                           0x08002fec   Section        0  spi.o(i.MX_SPI1_Init)
    i.MemManage_Handler                      0x08003040   Section        0  stm32h7xx_it.o(i.MemManage_Handler)
    i.NMI_Handler                            0x08003042   Section        0  stm32h7xx_it.o(i.NMI_Handler)
    i.PendSV_Handler                         0x08003044   Section        0  stm32h7xx_it.o(i.PendSV_Handler)
    i.RCCEx_PLL2_Config                      0x08003048   Section        0  stm32h7xx_hal_rcc_ex.o(i.RCCEx_PLL2_Config)
    RCCEx_PLL2_Config                        0x08003049   Thumb Code   284  stm32h7xx_hal_rcc_ex.o(i.RCCEx_PLL2_Config)
    i.RCCEx_PLL3_Config                      0x08003168   Section        0  stm32h7xx_hal_rcc_ex.o(i.RCCEx_PLL3_Config)
    RCCEx_PLL3_Config                        0x08003169   Thumb Code   284  stm32h7xx_hal_rcc_ex.o(i.RCCEx_PLL3_Config)
    i.SPI_CloseTransfer                      0x08003288   Section        0  stm32h7xx_hal_spi.o(i.SPI_CloseTransfer)
    SPI_CloseTransfer                        0x08003289   Thumb Code   188  stm32h7xx_hal_spi.o(i.SPI_CloseTransfer)
    i.SPI_WaitOnFlagUntilTimeout             0x08003344   Section        0  stm32h7xx_hal_spi.o(i.SPI_WaitOnFlagUntilTimeout)
    SPI_WaitOnFlagUntilTimeout               0x08003345   Thumb Code    70  stm32h7xx_hal_spi.o(i.SPI_WaitOnFlagUntilTimeout)
    i.SVC_Handler                            0x0800338a   Section        0  stm32h7xx_it.o(i.SVC_Handler)
    i.SysTick_Handler                        0x0800338c   Section        0  stm32h7xx_it.o(i.SysTick_Handler)
    i.SystemClock_Config                     0x08003390   Section        0  main.o(i.SystemClock_Config)
    i.SystemInit                             0x0800346c   Section        0  system_stm32h7xx.o(i.SystemInit)
    i.UsageFault_Handler                     0x08003548   Section        0  stm32h7xx_it.o(i.UsageFault_Handler)
    i.__NVIC_SetPriority                     0x0800354a   Section        0  stm32h7xx_hal_cortex.o(i.__NVIC_SetPriority)
    __NVIC_SetPriority                       0x0800354b   Thumb Code    34  stm32h7xx_hal_cortex.o(i.__NVIC_SetPriority)
    i.__hardfp_lrintf                        0x0800356c   Section        0  lrintf.o(i.__hardfp_lrintf)
    i.can_port_from_motor_id                 0x080035b4   Section        0  main.o(i.can_port_from_motor_id)
    can_port_from_motor_id                   0x080035b5   Thumb Code    30  main.o(i.can_port_from_motor_id)
    i.can_send_ext                           0x080035d4   Section        0  main.o(i.can_send_ext)
    can_send_ext                             0x080035d5   Thumb Code    72  main.o(i.can_send_ext)
    i.clamp_i16                              0x08003620   Section        0  main.o(i.clamp_i16)
    clamp_i16                                0x08003621   Thumb Code    26  main.o(i.clamp_i16)
    i.fill_one_motor_snapshot                0x08003640   Section        0  main.o(i.fill_one_motor_snapshot)
    fill_one_motor_snapshot                  0x08003641   Thumb Code   146  main.o(i.fill_one_motor_snapshot)
    i.handle_spi_command                     0x080036dc   Section        0  main.o(i.handle_spi_command)
    handle_spi_command                       0x080036dd   Thumb Code   114  main.o(i.handle_spi_command)
    i.main                                   0x08003750   Section        0  main.o(i.main)
    i.map_u16_to_float                       0x08003918   Section        0  main.o(i.map_u16_to_float)
    map_u16_to_float                         0x08003919   Thumb Code    30  main.o(i.map_u16_to_float)
    i.motor_config_reports_all               0x0800393c   Section        0  main.o(i.motor_config_reports_all)
    motor_config_reports_all                 0x0800393d   Thumb Code    18  main.o(i.motor_config_reports_all)
    i.motor_config_reports_one               0x08003950   Section        0  main.o(i.motor_config_reports_one)
    motor_config_reports_one                 0x08003951   Thumb Code   154  main.o(i.motor_config_reports_one)
    i.parse_motor_feedback                   0x08003a00   Section        0  main.o(i.parse_motor_feedback)
    parse_motor_feedback                     0x08003a01   Thumb Code   186  main.o(i.parse_motor_feedback)
    i.prepare_snapshot_frame                 0x08003ad8   Section        0  main.o(i.prepare_snapshot_frame)
    prepare_snapshot_frame                   0x08003ad9   Thumb Code   178  main.o(i.prepare_snapshot_frame)
    x$fpl$ffixr                              0x08003b94   Section       14  ffix.o(x$fpl$ffixr)
    $v0                                      0x08003b94   Number         0  ffix.o(x$fpl$ffixr)
    x$fpl$fnaninf                            0x08003ba2   Section      140  fnaninf.o(x$fpl$fnaninf)
    $v0                                      0x08003ba2   Number         0  fnaninf.o(x$fpl$fnaninf)
    x$fpl$fpinit                             0x08003c2e   Section       10  fpinit.o(x$fpl$fpinit)
    $v0                                      0x08003c2e   Number         0  fpinit.o(x$fpl$fpinit)
    x$fpl$frnd                               0x08003c38   Section       96  frnd.o(x$fpl$frnd)
    $v0                                      0x08003c38   Number         0  frnd.o(x$fpl$frnd)
    .constdata                               0x08003c98   Section        6  main.o(.constdata)
    x$fpl$usenofp                            0x08003c98   Section        0  usenofp.o(x$fpl$usenofp)
    BOARD_MOTOR_IDS                          0x08003c98   Data           6  main.o(.constdata)
    .constdata                               0x08003ca0   Section       92  stm32h7xx_hal_fdcan.o(.constdata)
    DLCtoBytes                               0x08003ca0   Data          16  stm32h7xx_hal_fdcan.o(.constdata)
    .constdata                               0x08003cfc   Section       16  system_stm32h7xx.o(.constdata)
    .data                                    0x24000000   Section       48  main.o(.data)
    g_snapshot_seq                           0x24000004   Data           2  main.o(.data)
    .data                                    0x24000030   Section       12  fdcan.o(.data)
    HAL_RCC_FDCAN_CLK_ENABLED                0x24000030   Data           4  fdcan.o(.data)
    .data                                    0x2400003c   Section       12  stm32h7xx_hal.o(.data)
    .data                                    0x24000048   Section        8  system_stm32h7xx.o(.data)
    .bss                                     0x24000050   Section      384  main.o(.bss)
    g_motors                                 0x24000110   Data         192  main.o(.bss)
    .bss                                     0x240001d0   Section      392  fdcan.o(.bss)
    .bss                                     0x24000358   Section      136  spi.o(.bss)
    .bss                                     0x240003e0   Section       96  libspace.o(.bss)
    HEAP                                     0x24000440   Section      512  startup_stm32h750xx.o(HEAP)
    Heap_Mem                                 0x24000440   Data         512  startup_stm32h750xx.o(HEAP)
    STACK                                    0x24000640   Section     1024  startup_stm32h750xx.o(STACK)
    Stack_Mem                                0x24000640   Data        1024  startup_stm32h750xx.o(STACK)
    __initial_sp                             0x24000a40   Data           0  startup_stm32h750xx.o(STACK)

    Global Symbols

    Symbol Name                              Value     Ov Type        Size  Object(Section)

    BuildAttributes$$THM_ISAv4$E$P$D$K$B$S$7EM$VFPv5_D16$PE$PLD8$A:L22UL41UL21$X:L11$S22US41US21$IEEE1$IW$USESV6$~STKCKD$USESV7$~SHL$OTIME$ROPI$IEEEJ$EBA8$UX$STANDARDLIB$REQ8$PRES8$EABIv2 0x00000000   Number         0  anon$$obj.o ABSOLUTE
    __ARM_use_no_argv                        0x00000000   Number         0  main.o ABSOLUTE
    __ARM_exceptions_init                     - Undefined Weak Reference
    __alloca_initialize                       - Undefined Weak Reference
    __arm_fini_                               - Undefined Weak Reference
    __arm_preinit_                            - Undefined Weak Reference
    __cpp_initialize__aeabi_                  - Undefined Weak Reference
    __cxa_finalize                            - Undefined Weak Reference
    __rt_locale                               - Undefined Weak Reference
    __sigvec_lookup                           - Undefined Weak Reference
    _atexit_init                              - Undefined Weak Reference
    _call_atexit_fns                          - Undefined Weak Reference
    _clock_init                               - Undefined Weak Reference
    _fp_trap_init                             - Undefined Weak Reference
    _fp_trap_shutdown                         - Undefined Weak Reference
    _get_lc_collate                           - Undefined Weak Reference
    _get_lc_ctype                             - Undefined Weak Reference
    _get_lc_monetary                          - Undefined Weak Reference
    _get_lc_numeric                           - Undefined Weak Reference
    _get_lc_time                              - Undefined Weak Reference
    _getenv_init                              - Undefined Weak Reference
    _handle_redirection                       - Undefined Weak Reference
    _init_alloc                               - Undefined Weak Reference
    _init_user_alloc                          - Undefined Weak Reference
    _initio                                   - Undefined Weak Reference
    _rand_init                                - Undefined Weak Reference
    _signal_finish                            - Undefined Weak Reference
    _signal_init                              - Undefined Weak Reference
    _terminate_alloc                          - Undefined Weak Reference
    _terminate_user_alloc                     - Undefined Weak Reference
    _terminateio                              - Undefined Weak Reference
    __Vectors_Size                           0x00000298   Number         0  startup_stm32h750xx.o ABSOLUTE
    __Vectors                                0x08000000   Data           4  startup_stm32h750xx.o(RESET)
    __Vectors_End                            0x08000298   Data           0  startup_stm32h750xx.o(RESET)
    __main                                   0x08000299   Thumb Code     8  __main.o(!!!main)
    __scatterload                            0x080002a1   Thumb Code     0  __scatter.o(!!!scatter)
    __scatterload_rt2                        0x080002a1   Thumb Code    44  __scatter.o(!!!scatter)
    __scatterload_rt2_thumb_only             0x080002a1   Thumb Code     0  __scatter.o(!!!scatter)
    __scatterload_null                       0x080002af   Thumb Code     0  __scatter.o(!!!scatter)
    __scatterload_copy                       0x080002d5   Thumb Code    26  __scatter_copy.o(!!handler_copy)
    __scatterload_zeroinit                   0x080002f1   Thumb Code    28  __scatter_zi.o(!!handler_zi)
    __rt_lib_init                            0x0800030d   Thumb Code     0  libinit.o(.ARM.Collect$$libinit$$00000000)
    __rt_lib_init_fp_1                       0x0800030f   Thumb Code     0  libinit2.o(.ARM.Collect$$libinit$$00000001)
    __rt_lib_init_alloca_1                   0x08000313   Thumb Code     0  libinit2.o(.ARM.Collect$$libinit$$0000002E)
    __rt_lib_init_argv_1                     0x08000313   Thumb Code     0  libinit2.o(.ARM.Collect$$libinit$$0000002C)
    __rt_lib_init_atexit_1                   0x08000313   Thumb Code     0  libinit2.o(.ARM.Collect$$libinit$$0000001B)
    __rt_lib_init_clock_1                    0x08000313   Thumb Code     0  libinit2.o(.ARM.Collect$$libinit$$00000021)
    __rt_lib_init_cpp_1                      0x08000313   Thumb Code     0  libinit2.o(.ARM.Collect$$libinit$$00000032)
    __rt_lib_init_exceptions_1               0x08000313   Thumb Code     0  libinit2.o(.ARM.Collect$$libinit$$00000030)
    __rt_lib_init_fp_trap_1                  0x08000313   Thumb Code     0  libinit2.o(.ARM.Collect$$libinit$$0000001F)
    __rt_lib_init_getenv_1                   0x08000313   Thumb Code     0  libinit2.o(.ARM.Collect$$libinit$$00000023)
    __rt_lib_init_heap_1                     0x08000313   Thumb Code     0  libinit2.o(.ARM.Collect$$libinit$$0000000A)
    __rt_lib_init_lc_collate_1               0x08000313   Thumb Code     0  libinit2.o(.ARM.Collect$$libinit$$00000011)
    __rt_lib_init_lc_ctype_1                 0x08000313   Thumb Code     0  libinit2.o(.ARM.Collect$$libinit$$00000013)
    __rt_lib_init_lc_monetary_1              0x08000313   Thumb Code     0  libinit2.o(.ARM.Collect$$libinit$$00000015)
    __rt_lib_init_lc_numeric_1               0x08000313   Thumb Code     0  libinit2.o(.ARM.Collect$$libinit$$00000017)
    __rt_lib_init_lc_time_1                  0x08000313   Thumb Code     0  libinit2.o(.ARM.Collect$$libinit$$00000019)
    __rt_lib_init_preinit_1                  0x08000313   Thumb Code     0  libinit2.o(.ARM.Collect$$libinit$$00000004)
    __rt_lib_init_rand_1                     0x08000313   Thumb Code     0  libinit2.o(.ARM.Collect$$libinit$$0000000E)
    __rt_lib_init_return                     0x08000313   Thumb Code     0  libinit2.o(.ARM.Collect$$libinit$$00000033)
    __rt_lib_init_signal_1                   0x08000313   Thumb Code     0  libinit2.o(.ARM.Collect$$libinit$$0000001D)
    __rt_lib_init_stdio_1                    0x08000313   Thumb Code     0  libinit2.o(.ARM.Collect$$libinit$$00000025)
    __rt_lib_init_user_alloc_1               0x08000313   Thumb Code     0  libinit2.o(.ARM.Collect$$libinit$$0000000C)
    __rt_lib_shutdown                        0x08000315   Thumb Code     0  libshutdown.o(.ARM.Collect$$libshutdown$$00000000)
    __rt_lib_shutdown_cpp_1                  0x08000317   Thumb Code     0  libshutdown2.o(.ARM.Collect$$libshutdown$$00000004)
    __rt_lib_shutdown_fini_1                 0x08000317   Thumb Code     0  libshutdown2.o(.ARM.Collect$$libshutdown$$00000002)
    __rt_lib_shutdown_fp_trap_1              0x08000317   Thumb Code     0  libshutdown2.o(.ARM.Collect$$libshutdown$$00000009)
    __rt_lib_shutdown_heap_1                 0x08000317   Thumb Code     0  libshutdown2.o(.ARM.Collect$$libshutdown$$00000011)
    __rt_lib_shutdown_return                 0x08000317   Thumb Code     0  libshutdown2.o(.ARM.Collect$$libshutdown$$00000012)
    __rt_lib_shutdown_signal_1               0x08000317   Thumb Code     0  libshutdown2.o(.ARM.Collect$$libshutdown$$0000000C)
    __rt_lib_shutdown_stdio_1                0x08000317   Thumb Code     0  libshutdown2.o(.ARM.Collect$$libshutdown$$00000006)
    __rt_lib_shutdown_user_alloc_1           0x08000317   Thumb Code     0  libshutdown2.o(.ARM.Collect$$libshutdown$$0000000E)
    __rt_entry                               0x08000319   Thumb Code     0  __rtentry.o(.ARM.Collect$$rtentry$$00000000)
    __rt_entry_presh_1                       0x08000319   Thumb Code     0  __rtentry2.o(.ARM.Collect$$rtentry$$00000002)
    __rt_entry_sh                            0x08000319   Thumb Code     0  __rtentry4.o(.ARM.Collect$$rtentry$$00000004)
    __rt_entry_li                            0x0800031f   Thumb Code     0  __rtentry2.o(.ARM.Collect$$rtentry$$0000000A)
    __rt_entry_postsh_1                      0x0800031f   Thumb Code     0  __rtentry2.o(.ARM.Collect$$rtentry$$00000009)
    __rt_entry_main                          0x08000323   Thumb Code     0  __rtentry2.o(.ARM.Collect$$rtentry$$0000000D)
    __rt_entry_postli_1                      0x08000323   Thumb Code     0  __rtentry2.o(.ARM.Collect$$rtentry$$0000000C)
    __rt_exit                                0x0800032b   Thumb Code     0  rtexit.o(.ARM.Collect$$rtexit$$00000000)
    __rt_exit_ls                             0x0800032d   Thumb Code     0  rtexit2.o(.ARM.Collect$$rtexit$$00000003)
    __rt_exit_prels_1                        0x0800032d   Thumb Code     0  rtexit2.o(.ARM.Collect$$rtexit$$00000002)
    __rt_exit_exit                           0x08000331   Thumb Code     0  rtexit2.o(.ARM.Collect$$rtexit$$00000004)
    Reset_Handler                            0x08000339   Thumb Code     8  startup_stm32h750xx.o(.text)
    ADC3_IRQHandler                          0x08000353   Thumb Code     0  startup_stm32h750xx.o(.text)
    ADC_IRQHandler                           0x08000353   Thumb Code     0  startup_stm32h750xx.o(.text)
    BDMA_Channel0_IRQHandler                 0x08000353   Thumb Code     0  startup_stm32h750xx.o(.text)
    BDMA_Channel1_IRQHandler                 0x08000353   Thumb Code     0  startup_stm32h750xx.o(.text)
    BDMA_Channel2_IRQHandler                 0x08000353   Thumb Code     0  startup_stm32h750xx.o(.text)
    BDMA_Channel3_IRQHandler                 0x08000353   Thumb Code     0  startup_stm32h750xx.o(.text)
    BDMA_Channel4_IRQHandler                 0x08000353   Thumb Code     0  startup_stm32h750xx.o(.text)
    BDMA_Channel5_IRQHandler                 0x08000353   Thumb Code     0  startup_stm32h750xx.o(.text)
    BDMA_Channel6_IRQHandler                 0x08000353   Thumb Code     0  startup_stm32h750xx.o(.text)
    BDMA_Channel7_IRQHandler                 0x08000353   Thumb Code     0  startup_stm32h750xx.o(.text)
    CEC_IRQHandler                           0x08000353   Thumb Code     0  startup_stm32h750xx.o(.text)
    COMP1_IRQHandler                         0x08000353   Thumb Code     0  startup_stm32h750xx.o(.text)
    CRS_IRQHandler                           0x08000353   Thumb Code     0  startup_stm32h750xx.o(.text)
    CRYP_IRQHandler                          0x08000353   Thumb Code     0  startup_stm32h750xx.o(.text)
    DCMI_IRQHandler                          0x08000353   Thumb Code     0  startup_stm32h750xx.o(.text)
    DFSDM1_FLT0_IRQHandler                   0x08000353   Thumb Code     0  startup_stm32h750xx.o(.text)
    DFSDM1_FLT1_IRQHandler                   0x08000353   Thumb Code     0  startup_stm32h750xx.o(.text)
    DFSDM1_FLT2_IRQHandler                   0x08000353   Thumb Code     0  startup_stm32h750xx.o(.text)
    DFSDM1_FLT3_IRQHandler                   0x08000353   Thumb Code     0  startup_stm32h750xx.o(.text)
    DMA1_Stream0_IRQHandler                  0x08000353   Thumb Code     0  startup_stm32h750xx.o(.text)
    DMA1_Stream1_IRQHandler                  0x08000353   Thumb Code     0  startup_stm32h750xx.o(.text)
    DMA1_Stream2_IRQHandler                  0x08000353   Thumb Code     0  startup_stm32h750xx.o(.text)
    DMA1_Stream3_IRQHandler                  0x08000353   Thumb Code     0  startup_stm32h750xx.o(.text)
    DMA1_Stream4_IRQHandler                  0x08000353   Thumb Code     0  startup_stm32h750xx.o(.text)
    DMA1_Stream5_IRQHandler                  0x08000353   Thumb Code     0  startup_stm32h750xx.o(.text)
    DMA1_Stream6_IRQHandler                  0x08000353   Thumb Code     0  startup_stm32h750xx.o(.text)
    DMA1_Stream7_IRQHandler                  0x08000353   Thumb Code     0  startup_stm32h750xx.o(.text)
    DMA2D_IRQHandler                         0x08000353   Thumb Code     0  startup_stm32h750xx.o(.text)
    DMA2_Stream0_IRQHandler                  0x08000353   Thumb Code     0  startup_stm32h750xx.o(.text)
    DMA2_Stream1_IRQHandler                  0x08000353   Thumb Code     0  startup_stm32h750xx.o(.text)
    DMA2_Stream2_IRQHandler                  0x08000353   Thumb Code     0  startup_stm32h750xx.o(.text)
    DMA2_Stream3_IRQHandler                  0x08000353   Thumb Code     0  startup_stm32h750xx.o(.text)
    DMA2_Stream4_IRQHandler                  0x08000353   Thumb Code     0  startup_stm32h750xx.o(.text)
    DMA2_Stream5_IRQHandler                  0x08000353   Thumb Code     0  startup_stm32h750xx.o(.text)
    DMA2_Stream6_IRQHandler                  0x08000353   Thumb Code     0  startup_stm32h750xx.o(.text)
    DMA2_Stream7_IRQHandler                  0x08000353   Thumb Code     0  startup_stm32h750xx.o(.text)
    DMAMUX1_OVR_IRQHandler                   0x08000353   Thumb Code     0  startup_stm32h750xx.o(.text)
    DMAMUX2_OVR_IRQHandler                   0x08000353   Thumb Code     0  startup_stm32h750xx.o(.text)
    ECC_IRQHandler                           0x08000353   Thumb Code     0  startup_stm32h750xx.o(.text)
    ETH_IRQHandler                           0x08000353   Thumb Code     0  startup_stm32h750xx.o(.text)
    ETH_WKUP_IRQHandler                      0x08000353   Thumb Code     0  startup_stm32h750xx.o(.text)
    EXTI0_IRQHandler                         0x08000353   Thumb Code     0  startup_stm32h750xx.o(.text)
    EXTI15_10_IRQHandler                     0x08000353   Thumb Code     0  startup_stm32h750xx.o(.text)
    EXTI1_IRQHandler                         0x08000353   Thumb Code     0  startup_stm32h750xx.o(.text)
    EXTI2_IRQHandler                         0x08000353   Thumb Code     0  startup_stm32h750xx.o(.text)
    EXTI3_IRQHandler                         0x08000353   Thumb Code     0  startup_stm32h750xx.o(.text)
    EXTI4_IRQHandler                         0x08000353   Thumb Code     0  startup_stm32h750xx.o(.text)
    EXTI9_5_IRQHandler                       0x08000353   Thumb Code     0  startup_stm32h750xx.o(.text)
    FDCAN1_IT1_IRQHandler                    0x08000353   Thumb Code     0  startup_stm32h750xx.o(.text)
    FDCAN2_IT1_IRQHandler                    0x08000353   Thumb Code     0  startup_stm32h750xx.o(.text)
    FDCAN_CAL_IRQHandler                     0x08000353   Thumb Code     0  startup_stm32h750xx.o(.text)
    FLASH_IRQHandler                         0x08000353   Thumb Code     0  startup_stm32h750xx.o(.text)
    FMC_IRQHandler                           0x08000353   Thumb Code     0  startup_stm32h750xx.o(.text)
    FPU_IRQHandler                           0x08000353   Thumb Code     0  startup_stm32h750xx.o(.text)
    HASH_RNG_IRQHandler                      0x08000353   Thumb Code     0  startup_stm32h750xx.o(.text)
    HRTIM1_FLT_IRQHandler                    0x08000353   Thumb Code     0  startup_stm32h750xx.o(.text)
    HRTIM1_Master_IRQHandler                 0x08000353   Thumb Code     0  startup_stm32h750xx.o(.text)
    HRTIM1_TIMA_IRQHandler                   0x08000353   Thumb Code     0  startup_stm32h750xx.o(.text)
    HRTIM1_TIMB_IRQHandler                   0x08000353   Thumb Code     0  startup_stm32h750xx.o(.text)
    HRTIM1_TIMC_IRQHandler                   0x08000353   Thumb Code     0  startup_stm32h750xx.o(.text)
    HRTIM1_TIMD_IRQHandler                   0x08000353   Thumb Code     0  startup_stm32h750xx.o(.text)
    HRTIM1_TIME_IRQHandler                   0x08000353   Thumb Code     0  startup_stm32h750xx.o(.text)
    HSEM1_IRQHandler                         0x08000353   Thumb Code     0  startup_stm32h750xx.o(.text)
    I2C1_ER_IRQHandler                       0x08000353   Thumb Code     0  startup_stm32h750xx.o(.text)
    I2C1_EV_IRQHandler                       0x08000353   Thumb Code     0  startup_stm32h750xx.o(.text)
    I2C2_ER_IRQHandler                       0x08000353   Thumb Code     0  startup_stm32h750xx.o(.text)
    I2C2_EV_IRQHandler                       0x08000353   Thumb Code     0  startup_stm32h750xx.o(.text)
    I2C3_ER_IRQHandler                       0x08000353   Thumb Code     0  startup_stm32h750xx.o(.text)
    I2C3_EV_IRQHandler                       0x08000353   Thumb Code     0  startup_stm32h750xx.o(.text)
    I2C4_ER_IRQHandler                       0x08000353   Thumb Code     0  startup_stm32h750xx.o(.text)
    I2C4_EV_IRQHandler                       0x08000353   Thumb Code     0  startup_stm32h750xx.o(.text)
    JPEG_IRQHandler                          0x08000353   Thumb Code     0  startup_stm32h750xx.o(.text)
    LPTIM1_IRQHandler                        0x08000353   Thumb Code     0  startup_stm32h750xx.o(.text)
    LPTIM2_IRQHandler                        0x08000353   Thumb Code     0  startup_stm32h750xx.o(.text)
    LPTIM3_IRQHandler                        0x08000353   Thumb Code     0  startup_stm32h750xx.o(.text)
    LPTIM4_IRQHandler                        0x08000353   Thumb Code     0  startup_stm32h750xx.o(.text)
    LPTIM5_IRQHandler                        0x08000353   Thumb Code     0  startup_stm32h750xx.o(.text)
    LPUART1_IRQHandler                       0x08000353   Thumb Code     0  startup_stm32h750xx.o(.text)
    LTDC_ER_IRQHandler                       0x08000353   Thumb Code     0  startup_stm32h750xx.o(.text)
    LTDC_IRQHandler                          0x08000353   Thumb Code     0  startup_stm32h750xx.o(.text)
    MDIOS_IRQHandler                         0x08000353   Thumb Code     0  startup_stm32h750xx.o(.text)
    MDIOS_WKUP_IRQHandler                    0x08000353   Thumb Code     0  startup_stm32h750xx.o(.text)
    MDMA_IRQHandler                          0x08000353   Thumb Code     0  startup_stm32h750xx.o(.text)
    OTG_FS_EP1_IN_IRQHandler                 0x08000353   Thumb Code     0  startup_stm32h750xx.o(.text)
    OTG_FS_EP1_OUT_IRQHandler                0x08000353   Thumb Code     0  startup_stm32h750xx.o(.text)
    OTG_FS_IRQHandler                        0x08000353   Thumb Code     0  startup_stm32h750xx.o(.text)
    OTG_FS_WKUP_IRQHandler                   0x08000353   Thumb Code     0  startup_stm32h750xx.o(.text)
    OTG_HS_EP1_IN_IRQHandler                 0x08000353   Thumb Code     0  startup_stm32h750xx.o(.text)
    OTG_HS_EP1_OUT_IRQHandler                0x08000353   Thumb Code     0  startup_stm32h750xx.o(.text)
    OTG_HS_IRQHandler                        0x08000353   Thumb Code     0  startup_stm32h750xx.o(.text)
    OTG_HS_WKUP_IRQHandler                   0x08000353   Thumb Code     0  startup_stm32h750xx.o(.text)
    PVD_AVD_IRQHandler                       0x08000353   Thumb Code     0  startup_stm32h750xx.o(.text)
    QUADSPI_IRQHandler                       0x08000353   Thumb Code     0  startup_stm32h750xx.o(.text)
    RCC_IRQHandler                           0x08000353   Thumb Code     0  startup_stm32h750xx.o(.text)
    RTC_Alarm_IRQHandler                     0x08000353   Thumb Code     0  startup_stm32h750xx.o(.text)
    RTC_WKUP_IRQHandler                      0x08000353   Thumb Code     0  startup_stm32h750xx.o(.text)
    SAI1_IRQHandler                          0x08000353   Thumb Code     0  startup_stm32h750xx.o(.text)
    SAI2_IRQHandler                          0x08000353   Thumb Code     0  startup_stm32h750xx.o(.text)
    SAI3_IRQHandler                          0x08000353   Thumb Code     0  startup_stm32h750xx.o(.text)
    SAI4_IRQHandler                          0x08000353   Thumb Code     0  startup_stm32h750xx.o(.text)
    SDMMC1_IRQHandler                        0x08000353   Thumb Code     0  startup_stm32h750xx.o(.text)
    SDMMC2_IRQHandler                        0x08000353   Thumb Code     0  startup_stm32h750xx.o(.text)
    SPDIF_RX_IRQHandler                      0x08000353   Thumb Code     0  startup_stm32h750xx.o(.text)
    SPI1_IRQHandler                          0x08000353   Thumb Code     0  startup_stm32h750xx.o(.text)
    SPI2_IRQHandler                          0x08000353   Thumb Code     0  startup_stm32h750xx.o(.text)
    SPI3_IRQHandler                          0x08000353   Thumb Code     0  startup_stm32h750xx.o(.text)
    SPI4_IRQHandler                          0x08000353   Thumb Code     0  startup_stm32h750xx.o(.text)
    SPI5_IRQHandler                          0x08000353   Thumb Code     0  startup_stm32h750xx.o(.text)
    SPI6_IRQHandler                          0x08000353   Thumb Code     0  startup_stm32h750xx.o(.text)
    SWPMI1_IRQHandler                        0x08000353   Thumb Code     0  startup_stm32h750xx.o(.text)
    TAMP_STAMP_IRQHandler                    0x08000353   Thumb Code     0  startup_stm32h750xx.o(.text)
    TIM15_IRQHandler                         0x08000353   Thumb Code     0  startup_stm32h750xx.o(.text)
    TIM16_IRQHandler                         0x08000353   Thumb Code     0  startup_stm32h750xx.o(.text)
    TIM17_IRQHandler                         0x08000353   Thumb Code     0  startup_stm32h750xx.o(.text)
    TIM1_BRK_IRQHandler                      0x08000353   Thumb Code     0  startup_stm32h750xx.o(.text)
    TIM1_CC_IRQHandler                       0x08000353   Thumb Code     0  startup_stm32h750xx.o(.text)
    TIM1_TRG_COM_IRQHandler                  0x08000353   Thumb Code     0  startup_stm32h750xx.o(.text)
    TIM1_UP_IRQHandler                       0x08000353   Thumb Code     0  startup_stm32h750xx.o(.text)
    TIM2_IRQHandler                          0x08000353   Thumb Code     0  startup_stm32h750xx.o(.text)
    TIM3_IRQHandler                          0x08000353   Thumb Code     0  startup_stm32h750xx.o(.text)
    TIM4_IRQHandler                          0x08000353   Thumb Code     0  startup_stm32h750xx.o(.text)
    TIM5_IRQHandler                          0x08000353   Thumb Code     0  startup_stm32h750xx.o(.text)
    TIM6_DAC_IRQHandler                      0x08000353   Thumb Code     0  startup_stm32h750xx.o(.text)
    TIM7_IRQHandler                          0x08000353   Thumb Code     0  startup_stm32h750xx.o(.text)
    TIM8_BRK_TIM12_IRQHandler                0x08000353   Thumb Code     0  startup_stm32h750xx.o(.text)
    TIM8_CC_IRQHandler                       0x08000353   Thumb Code     0  startup_stm32h750xx.o(.text)
    TIM8_TRG_COM_TIM14_IRQHandler            0x08000353   Thumb Code     0  startup_stm32h750xx.o(.text)
    TIM8_UP_TIM13_IRQHandler                 0x08000353   Thumb Code     0  startup_stm32h750xx.o(.text)
    UART4_IRQHandler                         0x08000353   Thumb Code     0  startup_stm32h750xx.o(.text)
    UART5_IRQHandler                         0x08000353   Thumb Code     0  startup_stm32h750xx.o(.text)
    UART7_IRQHandler                         0x08000353   Thumb Code     0  startup_stm32h750xx.o(.text)
    UART8_IRQHandler                         0x08000353   Thumb Code     0  startup_stm32h750xx.o(.text)
    USART1_IRQHandler                        0x08000353   Thumb Code     0  startup_stm32h750xx.o(.text)
    USART2_IRQHandler                        0x08000353   Thumb Code     0  startup_stm32h750xx.o(.text)
    USART3_IRQHandler                        0x08000353   Thumb Code     0  startup_stm32h750xx.o(.text)
    USART6_IRQHandler                        0x08000353   Thumb Code     0  startup_stm32h750xx.o(.text)
    WAKEUP_PIN_IRQHandler                    0x08000353   Thumb Code     0  startup_stm32h750xx.o(.text)
    WWDG_IRQHandler                          0x08000353   Thumb Code     0  startup_stm32h750xx.o(.text)
    __user_initial_stackheap                 0x08000355   Thumb Code     0  startup_stm32h750xx.o(.text)
    __aeabi_memcpy4                          0x08000379   Thumb Code     0  rt_memcpy_w.o(.text)
    __aeabi_memcpy8                          0x08000379   Thumb Code     0  rt_memcpy_w.o(.text)
    __rt_memcpy_w                            0x08000379   Thumb Code   100  rt_memcpy_w.o(.text)
    _memcpy_lastbytes_aligned                0x080003c1   Thumb Code     0  rt_memcpy_w.o(.text)
    __aeabi_memclr4                          0x080003dd   Thumb Code     0  rt_memclr_w.o(.text)
    __aeabi_memclr8                          0x080003dd   Thumb Code     0  rt_memclr_w.o(.text)
    __rt_memclr_w                            0x080003dd   Thumb Code    78  rt_memclr_w.o(.text)
    _memset_w                                0x080003e1   Thumb Code     0  rt_memclr_w.o(.text)
    __use_two_region_memory                  0x0800042b   Thumb Code     2  heapauxi.o(.text)
    __rt_heap_escrow$2region                 0x0800042d   Thumb Code     2  heapauxi.o(.text)
    __rt_heap_expand$2region                 0x0800042f   Thumb Code     2  heapauxi.o(.text)
    __read_errno                             0x08000431   Thumb Code    10  _rserrno.o(.text)
    __set_errno                              0x0800043b   Thumb Code    12  _rserrno.o(.text)
    __aeabi_errno_addr                       0x08000449   Thumb Code     8  rt_errno_addr_intlibspace.o(.text)
    __errno$intlibspace                      0x08000449   Thumb Code     0  rt_errno_addr_intlibspace.o(.text)
    __rt_errno_addr$intlibspace              0x08000449   Thumb Code     0  rt_errno_addr_intlibspace.o(.text)
    __user_libspace                          0x08000451   Thumb Code     8  libspace.o(.text)
    __user_perproc_libspace                  0x08000451   Thumb Code     0  libspace.o(.text)
    __user_perthread_libspace                0x08000451   Thumb Code     0  libspace.o(.text)
    __user_setup_stackheap                   0x08000459   Thumb Code    74  sys_stackheap_outer.o(.text)
    exit                                     0x080004a3   Thumb Code    18  exit.o(.text)
    _sys_exit                                0x080004b5   Thumb Code     8  sys_exit.o(.text)
    __I$use$semihosting                      0x080004c1   Thumb Code     0  use_no_semi.o(.text)
    __use_no_semihosting_swi                 0x080004c1   Thumb Code     2  use_no_semi.o(.text)
    BusFault_Handler                         0x080004c3   Thumb Code     2  stm32h7xx_it.o(i.BusFault_Handler)
    __semihosting_library_function           0x080004c3   Thumb Code     0  indicate_semi.o(.text)
    DebugMon_Handler                         0x080004c5   Thumb Code     2  stm32h7xx_it.o(i.DebugMon_Handler)
    Error_Handler                            0x080004c7   Thumb Code     4  main.o(i.Error_Handler)
    FDCAN1_IT0_IRQHandler                    0x080004cd   Thumb Code     6  fdcan.o(i.FDCAN1_IT0_IRQHandler)
    FDCAN1_Send_Msg                          0x080004d9   Thumb Code    66  fdcan.o(i.FDCAN1_Send_Msg)
    FDCAN2_IT0_IRQHandler                    0x08000525   Thumb Code     6  fdcan.o(i.FDCAN2_IT0_IRQHandler)
    FDCAN2_Send_Msg                          0x08000531   Thumb Code    66  fdcan.o(i.FDCAN2_Send_Msg)
    HAL_Delay                                0x080007c1   Thumb Code    32  stm32h7xx_hal.o(i.HAL_Delay)
    HAL_FDCAN_ActivateNotification           0x080007e5   Thumb Code   126  stm32h7xx_hal_fdcan.o(i.HAL_FDCAN_ActivateNotification)
    HAL_FDCAN_AddMessageToTxFifoQ            0x0800086d   Thumb Code   102  stm32h7xx_hal_fdcan.o(i.HAL_FDCAN_AddMessageToTxFifoQ)
    HAL_FDCAN_ClockCalibrationCallback       0x080008d3   Thumb Code     2  stm32h7xx_hal_fdcan.o(i.HAL_FDCAN_ClockCalibrationCallback)
    HAL_FDCAN_ConfigGlobalFilter             0x080008d5   Thumb Code    50  stm32h7xx_hal_fdcan.o(i.HAL_FDCAN_ConfigGlobalFilter)
    HAL_FDCAN_ErrorCallback                  0x08000907   Thumb Code     2  stm32h7xx_hal_fdcan.o(i.HAL_FDCAN_ErrorCallback)
    HAL_FDCAN_ErrorStatusCallback            0x08000909   Thumb Code     2  stm32h7xx_hal_fdcan.o(i.HAL_FDCAN_ErrorStatusCallback)
    HAL_FDCAN_GetRxFifoFillLevel             0x0800090d   Thumb Code    24  stm32h7xx_hal_fdcan.o(i.HAL_FDCAN_GetRxFifoFillLevel)
    HAL_FDCAN_GetRxMessage                   0x08000925   Thumb Code   392  stm32h7xx_hal_fdcan.o(i.HAL_FDCAN_GetRxMessage)
    HAL_FDCAN_HighPriorityMessageCallback    0x08000ab1   Thumb Code     2  stm32h7xx_hal_fdcan.o(i.HAL_FDCAN_HighPriorityMessageCallback)
    HAL_FDCAN_IRQHandler                     0x08000ab5   Thumb Code   788  stm32h7xx_hal_fdcan.o(i.HAL_FDCAN_IRQHandler)
    HAL_FDCAN_Init                           0x08000dd5   Thumb Code   572  stm32h7xx_hal_fdcan.o(i.HAL_FDCAN_Init)
    HAL_FDCAN_MspInit                        0x08001019   Thumb Code   272  fdcan.o(i.HAL_FDCAN_MspInit)
    HAL_FDCAN_RxBufferNewMessageCallback     0x08001141   Thumb Code     2  stm32h7xx_hal_fdcan.o(i.HAL_FDCAN_RxBufferNewMessageCallback)
    HAL_FDCAN_RxFifo0Callback                0x08001145   Thumb Code    92  main.o(i.HAL_FDCAN_RxFifo0Callback)
    HAL_FDCAN_RxFifo1Callback                0x080011a5   Thumb Code     2  stm32h7xx_hal_fdcan.o(i.HAL_FDCAN_RxFifo1Callback)
    HAL_FDCAN_Start                          0x080011a7   Thumb Code    50  stm32h7xx_hal_fdcan.o(i.HAL_FDCAN_Start)
    HAL_FDCAN_TT_GlobalTimeCallback          0x080011d9   Thumb Code     2  stm32h7xx_hal_fdcan.o(i.HAL_FDCAN_TT_GlobalTimeCallback)
    HAL_FDCAN_TT_ScheduleSyncCallback        0x080011db   Thumb Code     2  stm32h7xx_hal_fdcan.o(i.HAL_FDCAN_TT_ScheduleSyncCallback)
    HAL_FDCAN_TT_StopWatchCallback           0x080011dd   Thumb Code     2  stm32h7xx_hal_fdcan.o(i.HAL_FDCAN_TT_StopWatchCallback)
    HAL_FDCAN_TT_TimeMarkCallback            0x080011df   Thumb Code     2  stm32h7xx_hal_fdcan.o(i.HAL_FDCAN_TT_TimeMarkCallback)
    HAL_FDCAN_TimeoutOccurredCallback        0x080011e1   Thumb Code     2  stm32h7xx_hal_fdcan.o(i.HAL_FDCAN_TimeoutOccurredCallback)
    HAL_FDCAN_TimestampWraparoundCallback    0x080011e3   Thumb Code     2  stm32h7xx_hal_fdcan.o(i.HAL_FDCAN_TimestampWraparoundCallback)
    HAL_FDCAN_TxBufferAbortCallback          0x080011e5   Thumb Code     2  stm32h7xx_hal_fdcan.o(i.HAL_FDCAN_TxBufferAbortCallback)
    HAL_FDCAN_TxBufferCompleteCallback       0x080011e7   Thumb Code     2  stm32h7xx_hal_fdcan.o(i.HAL_FDCAN_TxBufferCompleteCallback)
    HAL_FDCAN_TxEventFifoCallback            0x080011e9   Thumb Code     2  stm32h7xx_hal_fdcan.o(i.HAL_FDCAN_TxEventFifoCallback)
    HAL_FDCAN_TxFifoEmptyCallback            0x080011eb   Thumb Code     2  stm32h7xx_hal_fdcan.o(i.HAL_FDCAN_TxFifoEmptyCallback)
    HAL_GPIO_Init                            0x080011ed   Thumb Code   506  stm32h7xx_hal_gpio.o(i.HAL_GPIO_Init)
    HAL_GPIO_WritePin                        0x08001419   Thumb Code    10  stm32h7xx_hal_gpio.o(i.HAL_GPIO_WritePin)
    HAL_GetREVID                             0x08001425   Thumb Code     8  stm32h7xx_hal.o(i.HAL_GetREVID)
    HAL_GetTick                              0x08001431   Thumb Code     6  stm32h7xx_hal.o(i.HAL_GetTick)
    HAL_IncTick                              0x0800143d   Thumb Code    12  stm32h7xx_hal.o(i.HAL_IncTick)
    HAL_Init                                 0x0800144d   Thumb Code    74  stm32h7xx_hal.o(i.HAL_Init)
    HAL_InitTick                             0x080014a9   Thumb Code    56  stm32h7xx_hal.o(i.HAL_InitTick)
    HAL_MPU_ConfigRegion                     0x080014e9   Thumb Code    86  stm32h7xx_hal_cortex.o(i.HAL_MPU_ConfigRegion)
    HAL_MPU_Disable                          0x08001545   Thumb Code    24  stm32h7xx_hal_cortex.o(i.HAL_MPU_Disable)
    HAL_MPU_Enable                           0x08001561   Thumb Code    30  stm32h7xx_hal_cortex.o(i.HAL_MPU_Enable)
    HAL_MspInit                              0x08001585   Thumb Code    22  stm32h7xx_hal_msp.o(i.HAL_MspInit)
    HAL_NVIC_EnableIRQ                       0x080015a1   Thumb Code    26  stm32h7xx_hal_cortex.o(i.HAL_NVIC_EnableIRQ)
    HAL_NVIC_SetPriority                     0x080015bd   Thumb Code    60  stm32h7xx_hal_cortex.o(i.HAL_NVIC_SetPriority)
    HAL_NVIC_SetPriorityGrouping             0x080015fd   Thumb Code    28  stm32h7xx_hal_cortex.o(i.HAL_NVIC_SetPriorityGrouping)
    HAL_PWREx_ConfigSupply                   0x08001621   Thumb Code    78  stm32h7xx_hal_pwr_ex.o(i.HAL_PWREx_ConfigSupply)
    HAL_RCCEx_PeriphCLKConfig                0x08001675   Thumb Code  2472  stm32h7xx_hal_rcc_ex.o(i.HAL_RCCEx_PeriphCLKConfig)
    HAL_RCC_ClockConfig                      0x08002021   Thumb Code   580  stm32h7xx_hal_rcc.o(i.HAL_RCC_ClockConfig)
    HAL_RCC_GetSysClockFreq                  0x0800227d   Thumb Code   278  stm32h7xx_hal_rcc.o(i.HAL_RCC_GetSysClockFreq)
    HAL_RCC_OscConfig                        0x080023b5   Thumb Code  1410  stm32h7xx_hal_rcc.o(i.HAL_RCC_OscConfig)
    HAL_SPI_Init                             0x08002939   Thumb Code   366  stm32h7xx_hal_spi.o(i.HAL_SPI_Init)
    HAL_SPI_MspInit                          0x08002ab5   Thumb Code   120  spi.o(i.HAL_SPI_MspInit)
    HAL_SPI_TransmitReceive                  0x08002b39   Thumb Code   812  stm32h7xx_hal_spi.o(i.HAL_SPI_TransmitReceive)
    HAL_SYSTICK_Config                       0x08002e71   Thumb Code    38  stm32h7xx_hal_cortex.o(i.HAL_SYSTICK_Config)
    HardFault_Handler                        0x08002e97   Thumb Code     2  stm32h7xx_it.o(i.HardFault_Handler)
    MX_FDCAN1_Init                           0x08002e99   Thumb Code    96  fdcan.o(i.MX_FDCAN1_Init)
    MX_FDCAN2_Init                           0x08002f01   Thumb Code    98  fdcan.o(i.MX_FDCAN2_Init)
    MX_GPIO_Init                             0x08002f6d   Thumb Code   118  gpio.o(i.MX_GPIO_Init)
    MX_SPI1_Init                             0x08002fed   Thumb Code    74  spi.o(i.MX_SPI1_Init)
    MemManage_Handler                        0x08003041   Thumb Code     2  stm32h7xx_it.o(i.MemManage_Handler)
    NMI_Handler                              0x08003043   Thumb Code     2  stm32h7xx_it.o(i.NMI_Handler)
    PendSV_Handler                           0x08003045   Thumb Code     2  stm32h7xx_it.o(i.PendSV_Handler)
    SVC_Handler                              0x0800338b   Thumb Code     2  stm32h7xx_it.o(i.SVC_Handler)
    SysTick_Handler                          0x0800338d   Thumb Code     4  stm32h7xx_it.o(i.SysTick_Handler)
    SystemClock_Config                       0x08003391   Thumb Code   208  main.o(i.SystemClock_Config)
    SystemInit                               0x0800346d   Thumb Code   180  system_stm32h7xx.o(i.SystemInit)
    UsageFault_Handler                       0x08003549   Thumb Code     2  stm32h7xx_it.o(i.UsageFault_Handler)
    __hardfp_lrintf                          0x0800356d   Thumb Code    72  lrintf.o(i.__hardfp_lrintf)
    main                                     0x08003751   Thumb Code   434  main.o(i.main)
    _ffix_r                                  0x08003b95   Thumb Code    14  ffix.o(x$fpl$ffixr)
    __fpl_fnaninf                            0x08003ba3   Thumb Code   140  fnaninf.o(x$fpl$fnaninf)
    _fp_init                                 0x08003c2f   Thumb Code    10  fpinit.o(x$fpl$fpinit)
    __fplib_config_fpu_vfp                   0x08003c37   Thumb Code     0  fpinit.o(x$fpl$fpinit)
    __fplib_config_pureend_doubles           0x08003c37   Thumb Code     0  fpinit.o(x$fpl$fpinit)
    _frnd                                    0x08003c39   Thumb Code    96  frnd.o(x$fpl$frnd)
    __I$use$fp                               0x08003c98   Number         0  usenofp.o(x$fpl$usenofp)
    D1CorePrescTable                         0x08003cfc   Data          16  system_stm32h7xx.o(.constdata)
    Region$$Table$$Base                      0x08003d0c   Number         0  anon$$obj.o(Region$$Table)
    Region$$Table$$Limit                     0x08003d2c   Number         0  anon$$obj.o(Region$$Table)
    g_last_cmd_type                          0x24000000   Data           1  main.o(.data)
    g_last_src_id                            0x24000001   Data           1  main.o(.data)
    g_last_dst_id                            0x24000002   Data           1  main.o(.data)
    g_last_fb_cmd_type                       0x24000003   Data           1  main.o(.data)
    g_fdcan_rx_cnt                           0x24000008   Data           4  main.o(.data)
    g_last_ext_id                            0x2400000c   Data           4  main.o(.data)
    g_parse_hit_cnt                          0x24000010   Data           4  main.o(.data)
    g_last_fb_ext_id                         0x24000014   Data           4  main.o(.data)
    g_fdcan1_tx_ok                           0x24000018   Data           4  main.o(.data)
    g_fdcan1_tx_fail                         0x2400001c   Data           4  main.o(.data)
    g_fdcan2_tx_ok                           0x24000020   Data           4  main.o(.data)
    g_fdcan2_tx_fail                         0x24000024   Data           4  main.o(.data)
    g_last_data                              0x24000028   Data           8  main.o(.data)
    msg                                      0x24000034   Data           8  fdcan.o(.data)
    uwTickFreq                               0x2400003c   Data           1  stm32h7xx_hal.o(.data)
    uwTickPrio                               0x24000040   Data           4  stm32h7xx_hal.o(.data)
    uwTick                                   0x24000044   Data           4  stm32h7xx_hal.o(.data)
    SystemCoreClock                          0x24000048   Data           4  system_stm32h7xx.o(.data)
    SystemD2Clock                            0x2400004c   Data           4  system_stm32h7xx.o(.data)
    rxbuff                                   0x24000050   Data          96  main.o(.bss)
    txbuff                                   0x240000b0   Data          96  main.o(.bss)
    fdcan1_TxHeader                          0x240001d0   Data          36  fdcan.o(.bss)
    fdcan2_TxHeader                          0x240001f4   Data          36  fdcan.o(.bss)
    hfdcan1                                  0x24000218   Data         160  fdcan.o(.bss)
    hfdcan2                                  0x240002b8   Data         160  fdcan.o(.bss)
    hspi1                                    0x24000358   Data         136  spi.o(.bss)
    __libspace_start                         0x240003e0   Data          96  libspace.o(.bss)
    __temporary_stack_top$libspace           0x24000440   Data           0  libspace.o(.bss)



==============================================================================

Memory Map of the image

  Image Entry point : 0x08000299

  Load Region LR_IROM1 (Base: 0x08000000, Size: 0x00003d7c, Max: 0x00020000, ABSOLUTE)

    Execution Region ER_IROM1 (Exec base: 0x08000000, Load base: 0x08000000, Size: 0x00003d2c, Max: 0x00020000, ABSOLUTE)

    Exec Addr    Load Addr    Size         Type   Attr      Idx    E Section Name        Object

    0x08000000   0x08000000   0x00000298   Data   RO            3    RESET               startup_stm32h750xx.o
    0x08000298   0x08000298   0x00000008   Code   RO         3893  * !!!main             c_w.l(__main.o)
    0x080002a0   0x080002a0   0x00000034   Code   RO         4076    !!!scatter          c_w.l(__scatter.o)
    0x080002d4   0x080002d4   0x0000001a   Code   RO         4078    !!handler_copy      c_w.l(__scatter_copy.o)
    0x080002ee   0x080002ee   0x00000002   PAD
    0x080002f0   0x080002f0   0x0000001c   Code   RO         4080    !!handler_zi        c_w.l(__scatter_zi.o)
    0x0800030c   0x0800030c   0x00000002   Code   RO         3947    .ARM.Collect$$libinit$$00000000  c_w.l(libinit.o)
    0x0800030e   0x0800030e   0x00000004   Code   RO         3950    .ARM.Collect$$libinit$$00000001  c_w.l(libinit2.o)
    0x08000312   0x08000312   0x00000000   Code   RO         3953    .ARM.Collect$$libinit$$00000004  c_w.l(libinit2.o)
    0x08000312   0x08000312   0x00000000   Code   RO         3956    .ARM.Collect$$libinit$$0000000A  c_w.l(libinit2.o)
    0x08000312   0x08000312   0x00000000   Code   RO         3958    .ARM.Collect$$libinit$$0000000C  c_w.l(libinit2.o)
    0x08000312   0x08000312   0x00000000   Code   RO         3960    .ARM.Collect$$libinit$$0000000E  c_w.l(libinit2.o)
    0x08000312   0x08000312   0x00000000   Code   RO         3963    .ARM.Collect$$libinit$$00000011  c_w.l(libinit2.o)
    0x08000312   0x08000312   0x00000000   Code   RO         3965    .ARM.Collect$$libinit$$00000013  c_w.l(libinit2.o)
    0x08000312   0x08000312   0x00000000   Code   RO         3967    .ARM.Collect$$libinit$$00000015  c_w.l(libinit2.o)
    0x08000312   0x08000312   0x00000000   Code   RO         3969    .ARM.Collect$$libinit$$00000017  c_w.l(libinit2.o)
    0x08000312   0x08000312   0x00000000   Code   RO         3971    .ARM.Collect$$libinit$$00000019  c_w.l(libinit2.o)
    0x08000312   0x08000312   0x00000000   Code   RO         3973    .ARM.Collect$$libinit$$0000001B  c_w.l(libinit2.o)
    0x08000312   0x08000312   0x00000000   Code   RO         3975    .ARM.Collect$$libinit$$0000001D  c_w.l(libinit2.o)
    0x08000312   0x08000312   0x00000000   Code   RO         3977    .ARM.Collect$$libinit$$0000001F  c_w.l(libinit2.o)
    0x08000312   0x08000312   0x00000000   Code   RO         3979    .ARM.Collect$$libinit$$00000021  c_w.l(libinit2.o)
    0x08000312   0x08000312   0x00000000   Code   RO         3981    .ARM.Collect$$libinit$$00000023  c_w.l(libinit2.o)
    0x08000312   0x08000312   0x00000000   Code   RO         3983    .ARM.Collect$$libinit$$00000025  c_w.l(libinit2.o)
    0x08000312   0x08000312   0x00000000   Code   RO         3987    .ARM.Collect$$libinit$$0000002C  c_w.l(libinit2.o)
    0x08000312   0x08000312   0x00000000   Code   RO         3989    .ARM.Collect$$libinit$$0000002E  c_w.l(libinit2.o)
    0x08000312   0x08000312   0x00000000   Code   RO         3991    .ARM.Collect$$libinit$$00000030  c_w.l(libinit2.o)
    0x08000312   0x08000312   0x00000000   Code   RO         3993    .ARM.Collect$$libinit$$00000032  c_w.l(libinit2.o)
    0x08000312   0x08000312   0x00000002   Code   RO         3994    .ARM.Collect$$libinit$$00000033  c_w.l(libinit2.o)
    0x08000314   0x08000314   0x00000002   Code   RO         4014    .ARM.Collect$$libshutdown$$00000000  c_w.l(libshutdown.o)
    0x08000316   0x08000316   0x00000000   Code   RO         4027    .ARM.Collect$$libshutdown$$00000002  c_w.l(libshutdown2.o)
    0x08000316   0x08000316   0x00000000   Code   RO         4029    .ARM.Collect$$libshutdown$$00000004  c_w.l(libshutdown2.o)
    0x08000316   0x08000316   0x00000000   Code   RO         4031    .ARM.Collect$$libshutdown$$00000006  c_w.l(libshutdown2.o)
    0x08000316   0x08000316   0x00000000   Code   RO         4034    .ARM.Collect$$libshutdown$$00000009  c_w.l(libshutdown2.o)
    0x08000316   0x08000316   0x00000000   Code   RO         4037    .ARM.Collect$$libshutdown$$0000000C  c_w.l(libshutdown2.o)
    0x08000316   0x08000316   0x00000000   Code   RO         4039    .ARM.Collect$$libshutdown$$0000000E  c_w.l(libshutdown2.o)
    0x08000316   0x08000316   0x00000000   Code   RO         4042    .ARM.Collect$$libshutdown$$00000011  c_w.l(libshutdown2.o)
    0x08000316   0x08000316   0x00000002   Code   RO         4043    .ARM.Collect$$libshutdown$$00000012  c_w.l(libshutdown2.o)
    0x08000318   0x08000318   0x00000000   Code   RO         3903    .ARM.Collect$$rtentry$$00000000  c_w.l(__rtentry.o)
    0x08000318   0x08000318   0x00000000   Code   RO         3914    .ARM.Collect$$rtentry$$00000002  c_w.l(__rtentry2.o)
    0x08000318   0x08000318   0x00000006   Code   RO         3926    .ARM.Collect$$rtentry$$00000004  c_w.l(__rtentry4.o)
    0x0800031e   0x0800031e   0x00000000   Code   RO         3916    .ARM.Collect$$rtentry$$00000009  c_w.l(__rtentry2.o)
    0x0800031e   0x0800031e   0x00000004   Code   RO         3917    .ARM.Collect$$rtentry$$0000000A  c_w.l(__rtentry2.o)
    0x08000322   0x08000322   0x00000000   Code   RO         3919    .ARM.Collect$$rtentry$$0000000C  c_w.l(__rtentry2.o)
    0x08000322   0x08000322   0x00000008   Code   RO         3920    .ARM.Collect$$rtentry$$0000000D  c_w.l(__rtentry2.o)
    0x0800032a   0x0800032a   0x00000002   Code   RO         3948    .ARM.Collect$$rtexit$$00000000  c_w.l(rtexit.o)
    0x0800032c   0x0800032c   0x00000000   Code   RO         3996    .ARM.Collect$$rtexit$$00000002  c_w.l(rtexit2.o)
    0x0800032c   0x0800032c   0x00000004   Code   RO         3997    .ARM.Collect$$rtexit$$00000003  c_w.l(rtexit2.o)
    0x08000330   0x08000330   0x00000006   Code   RO         3998    .ARM.Collect$$rtexit$$00000004  c_w.l(rtexit2.o)
    0x08000336   0x08000336   0x00000002   PAD
    0x08000338   0x08000338   0x00000040   Code   RO            4    .text               startup_stm32h750xx.o
    0x08000378   0x08000378   0x00000064   Code   RO         3887    .text               c_w.l(rt_memcpy_w.o)
    0x080003dc   0x080003dc   0x0000004e   Code   RO         3889    .text               c_w.l(rt_memclr_w.o)
    0x0800042a   0x0800042a   0x00000006   Code   RO         3891    .text               c_w.l(heapauxi.o)
    0x08000430   0x08000430   0x00000016   Code   RO         3904    .text               c_w.l(_rserrno.o)
    0x08000446   0x08000446   0x00000002   PAD
    0x08000448   0x08000448   0x00000008   Code   RO         3931    .text               c_w.l(rt_errno_addr_intlibspace.o)
    0x08000450   0x08000450   0x00000008   Code   RO         3935    .text               c_w.l(libspace.o)
    0x08000458   0x08000458   0x0000004a   Code   RO         3938    .text               c_w.l(sys_stackheap_outer.o)
    0x080004a2   0x080004a2   0x00000012   Code   RO         3940    .text               c_w.l(exit.o)
    0x080004b4   0x080004b4   0x0000000c   Code   RO         4006    .text               c_w.l(sys_exit.o)
    0x080004c0   0x080004c0   0x00000002   Code   RO         4017    .text               c_w.l(use_no_semi.o)
    0x080004c2   0x080004c2   0x00000000   Code   RO         4019    .text               c_w.l(indicate_semi.o)
    0x080004c2   0x080004c2   0x00000002   Code   RO          379    i.BusFault_Handler  stm32h7xx_it.o
    0x080004c4   0x080004c4   0x00000002   Code   RO          380    i.DebugMon_Handler  stm32h7xx_it.o
    0x080004c6   0x080004c6   0x00000004   Code   RO           13    i.Error_Handler     main.o
    0x080004ca   0x080004ca   0x00000002   PAD
    0x080004cc   0x080004cc   0x0000000c   Code   RO          262    i.FDCAN1_IT0_IRQHandler  fdcan.o
    0x080004d8   0x080004d8   0x0000004c   Code   RO          263    i.FDCAN1_Send_Msg   fdcan.o
    0x08000524   0x08000524   0x0000000c   Code   RO          264    i.FDCAN2_IT0_IRQHandler  fdcan.o
    0x08000530   0x08000530   0x0000004c   Code   RO          265    i.FDCAN2_Send_Msg   fdcan.o
    0x0800057c   0x0800057c   0x000001c8   Code   RO         2868    i.FDCAN_CalcultateRamBlockAddresses  stm32h7xx_hal_fdcan.o
    0x08000744   0x08000744   0x0000007c   Code   RO         2869    i.FDCAN_CopyMessageToRAM  stm32h7xx_hal_fdcan.o
    0x080007c0   0x080007c0   0x00000024   Code   RO         1965    i.HAL_Delay         stm32h7xx_hal.o
    0x080007e4   0x080007e4   0x00000088   Code   RO         2871    i.HAL_FDCAN_ActivateNotification  stm32h7xx_hal_fdcan.o
    0x0800086c   0x0800086c   0x00000066   Code   RO         2873    i.HAL_FDCAN_AddMessageToTxFifoQ  stm32h7xx_hal_fdcan.o
    0x080008d2   0x080008d2   0x00000002   Code   RO         2874    i.HAL_FDCAN_ClockCalibrationCallback  stm32h7xx_hal_fdcan.o
    0x080008d4   0x080008d4   0x00000032   Code   RO         2879    i.HAL_FDCAN_ConfigGlobalFilter  stm32h7xx_hal_fdcan.o
    0x08000906   0x08000906   0x00000002   Code   RO         2900    i.HAL_FDCAN_ErrorCallback  stm32h7xx_hal_fdcan.o
    0x08000908   0x08000908   0x00000002   Code   RO         2901    i.HAL_FDCAN_ErrorStatusCallback  stm32h7xx_hal_fdcan.o
    0x0800090a   0x0800090a   0x00000002   PAD
    0x0800090c   0x0800090c   0x00000018   Code   RO         2911    i.HAL_FDCAN_GetRxFifoFillLevel  stm32h7xx_hal_fdcan.o
    0x08000924   0x08000924   0x0000018c   Code   RO         2912    i.HAL_FDCAN_GetRxMessage  stm32h7xx_hal_fdcan.o
    0x08000ab0   0x08000ab0   0x00000002   Code   RO         2918    i.HAL_FDCAN_HighPriorityMessageCallback  stm32h7xx_hal_fdcan.o
    0x08000ab2   0x08000ab2   0x00000002   PAD
    0x08000ab4   0x08000ab4   0x00000320   Code   RO         2919    i.HAL_FDCAN_IRQHandler  stm32h7xx_hal_fdcan.o
    0x08000dd4   0x08000dd4   0x00000244   Code   RO         2920    i.HAL_FDCAN_Init    stm32h7xx_hal_fdcan.o
    0x08001018   0x08001018   0x00000128   Code   RO          267    i.HAL_FDCAN_MspInit  fdcan.o
    0x08001140   0x08001140   0x00000002   Code   RO         2929    i.HAL_FDCAN_RxBufferNewMessageCallback  stm32h7xx_hal_fdcan.o
    0x08001142   0x08001142   0x00000002   PAD
    0x08001144   0x08001144   0x00000060   Code   RO           14    i.HAL_FDCAN_RxFifo0Callback  main.o
    0x080011a4   0x080011a4   0x00000002   Code   RO         2931    i.HAL_FDCAN_RxFifo1Callback  stm32h7xx_hal_fdcan.o
    0x080011a6   0x080011a6   0x00000032   Code   RO         2932    i.HAL_FDCAN_Start   stm32h7xx_hal_fdcan.o
    0x080011d8   0x080011d8   0x00000002   Code   RO         2954    i.HAL_FDCAN_TT_GlobalTimeCallback  stm32h7xx_hal_fdcan.o
    0x080011da   0x080011da   0x00000002   Code   RO         2955    i.HAL_FDCAN_TT_ScheduleSyncCallback  stm32h7xx_hal_fdcan.o
    0x080011dc   0x080011dc   0x00000002   Code   RO         2960    i.HAL_FDCAN_TT_StopWatchCallback  stm32h7xx_hal_fdcan.o
    0x080011de   0x080011de   0x00000002   Code   RO         2961    i.HAL_FDCAN_TT_TimeMarkCallback  stm32h7xx_hal_fdcan.o
    0x080011e0   0x080011e0   0x00000002   Code   RO         2962    i.HAL_FDCAN_TimeoutOccurredCallback  stm32h7xx_hal_fdcan.o
    0x080011e2   0x080011e2   0x00000002   Code   RO         2963    i.HAL_FDCAN_TimestampWraparoundCallback  stm32h7xx_hal_fdcan.o
    0x080011e4   0x080011e4   0x00000002   Code   RO         2964    i.HAL_FDCAN_TxBufferAbortCallback  stm32h7xx_hal_fdcan.o
    0x080011e6   0x080011e6   0x00000002   Code   RO         2965    i.HAL_FDCAN_TxBufferCompleteCallback  stm32h7xx_hal_fdcan.o
    0x080011e8   0x080011e8   0x00000002   Code   RO         2966    i.HAL_FDCAN_TxEventFifoCallback  stm32h7xx_hal_fdcan.o
    0x080011ea   0x080011ea   0x00000002   Code   RO         2967    i.HAL_FDCAN_TxFifoEmptyCallback  stm32h7xx_hal_fdcan.o
    0x080011ec   0x080011ec   0x0000022c   Code   RO         1104    i.HAL_GPIO_Init     stm32h7xx_hal_gpio.o
    0x08001418   0x08001418   0x0000000a   Code   RO         1108    i.HAL_GPIO_WritePin  stm32h7xx_hal_gpio.o
    0x08001422   0x08001422   0x00000002   PAD
    0x08001424   0x08001424   0x0000000c   Code   RO         1976    i.HAL_GetREVID      stm32h7xx_hal.o
    0x08001430   0x08001430   0x0000000c   Code   RO         1977    i.HAL_GetTick       stm32h7xx_hal.o
    0x0800143c   0x0800143c   0x00000010   Code   RO         1983    i.HAL_IncTick       stm32h7xx_hal.o
    0x0800144c   0x0800144c   0x0000005c   Code   RO         1984    i.HAL_Init          stm32h7xx_hal.o
    0x080014a8   0x080014a8   0x00000040   Code   RO         1985    i.HAL_InitTick      stm32h7xx_hal.o
    0x080014e8   0x080014e8   0x0000005c   Code   RO          479    i.HAL_MPU_ConfigRegion  stm32h7xx_hal_cortex.o
    0x08001544   0x08001544   0x0000001c   Code   RO          480    i.HAL_MPU_Disable   stm32h7xx_hal_cortex.o
    0x08001560   0x08001560   0x00000024   Code   RO          482    i.HAL_MPU_Enable    stm32h7xx_hal_cortex.o
    0x08001584   0x08001584   0x0000001c   Code   RO          454    i.HAL_MspInit       stm32h7xx_hal_msp.o
    0x080015a0   0x080015a0   0x0000001a   Code   RO          486    i.HAL_NVIC_EnableIRQ  stm32h7xx_hal_cortex.o
    0x080015ba   0x080015ba   0x00000002   PAD
    0x080015bc   0x080015bc   0x00000040   Code   RO          492    i.HAL_NVIC_SetPriority  stm32h7xx_hal_cortex.o
    0x080015fc   0x080015fc   0x00000024   Code   RO          493    i.HAL_NVIC_SetPriorityGrouping  stm32h7xx_hal_cortex.o
    0x08001620   0x08001620   0x00000054   Code   RO         1705    i.HAL_PWREx_ConfigSupply  stm32h7xx_hal_pwr_ex.o
    0x08001674   0x08001674   0x000009ac   Code   RO          756    i.HAL_RCCEx_PeriphCLKConfig  stm32h7xx_hal_rcc_ex.o
    0x08002020   0x08002020   0x0000025c   Code   RO          632    i.HAL_RCC_ClockConfig  stm32h7xx_hal_rcc.o
    0x0800227c   0x0800227c   0x00000138   Code   RO          641    i.HAL_RCC_GetSysClockFreq  stm32h7xx_hal_rcc.o
    0x080023b4   0x080023b4   0x00000582   Code   RO          644    i.HAL_RCC_OscConfig  stm32h7xx_hal_rcc.o
    0x08002936   0x08002936   0x00000002   PAD
    0x08002938   0x08002938   0x0000017c   Code   RO         3497    i.HAL_SPI_Init      stm32h7xx_hal_spi.o
    0x08002ab4   0x08002ab4   0x00000084   Code   RO          338    i.HAL_SPI_MspInit   spi.o
    0x08002b38   0x08002b38   0x00000338   Code   RO         3507    i.HAL_SPI_TransmitReceive  stm32h7xx_hal_spi.o
    0x08002e70   0x08002e70   0x00000026   Code   RO          497    i.HAL_SYSTICK_Config  stm32h7xx_hal_cortex.o
    0x08002e96   0x08002e96   0x00000002   Code   RO          381    i.HardFault_Handler  stm32h7xx_it.o
    0x08002e98   0x08002e98   0x00000068   Code   RO          268    i.MX_FDCAN1_Init    fdcan.o
    0x08002f00   0x08002f00   0x0000006c   Code   RO          269    i.MX_FDCAN2_Init    fdcan.o
    0x08002f6c   0x08002f6c   0x00000080   Code   RO          238    i.MX_GPIO_Init      gpio.o
    0x08002fec   0x08002fec   0x00000054   Code   RO          339    i.MX_SPI1_Init      spi.o
    0x08003040   0x08003040   0x00000002   Code   RO          382    i.MemManage_Handler  stm32h7xx_it.o
    0x08003042   0x08003042   0x00000002   Code   RO          383    i.NMI_Handler       stm32h7xx_it.o
    0x08003044   0x08003044   0x00000002   Code   RO          384    i.PendSV_Handler    stm32h7xx_it.o
    0x08003046   0x08003046   0x00000002   PAD
    0x08003048   0x08003048   0x00000120   Code   RO          759    i.RCCEx_PLL2_Config  stm32h7xx_hal_rcc_ex.o
    0x08003168   0x08003168   0x00000120   Code   RO          760    i.RCCEx_PLL3_Config  stm32h7xx_hal_rcc_ex.o
    0x08003288   0x08003288   0x000000bc   Code   RO         3517    i.SPI_CloseTransfer  stm32h7xx_hal_spi.o
    0x08003344   0x08003344   0x00000046   Code   RO         3534    i.SPI_WaitOnFlagUntilTimeout  stm32h7xx_hal_spi.o
    0x0800338a   0x0800338a   0x00000002   Code   RO          385    i.SVC_Handler       stm32h7xx_it.o
    0x0800338c   0x0800338c   0x00000004   Code   RO          386    i.SysTick_Handler   stm32h7xx_it.o
    0x08003390   0x08003390   0x000000dc   Code   RO           15    i.SystemClock_Config  main.o
    0x0800346c   0x0800346c   0x000000dc   Code   RO         3852    i.SystemInit        system_stm32h7xx.o
    0x08003548   0x08003548   0x00000002   Code   RO          387    i.UsageFault_Handler  stm32h7xx_it.o
    0x0800354a   0x0800354a   0x00000022   Code   RO          499    i.__NVIC_SetPriority  stm32h7xx_hal_cortex.o
    0x0800356c   0x0800356c   0x00000048   Code   RO         3895    i.__hardfp_lrintf   m_wv.l(lrintf.o)
    0x080035b4   0x080035b4   0x0000001e   Code   RO           16    i.can_port_from_motor_id  main.o
    0x080035d2   0x080035d2   0x00000002   PAD
    0x080035d4   0x080035d4   0x0000004c   Code   RO           17    i.can_send_ext      main.o
    0x08003620   0x08003620   0x00000020   Code   RO           18    i.clamp_i16         main.o
    0x08003640   0x08003640   0x0000009c   Code   RO           19    i.fill_one_motor_snapshot  main.o
    0x080036dc   0x080036dc   0x00000072   Code   RO           20    i.handle_spi_command  main.o
    0x0800374e   0x0800374e   0x00000002   PAD
    0x08003750   0x08003750   0x000001c8   Code   RO           21    i.main              main.o
    0x08003918   0x08003918   0x00000024   Code   RO           22    i.map_u16_to_float  main.o
    0x0800393c   0x0800393c   0x00000012   Code   RO           23    i.motor_config_reports_all  main.o
    0x0800394e   0x0800394e   0x00000002   PAD
    0x08003950   0x08003950   0x000000b0   Code   RO           24    i.motor_config_reports_one  main.o
    0x08003a00   0x08003a00   0x000000d8   Code   RO           25    i.parse_motor_feedback  main.o
    0x08003ad8   0x08003ad8   0x000000bc   Code   RO           26    i.prepare_snapshot_frame  main.o
    0x08003b94   0x08003b94   0x0000000e   Code   RO         3907    x$fpl$ffixr         fz_wv.l(ffix.o)
    0x08003ba2   0x08003ba2   0x0000008c   Code   RO         3933    x$fpl$fnaninf       fz_wv.l(fnaninf.o)
    0x08003c2e   0x08003c2e   0x0000000a   Code   RO         4004    x$fpl$fpinit        fz_wv.l(fpinit.o)
    0x08003c38   0x08003c38   0x00000060   Code   RO         3910    x$fpl$frnd          fz_wv.l(frnd.o)
    0x08003c98   0x08003c98   0x00000000   Code   RO         3912    x$fpl$usenofp       fz_wv.l(usenofp.o)
    0x08003c98   0x08003c98   0x00000006   Data   RO           28    .constdata          main.o
    0x08003c9e   0x08003c9e   0x00000002   PAD
    0x08003ca0   0x08003ca0   0x0000005c   Data   RO         2968    .constdata          stm32h7xx_hal_fdcan.o
    0x08003cfc   0x08003cfc   0x00000010   Data   RO         3853    .constdata          system_stm32h7xx.o
    0x08003d0c   0x08003d0c   0x00000020   Data   RO         4074    Region$$Table       anon$$obj.o


    Execution Region RW_IRAM1 (Exec base: 0x20000000, Load base: 0x08003d2c, Size: 0x00000000, Max: 0x00020000, ABSOLUTE)

    **** No section assigned to this execution region ****


    Execution Region RW_IRAM2 (Exec base: 0x24000000, Load base: 0x08003d2c, Size: 0x00000a40, Max: 0x00080000, ABSOLUTE)

    Exec Addr    Load Addr    Size         Type   Attr      Idx    E Section Name        Object

    0x24000000   0x08003d2c   0x00000030   Data   RW           29    .data               main.o
    0x24000030   0x08003d5c   0x0000000c   Data   RW          273    .data               fdcan.o
    0x2400003c   0x08003d68   0x0000000c   Data   RW         2006    .data               stm32h7xx_hal.o
    0x24000048   0x08003d74   0x00000008   Data   RW         3854    .data               system_stm32h7xx.o
    0x24000050        -       0x00000180   Zero   RW           27    .bss                main.o
    0x240001d0        -       0x00000188   Zero   RW          271    .bss                fdcan.o
    0x24000358        -       0x00000088   Zero   RW          340    .bss                spi.o
    0x240003e0        -       0x00000060   Zero   RW         3936    .bss                c_w.l(libspace.o)
    0x24000440        -       0x00000200   Zero   RW            2    HEAP                startup_stm32h750xx.o
    0x24000640        -       0x00000400   Zero   RW            1    STACK               startup_stm32h750xx.o


==============================================================================

Image component sizes


      Code (inc. data)   RO Data    RW Data    ZI Data      Debug   Object Name

       684         74          0         12        392       5120   fdcan.o
       128         10          0          0          0        903   gpio.o
      1818        126          6         48        384    1290716   main.o
       216         22          0          0        136       1669   spi.o
        64         26        664          0       1536        824   startup_stm32h750xx.o
       232         44          0         12          0      23148   stm32h7xx_hal.o
       354         28          0          0          0      41609   stm32h7xx_hal_cortex.o
      2750         50         92          0          0      21586   stm32h7xx_hal_fdcan.o
       566         50          0          0          0       2136   stm32h7xx_hal_gpio.o
        28          6          0          0          0        774   stm32h7xx_hal_msp.o
        84          6          0          0          0        773   stm32h7xx_hal_pwr_ex.o
      2326         66          0          0          0       5160   stm32h7xx_hal_rcc.o
      3052         52          0          0          0       5115   stm32h7xx_hal_rcc_ex.o
      1462         26          0          0          0       5381   stm32h7xx_hal_spi.o
        20          0          0          0          0       4010   stm32h7xx_it.o
       220         40         16          8          0       1346   system_stm32h7xx.o

    ----------------------------------------------------------------------
     14026        626        812         80       2448    1410270   Object Totals
         0          0         32          0          0          0   (incl. Generated)
        22          0          2          0          0          0   (incl. Padding)

    ----------------------------------------------------------------------

      Code (inc. data)   RO Data    RW Data    ZI Data      Debug   Library Member Name

         8          0          0          0          0         68   __main.o
         0          0          0          0          0          0   __rtentry.o
        12          0          0          0          0          0   __rtentry2.o
         6          0          0          0          0          0   __rtentry4.o
        52          8          0          0          0          0   __scatter.o
        26          0          0          0          0          0   __scatter_copy.o
        28          0          0          0          0          0   __scatter_zi.o
        22          0          0          0          0        100   _rserrno.o
        18          0          0          0          0         80   exit.o
         6          0          0          0          0        152   heapauxi.o
         0          0          0          0          0          0   indicate_semi.o
         2          0          0          0          0          0   libinit.o
         6          0          0          0          0          0   libinit2.o
         2          0          0          0          0          0   libshutdown.o
         2          0          0          0          0          0   libshutdown2.o
         8          4          0          0         96         68   libspace.o
         8          4          0          0          0         68   rt_errno_addr_intlibspace.o
        78          0          0          0          0         80   rt_memclr_w.o
       100          0          0          0          0         80   rt_memcpy_w.o
         2          0          0          0          0          0   rtexit.o
        10          0          0          0          0          0   rtexit2.o
        12          4          0          0          0         68   sys_exit.o
        74          0          0          0          0         80   sys_stackheap_outer.o
         2          0          0          0          0         68   use_no_semi.o
        14          0          0          0          0        116   ffix.o
       140          4          0          0          0        132   fnaninf.o
        10          0          0          0          0        116   fpinit.o
        96          4          0          0          0        124   frnd.o
         0          0          0          0          0          0   usenofp.o
        72          0          0          0          0        136   lrintf.o

    ----------------------------------------------------------------------
       822         28          0          0         96       1536   Library Totals
         6          0          0          0          0          0   (incl. Padding)

    ----------------------------------------------------------------------

      Code (inc. data)   RO Data    RW Data    ZI Data      Debug   Library Name

       484         20          0          0         96        912   c_w.l
       260          8          0          0          0        488   fz_wv.l
        72          0          0          0          0        136   m_wv.l

    ----------------------------------------------------------------------
       822         28          0          0         96       1536   Library Totals

    ----------------------------------------------------------------------

==============================================================================


      Code (inc. data)   RO Data    RW Data    ZI Data      Debug   

     14848        654        812         80       2544    1403142   Grand Totals
     14848        654        812         80       2544    1403142   ELF Image Totals
     14848        654        812         80          0          0   ROM Totals

==============================================================================

    Total RO  Size (Code + RO Data)                15660 (  15.29kB)
    Total RW  Size (RW Data + ZI Data)              2624 (   2.56kB)
    Total ROM Size (Code + RO Data + RW Data)      15740 (  15.37kB)

==============================================================================

